Archive member included to satisfy reference by file (symbol)

/opt/st/stm32cubeide_1.9.0_2/plugins/com.st.stm32cube.ide.mcu.externaltools.gnu-tools-for-stm32.10.3-2021.10.linux64_1.0.0.202111181127/tools/bin/../lib/gcc/arm-none-eabi/10.3.1/../../../../arm-none-eabi/lib/thumb/v7e-m+fp/hard/libstdc++_nano.a(allocator-inst.o)
                              ./Core/Src/ICM20948_WE.o (std::allocator<char>::allocator())
/opt/st/stm32cubeide_1.9.0_2/plugins/com.st.stm32cube.ide.mcu.externaltools.gnu-tools-for-stm32.10.3-2021.10.linux64_1.0.0.202111181127/tools/bin/../lib/gcc/arm-none-eabi/10.3.1/../../../../arm-none-eabi/lib/thumb/v7e-m+fp/hard/libstdc++_nano.a(functexcept.o)
                              ./Core/Src/main.o (std::__throw_invalid_argument(char const*))
/opt/st/stm32cubeide_1.9.0_2/plugins/com.st.stm32cube.ide.mcu.externaltools.gnu-tools-for-stm32.10.3-2021.10.linux64_1.0.0.202111181127/tools/bin/../lib/gcc/arm-none-eabi/10.3.1/../../../../arm-none-eabi/lib/thumb/v7e-m+fp/hard/libstdc++_nano.a(snprintf_lite.o)
                              /opt/st/stm32cubeide_1.9.0_2/plugins/com.st.stm32cube.ide.mcu.externaltools.gnu-tools-for-stm32.10.3-2021.10.linux64_1.0.0.202111181127/tools/bin/../lib/gcc/arm-none-eabi/10.3.1/../../../../arm-none-eabi/lib/thumb/v7e-m+fp/hard/libstdc++_nano.a(functexcept.o) (__gnu_cxx::__snprintf_lite(char*, unsigned int, char const*, std::__va_list))
/opt/st/stm32cubeide_1.9.0_2/plugins/com.st.stm32cube.ide.mcu.externaltools.gnu-tools-for-stm32.10.3-2021.10.linux64_1.0.0.202111181127/tools/bin/../lib/gcc/arm-none-eabi/10.3.1/../../../../arm-none-eabi/lib/thumb/v7e-m+fp/hard/libstdc++_nano.a(string-inst.o)
                              ./Core/Src/main.o (std::__cxx11::basic_string<char, std::char_traits<char>, std::allocator<char> >::~basic_string())
/opt/st/stm32cubeide_1.9.0_2/plugins/com.st.stm32cube.ide.mcu.externaltools.gnu-tools-for-stm32.10.3-2021.10.linux64_1.0.0.202111181127/tools/bin/../lib/gcc/arm-none-eabi/10.3.1/../../../../arm-none-eabi/lib/thumb/v7e-m+fp/hard/libstdc++_nano.a(del_op.o)
                              /opt/st/stm32cubeide_1.9.0_2/plugins/com.st.stm32cube.ide.mcu.externaltools.gnu-tools-for-stm32.10.3-2021.10.linux64_1.0.0.202111181127/tools/bin/../lib/gcc/arm-none-eabi/10.3.1/../../../../arm-none-eabi/lib/thumb/v7e-m+fp/hard/libstdc++_nano.a(string-inst.o) (operator delete(void*))
/opt/st/stm32cubeide_1.9.0_2/plugins/com.st.stm32cube.ide.mcu.externaltools.gnu-tools-for-stm32.10.3-2021.10.linux64_1.0.0.202111181127/tools/bin/../lib/gcc/arm-none-eabi/10.3.1/../../../../arm-none-eabi/lib/thumb/v7e-m+fp/hard/libstdc++_nano.a(new_op.o)
                              /opt/st/stm32cubeide_1.9.0_2/plugins/com.st.stm32cube.ide.mcu.externaltools.gnu-tools-for-stm32.10.3-2021.10.linux64_1.0.0.202111181127/tools/bin/../lib/gcc/arm-none-eabi/10.3.1/../../../../arm-none-eabi/lib/thumb/v7e-m+fp/hard/libstdc++_nano.a(string-inst.o) (operator new(unsigned int))
/opt/st/stm32cubeide_1.9.0_2/plugins/com.st.stm32cube.ide.mcu.externaltools.gnu-tools-for-stm32.10.3-2021.10.linux64_1.0.0.202111181127/tools/bin/../lib/gcc/arm-none-eabi/10.3.1/../../../../arm-none-eabi/lib/thumb/v7e-m+fp/hard/libstdc++_nano.a(new_handler.o)
                              /opt/st/stm32cubeide_1.9.0_2/plugins/com.st.stm32cube.ide.mcu.externaltools.gnu-tools-for-stm32.10.3-2021.10.linux64_1.0.0.202111181127/tools/bin/../lib/gcc/arm-none-eabi/10.3.1/../../../../arm-none-eabi/lib/thumb/v7e-m+fp/hard/libstdc++_nano.a(new_op.o) (std::get_new_handler())
/opt/st/stm32cubeide_1.9.0_2/plugins/com.st.stm32cube.ide.mcu.externaltools.gnu-tools-for-stm32.10.3-2021.10.linux64_1.0.0.202111181127/tools/bin/../lib/gcc/arm-none-eabi/10.3.1/../../../../arm-none-eabi/lib/thumb/v7e-m+fp/hard/libm.a(lib_a-w_pow.o)
                              ./Core/Src/ICM20948_WE.o (pow)
/opt/st/stm32cubeide_1.9.0_2/plugins/com.st.stm32cube.ide.mcu.externaltools.gnu-tools-for-stm32.10.3-2021.10.linux64_1.0.0.202111181127/tools/bin/../lib/gcc/arm-none-eabi/10.3.1/../../../../arm-none-eabi/lib/thumb/v7e-m+fp/hard/libm.a(lib_a-w_sqrt.o)
                              ./Core/Src/ICM20948_WE.o (sqrt)
/opt/st/stm32cubeide_1.9.0_2/plugins/com.st.stm32cube.ide.mcu.externaltools.gnu-tools-for-stm32.10.3-2021.10.linux64_1.0.0.202111181127/tools/bin/../lib/gcc/arm-none-eabi/10.3.1/../../../../arm-none-eabi/lib/thumb/v7e-m+fp/hard/libm.a(lib_a-wf_asin.o)
                              ./Core/Src/ICM20948_WE.o (asinf)
/opt/st/stm32cubeide_1.9.0_2/plugins/com.st.stm32cube.ide.mcu.externaltools.gnu-tools-for-stm32.10.3-2021.10.linux64_1.0.0.202111181127/tools/bin/../lib/gcc/arm-none-eabi/10.3.1/../../../../arm-none-eabi/lib/thumb/v7e-m+fp/hard/libm.a(lib_a-wf_atan2.o)
                              ./Core/Src/ICM20948_WE.o (atan2f)
[...]
Memory Configuration

Name             Origin             Length             Attributes
RAM              0x0000000020000000 0x0000000000020000 xrw
FLASH            0x0000000008000000 0x0000000000080000 xr
*default*        0x0000000000000000 0xffffffffffffffff

Linker script and memory map

LOAD /opt/st/stm32cubeide_1.9.0_2/plugins/com.st.stm32cube.ide.mcu.externaltools.gnu-tools-for-stm32.10.3-2021.10.linux64_1.0.0.202111181127/tools/bin/../lib/gcc/arm-none-eabi/10.3.1/thumb/v7e-m+fp/hard/crti.o
LOAD /opt/st/stm32cubeide_1.9.0_2/plugins/com.st.stm32cube.ide.mcu.externaltools.gnu-tools-for-stm32.10.3-2021.10.linux64_1.0.0.202111181127/tools/bin/../lib/gcc/arm-none-eabi/10.3.1/thumb/v7e-m+fp/hard/crtbegin.o
LOAD /opt/st/stm32cubeide_1.9.0_2/plugins/com.st.stm32cube.ide.mcu.externaltools.gnu-tools-for-stm32.10.3-2021.10.linux64_1.0.0.202111181127/tools/bin/../lib/gcc/arm-none-eabi/10.3.1/../../../../arm-none-eabi/lib/thumb/v7e-m+fp/hard/crt0.o
LOAD ./Core/Src/ICM20948_WE.o
LOAD ./Core/Src/main.o
LOAD ./Core/Src/stm32g4xx_hal_msp.o
LOAD ./Core/Src/stm32g4xx_it.o
LOAD ./Core/Src/sys_command_line.o
LOAD ./Core/Src/sys_queue.o
LOAD ./Core/Src/syscalls.o
LOAD ./Core/Src/sysmem.o
LOAD ./Core/Src/system_stm32g4xx.o
LOAD ./Core/Startup/startup_stm32g474retx.o
LOAD ./Drivers/STM32G4xx_HAL_Driver/Src/stm32g4xx_hal.o
LOAD ./Drivers/STM32G4xx_HAL_Driver/Src/stm32g4xx_hal_cortex.o
LOAD ./Drivers/STM32G4xx_HAL_Driver/Src/stm32g4xx_hal_dma.o
LOAD ./Drivers/STM32G4xx_HAL_Driver/Src/stm32g4xx_hal_dma_ex.o
LOAD ./Drivers/STM32G4xx_HAL_Driver/Src/stm32g4xx_hal_exti.o
LOAD ./Drivers/STM32G4xx_HAL_Driver/Src/stm32g4xx_hal_fdcan.o
LOAD ./Drivers/STM32G4xx_HAL_Driver/Src/stm32g4xx_hal_flash.o
LOAD ./Drivers/STM32G4xx_HAL_Driver/Src/stm32g4xx_hal_flash_ex.o
LOAD ./Drivers/STM32G4xx_HAL_Driver/Src/stm32g4xx_hal_flash_ramfunc.o
LOAD ./Drivers/STM32G4xx_HAL_Driver/Src/stm32g4xx_hal_gpio.o
LOAD ./Drivers/STM32G4xx_HAL_Driver/Src/stm32g4xx_hal_i2c.o
LOAD ./Drivers/STM32G4xx_HAL_Driver/Src/stm32g4xx_hal_i2c_ex.o
LOAD ./Drivers/STM32G4xx_HAL_Driver/Src/stm32g4xx_hal_pwr.o
LOAD ./Drivers/STM32G4xx_HAL_Driver/Src/stm32g4xx_hal_pwr_ex.o
LOAD ./Drivers/STM32G4xx_HAL_Driver/Src/stm32g4xx_hal_rcc.o
LOAD ./Drivers/STM32G4xx_HAL_Driver/Src/stm32g4xx_hal_rcc_ex.o
LOAD ./Drivers/STM32G4xx_HAL_Driver/Src/stm32g4xx_hal_tim.o
LOAD ./Drivers/STM32G4xx_HAL_Driver/Src/stm32g4xx_hal_tim_ex.o
LOAD ./Drivers/STM32G4xx_HAL_Driver/Src/stm32g4xx_hal_uart.o
LOAD ./Drivers/STM32G4xx_HAL_Driver/Src/stm32g4xx_hal_uart_ex.o
START GROUP
LOAD /opt/st/stm32cubeide_1.9.0_2/plugins/com.st.stm32cube.ide.mcu.externaltools.gnu-tools-for-stm32.10.3-2021.10.linux64_1.0.0.202111181127/tools/bin/../lib/gcc/arm-none-eabi/10.3.1/../../../../arm-none-eabi/lib/thumb/v7e-m+fp/hard/libstdc++_nano.a
LOAD /opt/st/stm32cubeide_1.9.0_2/plugins/com.st.stm32cube.ide.mcu.externaltools.gnu-tools-for-stm32.10.3-2021.10.linux64_1.0.0.202111181127/tools/bin/../lib/gcc/arm-none-eabi/10.3.1/../../../../arm-none-eabi/lib/thumb/v7e-m+fp/hard/libsupc++_nano.a
END GROUP
LOAD /opt/st/stm32cubeide_1.9.0_2/plugins/com.st.stm32cube.ide.mcu.externaltools.gnu-tools-for-stm32.10.3-2021.10.linux64_1.0.0.202111181127/tools/bin/../lib/gcc/arm-none-eabi/10.3.1/../../../../arm-none-eabi/lib/thumb/v7e-m+fp/hard/libstdc++_nano.a
LOAD /opt/st/stm32cubeide_1.9.0_2/plugins/com.st.stm32cube.ide.mcu.externaltools.gnu-tools-for-stm32.10.3-2021.10.linux64_1.0.0.202111181127/tools/bin/../lib/gcc/arm-none-eabi/10.3.1/../../../../arm-none-eabi/lib/thumb/v7e-m+fp/hard/libm.a
LOAD /opt/st/stm32cubeide_1.9.0_2/plugins/com.st.stm32cube.ide.mcu.externaltools.gnu-tools-for-stm32.10.3-2021.10.linux64_1.0.0.202111181127/tools/bin/../lib/gcc/arm-none-eabi/10.3.1/../../../../arm-none-eabi/lib/thumb/v7e-m+fp/hard/libc_nano.a
START GROUP
LOAD /opt/st/stm32cubeide_1.9.0_2/plugins/com.st.stm32cube.ide.mcu.externaltools.gnu-tools-for-stm32.10.3-2021.10.linux64_1.0.0.202111181127/tools/bin/../lib/gcc/arm-none-eabi/10.3.1/thumb/v7e-m+fp/hard/libgcc.a
LOAD /opt/st/stm32cubeide_1.9.0_2/plugins/com.st.stm32cube.ide.mcu.externaltools.gnu-tools-for-stm32.10.3-2021.10.linux64_1.0.0.202111181127/tools/bin/../lib/gcc/arm-none-eabi/10.3.1/../../../../arm-none-eabi/lib/thumb/v7e-m+fp/hard/libc_nano.a
END GROUP
START GROUP
LOAD /opt/st/stm32cubeide_1.9.0_2/plugins/com.st.stm32cube.ide.mcu.externaltools.gnu-tools-for-stm32.10.3-2021.10.linux64_1.0.0.202111181127/tools/bin/../lib/gcc/arm-none-eabi/10.3.1/thumb/v7e-m+fp/hard/libgcc.a
LOAD /opt/st/stm32cubeide_1.9.0_2/plugins/com.st.stm32cube.ide.mcu.externaltools.gnu-tools-for-stm32.10.3-2021.10.linux64_1.0.0.202111181127/tools/bin/../lib/gcc/arm-none-eabi/10.3.1/../../../../arm-none-eabi/lib/thumb/v7e-m+fp/hard/libc_nano.a
LOAD /opt/st/stm32cubeide_1.9.0_2/plugins/com.st.stm32cube.ide.mcu.externaltools.gnu-tools-for-stm32.10.3-2021.10.linux64_1.0.0.202111181127/tools/bin/../lib/gcc/arm-none-eabi/10.3.1/../../../../arm-none-eabi/lib/thumb/v7e-m+fp/hard/libnosys.a
END GROUP
START GROUP
LOAD /opt/st/stm32cubeide_1.9.0_2/plugins/com.st.stm32cube.ide.mcu.externaltools.gnu-tools-for-stm32.10.3-2021.10.linux64_1.0.0.202111181127/tools/bin/../lib/gcc/arm-none-eabi/10.3.1/thumb/v7e-m+fp/hard/libgcc.a
LOAD /opt/st/stm32cubeide_1.9.0_2/plugins/com.st.stm32cube.ide.mcu.externaltools.gnu-tools-for-stm32.10.3-2021.10.linux64_1.0.0.202111181127/tools/bin/../lib/gcc/arm-none-eabi/10.3.1/../../../../arm-none-eabi/lib/thumb/v7e-m+fp/hard/libc_nano.a
LOAD /opt/st/stm32cubeide_1.9.0_2/plugins/com.st.stm32cube.ide.mcu.externaltools.gnu-tools-for-stm32.10.3-2021.10.linux64_1.0.0.202111181127/tools/bin/../lib/gcc/arm-none-eabi/10.3.1/../../../../arm-none-eabi/lib/thumb/v7e-m+fp/hard/libnosys.a
END GROUP
LOAD /opt/st/stm32cubeide_1.9.0_2/plugins/com.st.stm32cube.ide.mcu.externaltools.gnu-tools-for-stm32.10.3-2021.10.linux64_1.0.0.202111181127/tools/bin/../lib/gcc/arm-none-eabi/10.3.1/thumb/v7e-m+fp/hard/crtend.o
LOAD /opt/st/stm32cubeide_1.9.0_2/plugins/com.st.stm32cube.ide.mcu.externaltools.gnu-tools-for-stm32.10.3-2021.10.linux64_1.0.0.202111181127/tools/bin/../lib/gcc/arm-none-eabi/10.3.1/thumb/v7e-m+fp/hard/crtn.o
                0x0000000020020000                _estack = (ORIGIN (RAM) + LENGTH (RAM))
                0x0000000000000200                _Min_Heap_Size = 0x200
                0x0000000000000400                _Min_Stack_Size = 0x400

.isr_vector     0x0000000008000000      0x1d8
                0x0000000008000000                . = ALIGN (0x4)
 *(.isr_vector)
 .isr_vector    0x0000000008000000      0x1d8 ./Core/Startup/startup_stm32g474retx.o
                0x0000000008000000                g_pfnVectors
                0x00000000080001d8                . = ALIGN (0x4)

.text           0x00000000080001e0     0xe5c0
                0x00000000080001e0                . = ALIGN (0x4)
 *(.text)
 .text          0x00000000080001e0       0x40 /opt/st/stm32cubeide_1.9.0_2/plugins/com.st.stm32cube.ide.mcu.externaltools.gnu-tools-for-stm32.10.3-2021.10.linux64_1.0.0.202111181127/tools/bin/../lib/gcc/arm-none-eabi/10.3.1/thumb/v7e-m+fp/hard/crtbegin.o
 .text          0x0000000008000220       0xa0 /opt/st/stm32cubeide_1.9.0_2/plugins/com.st.stm32cube.ide.mcu.externaltools.gnu-tools-for-stm32.10.3-2021.10.linux64_1.0.0.202111181127/tools/bin/../lib/gcc/arm-none-eabi/10.3.1/../../../../arm-none-eabi/lib/thumb/v7e-m+fp/hard/libc_nano.a(lib_a-memchr.o)
                0x0000000008000220                memchr
 .text          0x00000000080002c0       0x14 /opt/st/stm32cubeide_1.9.0_2/plugins/com.st.stm32cube.ide.mcu.externaltools.gnu-tools-for-stm32.10.3-2021.10.linux64_1.0.0.202111181127/tools/bin/../lib/gcc/arm-none-eabi/10.3.1/../../../../arm-none-eabi/lib/thumb/v7e-m+fp/hard/libc_nano.a(lib_a-strcmp.o)
                0x00000000080002c0                strcmp
 .text          0x00000000080002d4       0x10 /opt/st/stm32cubeide_1.9.0_2/plugins/com.st.stm32cube.ide.mcu.externaltools.gnu-tools-for-stm32.10.3-2021.10.linux64_1.0.0.202111181127/tools/bin/../lib/gcc/arm-none-eabi/10.3.1/../../../../arm-none-eabi/lib/thumb/v7e-m+fp/hard/libc_nano.a(lib_a-strlen.o)
                0x00000000080002d4                strlen
 .text          0x00000000080002e4      0x378 /opt/st/stm32cubeide_1.9.0_2/plugins/com.st.stm32cube.ide.mcu.externaltools.gnu-tools-for-stm32.10.3-2021.10.linux64_1.0.0.202111181127/tools/bin/../lib/gcc/arm-none-eabi/10.3.1/thumb/v7e-m+fp/hard/libgcc.a(_arm_addsubdf3.o)
                0x00000000080002e4                __aeabi_drsub
                0x00000000080002ec                __aeabi_dsub
                0x00000000080002ec                __subdf3
                0x00000000080002f0                __adddf3
                0x00000000080002f0                __aeabi_dadd
                0x0000000008000568                __aeabi_ui2d
                0x0000000008000568                __floatunsidf
                0x0000000008000588                __floatsidf
                0x0000000008000588                __aeabi_i2d
                0x00000000080005ac                __extendsfdf2
                0x00000000080005ac                __aeabi_f2d
                0x00000000080005f0                __aeabi_ul2d
                0x00000000080005f0                __floatundidf
                0x0000000008000600                __floatdidf
                0x0000000008000600                __aeabi_l2d
 .text          0x000000000800065c      0x424 /opt/st/stm32cubeide_1.9.0_2/plugins/com.st.stm32cube.ide.mcu.externaltools.gnu-tools-for-stm32.10.3-2021.10.linux64_1.0.0.202111181127/tools/bin/../lib/gcc/arm-none-eabi/10.3.1/thumb/v7e-m+fp/hard/libgcc.a(_arm_muldivdf3.o)
                0x000000000800065c                __aeabi_dmul
                0x000000000800065c                __muldf3
                0x00000000080008b0                __aeabi_ddiv
                0x00000000080008b0                __divdf3
 .text          0x0000000008000a80      0x110 /opt/st/stm32cubeide_1.9.0_2/plugins/com.st.stm32cube.ide.mcu.externaltools.gnu-tools-for-stm32.10.3-2021.10.linux64_1.0.0.202111181127/tools/bin/../lib/gcc/arm-none-eabi/10.3.1/thumb/v7e-m+fp/hard/libgcc.a(_arm_cmpdf2.o)
                0x0000000008000a80                __gtdf2
                0x0000000008000a80                __gedf2
                0x0000000008000a88                __ltdf2
                0x0000000008000a88                __ledf2
                0x0000000008000a90                __cmpdf2
                0x0000000008000a90                __eqdf2
                0x0000000008000a90                __nedf2
                0x0000000008000b0c                __aeabi_cdrcmple
                0x0000000008000b1c                __aeabi_cdcmple
                0x0000000008000b1c                __aeabi_cdcmpeq
                0x0000000008000b2c                __aeabi_dcmpeq
                0x0000000008000b40                __aeabi_dcmplt
                0x0000000008000b54                __aeabi_dcmple
                0x0000000008000b68                __aeabi_dcmpge
                0x0000000008000b7c                __aeabi_dcmpgt
 .text          0x0000000008000b90       0x2c /opt/st/stm32cubeide_1.9.0_2/plugins/com.st.stm32cube.ide.mcu.externaltools.gnu-tools-for-stm32.10.3-2021.10.linux64_1.0.0.202111181127/tools/bin/../lib/gcc/arm-none-eabi/10.3.1/thumb/v7e-m+fp/hard/libgcc.a(_arm_unorddf2.o)
                0x0000000008000b90                __aeabi_dcmpun
                0x0000000008000b90                __unorddf2
 .text          0x0000000008000bbc       0x50 /opt/st/stm32cubeide_1.9.0_2/plugins/com.st.stm32cube.ide.mcu.externaltools.gnu-tools-for-stm32.10.3-2021.10.linux64_1.0.0.202111181127/tools/bin/../lib/gcc/arm-none-eabi/10.3.1/thumb/v7e-m+fp/hard/libgcc.a(_arm_fixdfsi.o)
                0x0000000008000bbc                __fixdfsi
                0x0000000008000bbc                __aeabi_d2iz
 .text          0x0000000008000c0c       0x40 /opt/st/stm32cubeide_1.9.0_2/plugins/com.st.stm32cube.ide.mcu.externaltools.gnu-tools-for-stm32.10.3-2021.10.linux64_1.0.0.202111181127/tools/bin/../lib/gcc/arm-none-eabi/10.3.1/thumb/v7e-m+fp/hard/libgcc.a(_arm_fixunsdfsi.o)
                0x0000000008000c0c                __fixunsdfsi
                0x0000000008000c0c                __aeabi_d2uiz
 .text          0x0000000008000c4c       0xa0 /opt/st/stm32cubeide_1.9.0_2/plugins/com.st.stm32cube.ide.mcu.externaltools.gnu-tools-for-stm32.10.3-2021.10.linux64_1.0.0.202111181127/tools/bin/../lib/gcc/arm-none-eabi/10.3.1/thumb/v7e-m+fp/hard/libgcc.a(_arm_truncdfsf2.o)
                0x0000000008000c4c                __aeabi_d2f
                0x0000000008000c4c                __truncdfsf2
 .text          0x0000000008000cec       0x30 /opt/st/stm32cubeide_1.9.0_2/plugins/com.st.stm32cube.ide.mcu.externaltools.gnu-tools-for-stm32.10.3-2021.10.linux64_1.0.0.202111181127/tools/bin/../lib/gcc/arm-none-eabi/10.3.1/thumb/v7e-m+fp/hard/libgcc.a(_aeabi_uldivmod.o)
                0x0000000008000cec                __aeabi_uldivmod
 .text          0x0000000008000d1c       0x30 /opt/st/stm32cubeide_1.9.0_2/plugins/com.st.stm32cube.ide.mcu.externaltools.gnu-tools-for-stm32.10.3-2021.10.linux64_1.0.0.202111181127/tools/bin/../lib/gcc/arm-none-eabi/10.3.1/thumb/v7e-m+fp/hard/libgcc.a(_fixdfdi.o)
                0x0000000008000d1c                __aeabi_d2lz
                0x0000000008000d1c                __fixdfdi
 .text          0x0000000008000d4c       0x3c /opt/st/stm32cubeide_1.9.0_2/plugins/com.st.stm32cube.ide.mcu.externaltools.gnu-tools-for-stm32.10.3-2021.10.linux64_1.0.0.202111181127/tools/bin/../lib/gcc/arm-none-eabi/10.3.1/thumb/v7e-m+fp/hard/libgcc.a(_fixunsdfdi.o)
                0x0000000008000d4c                __aeabi_d2ulz
                0x0000000008000d4c                __fixunsdfdi
 .text          0x0000000008000d88      0x2d0 /opt/st/stm32cubeide_1.9.0_2/plugins/com.st.stm32cube.ide.mcu.externaltools.gnu-tools-for-stm32.10.3-2021.10.linux64_1.0.0.202111181127/tools/bin/../lib/gcc/arm-none-eabi/10.3.1/thumb/v7e-m+fp/hard/libgcc.a(_udivmoddi4.o)
                0x0000000008000d88                __udivmoddi4
 .text          0x0000000008001058        0x4 /opt/st/stm32cubeide_1.9.0_2/plugins/com.st.stm32cube.ide.mcu.externaltools.gnu-tools-for-stm32.10.3-2021.10.linux64_1.0.0.202111181127/tools/bin/../lib/gcc/arm-none-eabi/10.3.1/thumb/v7e-m+fp/hard/libgcc.a(_dvmd_tls.o)
                0x0000000008001058                __aeabi_ldiv0
                0x0000000008001058                __aeabi_idiv0
 *(.text*)
 .text._ZSt3absf
                0x000000000800105c       0x20 ./Core/Src/ICM20948_WE.o
                0x000000000800105c                std::abs(float)
 .text._ZN11ICM20948_WEC2EP19__I2C_HandleTypeDef
                0x000000000800107c       0x24 ./Core/Src/ICM20948_WE.o
                0x000000000800107c                ICM20948_WE::ICM20948_WE(__I2C_HandleTypeDef*)
                0x000000000800107c                ICM20948_WE::ICM20948_WE(__I2C_HandleTypeDef*)
 .text._ZN11ICM20948_WE4initEv
                0x00000000080010a0       0xa6 ./Core/Src/ICM20948_WE.o
                0x00000000080010a0                ICM20948_WE::init()
 *fill*         0x0000000008001146        0x2 
 .text._ZN11ICM20948_WE11autoOffsetsEv
                0x0000000008001148      0x1d4 ./Core/Src/ICM20948_WE.o
                0x0000000008001148                ICM20948_WE::autoOffsets()
 .text._ZN11ICM20948_WE13setAccOffsetsEffffff
                0x000000000800131c      0x124 ./Core/Src/ICM20948_WE.o
                0x000000000800131c                ICM20948_WE::setAccOffsets(float, float, float, float, float, float)
 .text._ZN11ICM20948_WE9enableAccEb
                0x0000000008001440       0x60 ./Core/Src/ICM20948_WE.o
                0x0000000008001440                ICM20948_WE::enableAcc(bool)
 .text._ZN11ICM20948_WE11setAccRangeE18ICM20948_ACC_RANGE
                0x00000000080014a0       0x74 ./Core/Src/ICM20948_WE.o
                0x00000000080014a0                ICM20948_WE::setAccRange(ICM20948_ACC_RANGE)
 .text._ZN11ICM20948_WE10setAccDLPFE13ICM20948_DLPF
                0x0000000008001514       0x9e ./Core/Src/ICM20948_WE.o
                0x0000000008001514                ICM20948_WE::setAccDLPF(ICM20948_DLPF)
 .text._ZN11ICM20948_WE23setAccSampleRateDividerEt
                0x00000000080015b2       0x22 ./Core/Src/ICM20948_WE.o
                0x00000000080015b2                ICM20948_WE::setAccSampleRateDivider(unsigned short)
 .text._ZN11ICM20948_WE11setGyrRangeE19ICM20948_GYRO_RANGE
                0x00000000080015d4       0x74 ./Core/Src/ICM20948_WE.o
                0x00000000080015d4                ICM20948_WE::setGyrRange(ICM20948_GYRO_RANGE)
 .text._ZN11ICM20948_WE10setGyrDLPFE13ICM20948_DLPF
                0x0000000008001648       0x9e ./Core/Src/ICM20948_WE.o
                0x0000000008001648                ICM20948_WE::setGyrDLPF(ICM20948_DLPF)
 .text._ZN11ICM20948_WE10readSensorEv
                0x00000000080016e6       0x1c ./Core/Src/ICM20948_WE.o
                0x00000000080016e6                ICM20948_WE::readSensor()
 .text._ZN11ICM20948_WE15getAccRawValuesEv
                0x0000000008001702       0xb2 ./Core/Src/ICM20948_WE.o
                0x0000000008001702                ICM20948_WE::getAccRawValues()
 .text._ZN11ICM20948_WE15getGyrRawValuesEv
                0x00000000080017b4       0xb2 ./Core/Src/ICM20948_WE.o
                0x00000000080017b4                ICM20948_WE::getGyrRawValues()
 .text._ZN11ICM20948_WE5sleepEb
                0x0000000008001866       0x64 ./Core/Src/ICM20948_WE.o
                0x0000000008001866                ICM20948_WE::sleep(bool)
 .text._ZN11ICM20948_WE10switchBankEh
                0x00000000080018ca       0x4e ./Core/Src/ICM20948_WE.o
                0x00000000080018ca                ICM20948_WE::switchBank(unsigned char)
 .text._ZN11ICM20948_WE14writeRegister8Ehhh
                0x0000000008001918       0x4e ./Core/Src/ICM20948_WE.o
                0x0000000008001918                ICM20948_WE::writeRegister8(unsigned char, unsigned char, unsigned char)
 .text._ZN11ICM20948_WE15writeRegister16Ehhs
                0x0000000008001966       0x5e ./Core/Src/ICM20948_WE.o
                0x0000000008001966                ICM20948_WE::writeRegister16(unsigned char, unsigned char, short)
 .text._ZN11ICM20948_WE13readRegister8Ehh
                0x00000000080019c4       0x56 ./Core/Src/ICM20948_WE.o
                0x00000000080019c4                ICM20948_WE::readRegister8(unsigned char, unsigned char)
 .text._ZN11ICM20948_WE11readAllDataEPh
                0x0000000008001a1a       0x4c ./Core/Src/ICM20948_WE.o
                0x0000000008001a1a                ICM20948_WE::readAllData(unsigned char*)
 .text._ZN11ICM20948_WE14reset_ICM20948Ev
                0x0000000008001a66       0x32 ./Core/Src/ICM20948_WE.o
                0x0000000008001a66                ICM20948_WE::reset_ICM20948()
 .text._ZNSt7__cxx114stoiERKNS_12basic_stringIcSt11char_traitsIcESaIcEEEPji
                0x0000000008001a98       0x34 ./Core/Src/main.o
                0x0000000008001a98                std::__cxx11::stoi(std::__cxx11::basic_string<char, std::char_traits<char>, std::allocator<char> > const&, unsigned int*, int)
 .text._Z13set_dutycycleiPPc
                0x0000000008001acc       0x84 ./Core/Src/main.o
                0x0000000008001acc                set_dutycycle(int, char**)
 .text._Z12tilt_requestiPPc
                0x0000000008001b50       0xa0 ./Core/Src/main.o
                0x0000000008001b50                tilt_request(int, char**)
 .text.main     0x0000000008001bf0      0x174 ./Core/Src/main.o
                0x0000000008001bf0                main
 .text._Z18SystemClock_Configv
                0x0000000008001d64       0xaa ./Core/Src/main.o
                0x0000000008001d64                SystemClock_Config()
 *fill*         0x0000000008001e0e        0x2 
 .text._ZL14MX_FDCAN1_Initv
                0x0000000008001e10       0x98 ./Core/Src/main.o
 .text._ZL12MX_I2C3_Initv
                0x0000000008001ea8       0x9c ./Core/Src/main.o
 .text._ZL12MX_TIM5_Initv
                0x0000000008001f44      0x124 ./Core/Src/main.o
 .text._ZL19MX_USART2_UART_Initv
                0x0000000008002068       0xc0 ./Core/Src/main.o
 .text._ZL12MX_GPIO_Initv
                0x0000000008002128      0x148 ./Core/Src/main.o
 .text.Error_Handler
                0x0000000008002270        0xa ./Core/Src/main.o
                0x0000000008002270                Error_Handler
 .text._ZZN9__gnu_cxx6__stoaIlicJiEEET0_PFT_PKT1_PPS3_DpT2_EPKcS5_PjS9_EN11_Save_errnoC2Ev
                0x000000000800227a       0x28 ./Core/Src/main.o
                0x000000000800227a                __gnu_cxx::__stoa<long, int, char, int>(long (*)(char const*, char**, int), char const*, char const*, unsigned int*, int)::_Save_errno::_Save_errno()
                0x000000000800227a                __gnu_cxx::__stoa<long, int, char, int>(long (*)(char const*, char**, int), char const*, char const*, unsigned int*, int)::_Save_errno::_Save_errno()
 .text._ZZN9__gnu_cxx6__stoaIlicJiEEET0_PFT_PKT1_PPS3_DpT2_EPKcS5_PjS9_EN11_Save_errnoD2Ev
                0x00000000080022a2       0x34 ./Core/Src/main.o
                0x00000000080022a2                __gnu_cxx::__stoa<long, int, char, int>(long (*)(char const*, char**, int), char const*, char const*, unsigned int*, int)::_Save_errno::~_Save_errno()
                0x00000000080022a2                __gnu_cxx::__stoa<long, int, char, int>(long (*)(char const*, char**, int), char const*, char const*, unsigned int*, int)::_Save_errno::~_Save_errno()
 .text._ZZN9__gnu_cxx6__stoaIlicJiEEET0_PFT_PKT1_PPS3_DpT2_EPKcS5_PjS9_EN10_Range_chk6_S_chkElSt17integral_constantIbLb1EE
                0x00000000080022d6       0x18 ./Core/Src/main.o
                0x00000000080022d6                __gnu_cxx::__stoa<long, int, char, int>(long (*)(char const*, char**, int), char const*, char const*, unsigned int*, int)::_Range_chk::_S_chk(long, std::integral_constant<bool, true>)
 .text._ZN9__gnu_cxx6__stoaIlicJiEEET0_PFT_PKT1_PPS3_DpT2_EPKcS5_PjS9_
                0x00000000080022ee       0x8a ./Core/Src/main.o
                0x00000000080022ee                int __gnu_cxx::__stoa<long, int, char, int>(long (*)(char const*, char**, int), char const*, char const*, unsigned int*, int)
 .text.HAL_MspInit
                0x0000000008002378       0x48 ./Core/Src/stm32g4xx_hal_msp.o
                0x0000000008002378                HAL_MspInit
 .text.HAL_FDCAN_MspInit
                0x00000000080023c0       0xb8 ./Core/Src/stm32g4xx_hal_msp.o
                0x00000000080023c0                HAL_FDCAN_MspInit
 .text.HAL_I2C_MspInit
                0x0000000008002478       0xb4 ./Core/Src/stm32g4xx_hal_msp.o
                0x0000000008002478                HAL_I2C_MspInit
 .text.HAL_TIM_Base_MspInit
                0x000000000800252c       0x40 ./Core/Src/stm32g4xx_hal_msp.o
                0x000000000800252c                HAL_TIM_Base_MspInit
 .text.HAL_TIM_MspPostInit
                0x000000000800256c       0x70 ./Core/Src/stm32g4xx_hal_msp.o
                0x000000000800256c                HAL_TIM_MspPostInit
 .text.HAL_UART_MspInit
                0x00000000080025dc       0xc0 ./Core/Src/stm32g4xx_hal_msp.o
                0x00000000080025dc                HAL_UART_MspInit
 .text.NMI_Handler
                0x000000000800269c        0x6 ./Core/Src/stm32g4xx_it.o
                0x000000000800269c                NMI_Handler
 .text.HardFault_Handler
                0x00000000080026a2        0x6 ./Core/Src/stm32g4xx_it.o
                0x00000000080026a2                HardFault_Handler
 .text.MemManage_Handler
                0x00000000080026a8        0x6 ./Core/Src/stm32g4xx_it.o
                0x00000000080026a8                MemManage_Handler
 .text.BusFault_Handler
                0x00000000080026ae        0x6 ./Core/Src/stm32g4xx_it.o
                0x00000000080026ae                BusFault_Handler
 .text.UsageFault_Handler
                0x00000000080026b4        0x6 ./Core/Src/stm32g4xx_it.o
                0x00000000080026b4                UsageFault_Handler
 .text.SVC_Handler
                0x00000000080026ba        0xe ./Core/Src/stm32g4xx_it.o
                0x00000000080026ba                SVC_Handler
 .text.DebugMon_Handler
                0x00000000080026c8        0xe ./Core/Src/stm32g4xx_it.o
                0x00000000080026c8                DebugMon_Handler
 .text.PendSV_Handler
                0x00000000080026d6        0xe ./Core/Src/stm32g4xx_it.o
                0x00000000080026d6                PendSV_Handler
 .text.SysTick_Handler
                0x00000000080026e4        0xc ./Core/Src/stm32g4xx_it.o
                0x00000000080026e4                SysTick_Handler
 .text.USART2_IRQHandler
                0x00000000080026f0       0x14 ./Core/Src/stm32g4xx_it.o
                0x00000000080026f0                USART2_IRQHandler
 .text.EXTI15_10_IRQHandler
                0x0000000008002704       0x10 ./Core/Src/stm32g4xx_it.o
                0x0000000008002704                EXTI15_10_IRQHandler
 .text._write   0x0000000008002714       0xc4 ./Core/Src/sys_command_line.o
                0x0000000008002714                _write
 .text.cli_history_add
                0x00000000080027d8       0xe8 ./Core/Src/sys_command_line.o
 .text.cli_history_show
                0x00000000080028c0       0xb8 ./Core/Src/sys_command_line.o
 .text.cli_init
                0x0000000008002978      0x11c ./Core/Src/sys_command_line.o
                0x0000000008002978                cli_init
 .text.HAL_UART_RxCpltCallback
                0x0000000008002a94       0x2c ./Core/Src/sys_command_line.o
                0x0000000008002a94                HAL_UART_RxCpltCallback
 .text.HAL_UART_TxCpltCallback
                0x0000000008002ac0       0x20 ./Core/Src/sys_command_line.o
                0x0000000008002ac0                HAL_UART_TxCpltCallback
 .text.cli_rx_handle
                0x0000000008002ae0      0x544 ./Core/Src/sys_command_line.o
 .text.cli_tx_handle
                0x0000000008003024       0x18 ./Core/Src/sys_command_line.o
 .text.cli_run  0x000000000800303c       0x18 ./Core/Src/sys_command_line.o
                0x000000000800303c                cli_run
 .text.greet    0x0000000008003054      0x1b0 ./Core/Src/sys_command_line.o
                0x0000000008003054                greet
 .text.cli_help
                0x0000000008003204      0x154 ./Core/Src/sys_command_line.o
                0x0000000008003204                cli_help
 .text.cli_clear
                0x0000000008003358       0x5c ./Core/Src/sys_command_line.o
                0x0000000008003358                cli_clear
 .text.cli_reset
                0x00000000080033b4       0x50 ./Core/Src/sys_command_line.o
                0x00000000080033b4                cli_reset
 .text.cli_add_command
                0x0000000008003404       0xd4 ./Core/Src/sys_command_line.o
                0x0000000008003404                cli_add_command
 .text.cli_log  0x00000000080034d8      0x1b8 ./Core/Src/sys_command_line.o
                0x00000000080034d8                cli_log
 .text.cli_disable_log_entry
                0x0000000008003690       0x64 ./Core/Src/sys_command_line.o
                0x0000000008003690                cli_disable_log_entry
 .text.cli_enable_log_entry
                0x00000000080036f4       0x64 ./Core/Src/sys_command_line.o
                0x00000000080036f4                cli_enable_log_entry
 .text.shell_queue_init
                0x0000000008003758       0x2e ./Core/Src/sys_queue.o
                0x0000000008003758                shell_queue_init
 .text.shell_queue_full
                0x0000000008003786       0x2c ./Core/Src/sys_queue.o
                0x0000000008003786                shell_queue_full
 .text.shell_queue_empty
                0x00000000080037b2       0x26 ./Core/Src/sys_queue.o
                0x00000000080037b2                shell_queue_empty
 .text.shell_queue_in
                0x00000000080037d8       0x42 ./Core/Src/sys_queue.o
                0x00000000080037d8                shell_queue_in
 .text.shell_queue_out
                0x000000000800381a       0x40 ./Core/Src/sys_queue.o
                0x000000000800381a                shell_queue_out
 .text._getpid  0x000000000800385a       0x10 ./Core/Src/syscalls.o
                0x000000000800385a                _getpid
 .text._kill    0x000000000800386a       0x20 ./Core/Src/syscalls.o
                0x000000000800386a                _kill
 .text._exit    0x000000000800388a       0x14 ./Core/Src/syscalls.o
                0x000000000800388a                _exit
 .text._read    0x000000000800389e       0x3a ./Core/Src/syscalls.o
                0x000000000800389e                _read
 .text._close   0x00000000080038d8       0x18 ./Core/Src/syscalls.o
                0x00000000080038d8                _close
 .text._fstat   0x00000000080038f0       0x20 ./Core/Src/syscalls.o
                0x00000000080038f0                _fstat
 .text._isatty  0x0000000008003910       0x16 ./Core/Src/syscalls.o
                0x0000000008003910                _isatty
 .text._lseek   0x0000000008003926       0x1a ./Core/Src/syscalls.o
                0x0000000008003926                _lseek
 .text._sbrk    0x0000000008003940       0x6c ./Core/Src/sysmem.o
                0x0000000008003940                _sbrk
 .text.SystemInit
                0x00000000080039ac       0x24 ./Core/Src/system_stm32g4xx.o
                0x00000000080039ac                SystemInit
 .text.Reset_Handler
                0x00000000080039d0       0x50 ./Core/Startup/startup_stm32g474retx.o
                0x00000000080039d0                Reset_Handler
 .text.Default_Handler
                0x0000000008003a20        0x2 ./Core/Startup/startup_stm32g474retx.o
                0x0000000008003a20                RTC_Alarm_IRQHandler
                0x0000000008003a20                EXTI2_IRQHandler
                0x0000000008003a20                TIM8_TRG_COM_IRQHandler
                0x0000000008003a20                TIM8_CC_IRQHandler
                0x0000000008003a20                HRTIM1_Master_IRQHandler
                0x0000000008003a20                SPI4_IRQHandler
                0x0000000008003a20                FDCAN3_IT0_IRQHandler
                0x0000000008003a20                TIM1_CC_IRQHandler
                0x0000000008003a20                HRTIM1_FLT_IRQHandler
                0x0000000008003a20                HRTIM1_TIMF_IRQHandler
                0x0000000008003a20                USB_HP_IRQHandler
                0x0000000008003a20                CORDIC_IRQHandler
                0x0000000008003a20                HRTIM1_TIMD_IRQHandler
                0x0000000008003a20                DMA2_Channel8_IRQHandler
                0x0000000008003a20                EXTI3_IRQHandler
                0x0000000008003a20                I2C3_ER_IRQHandler
                0x0000000008003a20                EXTI0_IRQHandler
                0x0000000008003a20                I2C2_EV_IRQHandler
                0x0000000008003a20                FPU_IRQHandler
                0x0000000008003a20                FDCAN1_IT1_IRQHandler
                0x0000000008003a20                TIM1_UP_TIM16_IRQHandler
                0x0000000008003a20                ADC1_2_IRQHandler
                0x0000000008003a20                HRTIM1_TIME_IRQHandler
                0x0000000008003a20                SPI1_IRQHandler
                0x0000000008003a20                TIM6_DAC_IRQHandler
                0x0000000008003a20                HRTIM1_TIMC_IRQHandler
                0x0000000008003a20                TIM8_UP_IRQHandler
                0x0000000008003a20                DMA2_Channel2_IRQHandler
                0x0000000008003a20                DMA1_Channel4_IRQHandler
                0x0000000008003a20                TIM20_TRG_COM_IRQHandler
                0x0000000008003a20                USART3_IRQHandler
                0x0000000008003a20                DMA1_Channel7_IRQHandler
                0x0000000008003a20                UART5_IRQHandler
                0x0000000008003a20                ADC3_IRQHandler
                0x0000000008003a20                TIM4_IRQHandler
                0x0000000008003a20                DMA2_Channel1_IRQHandler
                0x0000000008003a20                QUADSPI_IRQHandler
                0x0000000008003a20                I2C1_EV_IRQHandler
                0x0000000008003a20                DMA1_Channel6_IRQHandler
                0x0000000008003a20                UART4_IRQHandler
                0x0000000008003a20                DMA2_Channel4_IRQHandler
                0x0000000008003a20                TIM3_IRQHandler
                0x0000000008003a20                RCC_IRQHandler
                0x0000000008003a20                TIM20_UP_IRQHandler
                0x0000000008003a20                DMA1_Channel1_IRQHandler
                0x0000000008003a20                Default_Handler
                0x0000000008003a20                DMA2_Channel7_IRQHandler
                0x0000000008003a20                RTC_TAMP_LSECSS_IRQHandler
                0x0000000008003a20                FMAC_IRQHandler
                0x0000000008003a20                DMA1_Channel8_IRQHandler
                0x0000000008003a20                HRTIM1_TIMA_IRQHandler
                0x0000000008003a20                TIM7_DAC_IRQHandler
                0x0000000008003a20                FDCAN3_IT1_IRQHandler
                0x0000000008003a20                TIM5_IRQHandler
                0x0000000008003a20                UCPD1_IRQHandler
                0x0000000008003a20                I2C3_EV_IRQHandler
                0x0000000008003a20                EXTI9_5_IRQHandler
                0x0000000008003a20                RTC_WKUP_IRQHandler
                0x0000000008003a20                PVD_PVM_IRQHandler
                0x0000000008003a20                SPI2_IRQHandler
                0x0000000008003a20                ADC5_IRQHandler
                0x0000000008003a20                DMA2_Channel5_IRQHandler
                0x0000000008003a20                CRS_IRQHandler
                0x0000000008003a20                DMA1_Channel5_IRQHandler
                0x0000000008003a20                USB_LP_IRQHandler
                0x0000000008003a20                EXTI4_IRQHandler
                0x0000000008003a20                RNG_IRQHandler
                0x0000000008003a20                HRTIM1_TIMB_IRQHandler
                0x0000000008003a20                TIM1_TRG_COM_TIM17_IRQHandler
                0x0000000008003a20                FDCAN2_IT1_IRQHandler
                0x0000000008003a20                DMA1_Channel3_IRQHandler
                0x0000000008003a20                ADC4_IRQHandler
                0x0000000008003a20                WWDG_IRQHandler
                0x0000000008003a20                I2C4_EV_IRQHandler
                0x0000000008003a20                FDCAN2_IT0_IRQHandler
                0x0000000008003a20                LPUART1_IRQHandler
                0x0000000008003a20                DMA2_Channel6_IRQHandler
                0x0000000008003a20                FDCAN1_IT0_IRQHandler
                0x0000000008003a20                TIM2_IRQHandler
                0x0000000008003a20                COMP7_IRQHandler
                0x0000000008003a20                COMP1_2_3_IRQHandler
                0x0000000008003a20                EXTI1_IRQHandler
                0x0000000008003a20                COMP4_5_6_IRQHandler
                0x0000000008003a20                TIM20_BRK_IRQHandler
                0x0000000008003a20                I2C2_ER_IRQHandler
                0x0000000008003a20                DMA1_Channel2_IRQHandler
                0x0000000008003a20                TIM8_BRK_IRQHandler
                0x0000000008003a20                FLASH_IRQHandler
                0x0000000008003a20                TIM20_CC_IRQHandler
                0x0000000008003a20                USART1_IRQHandler
                0x0000000008003a20                SPI3_IRQHandler
                0x0000000008003a20                I2C1_ER_IRQHandler
                0x0000000008003a20                FMC_IRQHandler
                0x0000000008003a20                LPTIM1_IRQHandler
                0x0000000008003a20                DMAMUX_OVR_IRQHandler
                0x0000000008003a20                I2C4_ER_IRQHandler
                0x0000000008003a20                USBWakeUp_IRQHandler
                0x0000000008003a20                SAI1_IRQHandler
                0x0000000008003a20                DMA2_Channel3_IRQHandler
                0x0000000008003a20                TIM1_BRK_TIM15_IRQHandler
 .text.HAL_Init
                0x0000000008003a22       0x30 ./Drivers/STM32G4xx_HAL_Driver/Src/stm32g4xx_hal.o
                0x0000000008003a22                HAL_Init
 *fill*         0x0000000008003a52        0x2 
 .text.HAL_InitTick
                0x0000000008003a54       0x74 ./Drivers/STM32G4xx_HAL_Driver/Src/stm32g4xx_hal.o
                0x0000000008003a54                HAL_InitTick
 .text.HAL_IncTick
                0x0000000008003ac8       0x24 ./Drivers/STM32G4xx_HAL_Driver/Src/stm32g4xx_hal.o
                0x0000000008003ac8                HAL_IncTick
 .text.HAL_GetTick
                0x0000000008003aec       0x18 ./Drivers/STM32G4xx_HAL_Driver/Src/stm32g4xx_hal.o
                0x0000000008003aec                HAL_GetTick
 .text.HAL_Delay
                0x0000000008003b04       0x44 ./Drivers/STM32G4xx_HAL_Driver/Src/stm32g4xx_hal.o
                0x0000000008003b04                HAL_Delay
 .text.__NVIC_SetPriorityGrouping
                0x0000000008003b48       0x48 ./Drivers/STM32G4xx_HAL_Driver/Src/stm32g4xx_hal_cortex.o
 .text.__NVIC_GetPriorityGrouping
                0x0000000008003b90       0x1c ./Drivers/STM32G4xx_HAL_Driver/Src/stm32g4xx_hal_cortex.o
 .text.__NVIC_EnableIRQ
                0x0000000008003bac       0x3c ./Drivers/STM32G4xx_HAL_Driver/Src/stm32g4xx_hal_cortex.o
 .text.__NVIC_DisableIRQ
                0x0000000008003be8       0x48 ./Drivers/STM32G4xx_HAL_Driver/Src/stm32g4xx_hal_cortex.o
 .text.__NVIC_SetPriority
                0x0000000008003c30       0x54 ./Drivers/STM32G4xx_HAL_Driver/Src/stm32g4xx_hal_cortex.o
 .text.NVIC_EncodePriority
                0x0000000008003c84       0x66 ./Drivers/STM32G4xx_HAL_Driver/Src/stm32g4xx_hal_cortex.o
 *fill*         0x0000000008003cea        0x2 
 .text.__NVIC_SystemReset
                0x0000000008003cec       0x2c ./Drivers/STM32G4xx_HAL_Driver/Src/stm32g4xx_hal_cortex.o
 .text.SysTick_Config
                0x0000000008003d18       0x44 ./Drivers/STM32G4xx_HAL_Driver/Src/stm32g4xx_hal_cortex.o
 .text.HAL_NVIC_SetPriorityGrouping
                0x0000000008003d5c       0x16 ./Drivers/STM32G4xx_HAL_Driver/Src/stm32g4xx_hal_cortex.o
                0x0000000008003d5c                HAL_NVIC_SetPriorityGrouping
 .text.HAL_NVIC_SetPriority
                0x0000000008003d72       0x34 ./Drivers/STM32G4xx_HAL_Driver/Src/stm32g4xx_hal_cortex.o
                0x0000000008003d72                HAL_NVIC_SetPriority
 .text.HAL_NVIC_EnableIRQ
                0x0000000008003da6       0x1c ./Drivers/STM32G4xx_HAL_Driver/Src/stm32g4xx_hal_cortex.o
                0x0000000008003da6                HAL_NVIC_EnableIRQ
 .text.HAL_NVIC_DisableIRQ
                0x0000000008003dc2       0x1c ./Drivers/STM32G4xx_HAL_Driver/Src/stm32g4xx_hal_cortex.o
                0x0000000008003dc2                HAL_NVIC_DisableIRQ
 .text.HAL_NVIC_SystemReset
                0x0000000008003dde        0x8 ./Drivers/STM32G4xx_HAL_Driver/Src/stm32g4xx_hal_cortex.o
                0x0000000008003dde                HAL_NVIC_SystemReset
 .text.HAL_SYSTICK_Config
                0x0000000008003de6       0x18 ./Drivers/STM32G4xx_HAL_Driver/Src/stm32g4xx_hal_cortex.o
                0x0000000008003de6                HAL_SYSTICK_Config
 .text.HAL_DMA_Abort
                0x0000000008003dfe       0xb2 ./Drivers/STM32G4xx_HAL_Driver/Src/stm32g4xx_hal_dma.o
                0x0000000008003dfe                HAL_DMA_Abort
 .text.HAL_DMA_Abort_IT
                0x0000000008003eb0       0xce ./Drivers/STM32G4xx_HAL_Driver/Src/stm32g4xx_hal_dma.o
                0x0000000008003eb0                HAL_DMA_Abort_IT
 *fill*         0x0000000008003f7e        0x2 
 .text.HAL_FDCAN_Init
                0x0000000008003f80      0x2b4 ./Drivers/STM32G4xx_HAL_Driver/Src/stm32g4xx_hal_fdcan.o
                0x0000000008003f80                HAL_FDCAN_Init
 .text.FDCAN_CalcultateRamBlockAddresses
                0x0000000008004234       0xd8 ./Drivers/STM32G4xx_HAL_Driver/Src/stm32g4xx_hal_fdcan.o
 .text.HAL_GPIO_Init
                0x000000000800430c      0x304 ./Drivers/STM32G4xx_HAL_Driver/Src/stm32g4xx_hal_gpio.o
                0x000000000800430c                HAL_GPIO_Init
 .text.HAL_GPIO_WritePin
                0x0000000008004610       0x30 ./Drivers/STM32G4xx_HAL_Driver/Src/stm32g4xx_hal_gpio.o
                0x0000000008004610                HAL_GPIO_WritePin
 .text.HAL_GPIO_EXTI_IRQHandler
                0x0000000008004640       0x30 ./Drivers/STM32G4xx_HAL_Driver/Src/stm32g4xx_hal_gpio.o
                0x0000000008004640                HAL_GPIO_EXTI_IRQHandler
 .text.HAL_GPIO_EXTI_Callback
                0x0000000008004670       0x16 ./Drivers/STM32G4xx_HAL_Driver/Src/stm32g4xx_hal_gpio.o
                0x0000000008004670                HAL_GPIO_EXTI_Callback
 .text.HAL_I2C_Init
                0x0000000008004686      0x11e ./Drivers/STM32G4xx_HAL_Driver/Src/stm32g4xx_hal_i2c.o
                0x0000000008004686                HAL_I2C_Init
 .text.HAL_I2C_Master_Transmit
                0x00000000080047a4      0x1e8 ./Drivers/STM32G4xx_HAL_Driver/Src/stm32g4xx_hal_i2c.o
                0x00000000080047a4                HAL_I2C_Master_Transmit
 .text.HAL_I2C_Master_Receive
                0x000000000800498c      0x1ec ./Drivers/STM32G4xx_HAL_Driver/Src/stm32g4xx_hal_i2c.o
                0x000000000800498c                HAL_I2C_Master_Receive
 .text.I2C_Flush_TXDR
                0x0000000008004b78       0x48 ./Drivers/STM32G4xx_HAL_Driver/Src/stm32g4xx_hal_i2c.o
 .text.I2C_WaitOnFlagUntilTimeout
                0x0000000008004bc0       0x80 ./Drivers/STM32G4xx_HAL_Driver/Src/stm32g4xx_hal_i2c.o
 .text.I2C_WaitOnTXISFlagUntilTimeout
                0x0000000008004c40       0x80 ./Drivers/STM32G4xx_HAL_Driver/Src/stm32g4xx_hal_i2c.o
 .text.I2C_WaitOnSTOPFlagUntilTimeout
                0x0000000008004cc0       0x78 ./Drivers/STM32G4xx_HAL_Driver/Src/stm32g4xx_hal_i2c.o
 .text.I2C_WaitOnRXNEFlagUntilTimeout
                0x0000000008004d38       0xf4 ./Drivers/STM32G4xx_HAL_Driver/Src/stm32g4xx_hal_i2c.o
 .text.I2C_IsErrorOccurred
                0x0000000008004e2c      0x1d8 ./Drivers/STM32G4xx_HAL_Driver/Src/stm32g4xx_hal_i2c.o
 .text.I2C_TransferConfig
                0x0000000008005004       0x64 ./Drivers/STM32G4xx_HAL_Driver/Src/stm32g4xx_hal_i2c.o
 .text.HAL_I2CEx_ConfigAnalogFilter
                0x0000000008005068       0x96 ./Drivers/STM32G4xx_HAL_Driver/Src/stm32g4xx_hal_i2c_ex.o
                0x0000000008005068                HAL_I2CEx_ConfigAnalogFilter
 .text.HAL_I2CEx_ConfigDigitalFilter
                0x00000000080050fe       0x98 ./Drivers/STM32G4xx_HAL_Driver/Src/stm32g4xx_hal_i2c_ex.o
                0x00000000080050fe                HAL_I2CEx_ConfigDigitalFilter
 *fill*         0x0000000008005196        0x2 
 .text.HAL_PWREx_ControlVoltageScaling
                0x0000000008005198      0x148 ./Drivers/STM32G4xx_HAL_Driver/Src/stm32g4xx_hal_pwr_ex.o
                0x0000000008005198                HAL_PWREx_ControlVoltageScaling
 .text.HAL_PWREx_DisableUCPDDeadBattery
                0x00000000080052e0       0x20 ./Drivers/STM32G4xx_HAL_Driver/Src/stm32g4xx_hal_pwr_ex.o
                0x00000000080052e0                HAL_PWREx_DisableUCPDDeadBattery
 .text.HAL_RCC_OscConfig
                0x0000000008005300      0x630 ./Drivers/STM32G4xx_HAL_Driver/Src/stm32g4xx_hal_rcc.o
                0x0000000008005300                HAL_RCC_OscConfig
 .text.HAL_RCC_ClockConfig
                0x0000000008005930      0x278 ./Drivers/STM32G4xx_HAL_Driver/Src/stm32g4xx_hal_rcc.o
                0x0000000008005930                HAL_RCC_ClockConfig
 .text.HAL_RCC_GetSysClockFreq
                0x0000000008005ba8       0xc4 ./Drivers/STM32G4xx_HAL_Driver/Src/stm32g4xx_hal_rcc.o
                0x0000000008005ba8                HAL_RCC_GetSysClockFreq
 .text.HAL_RCC_GetHCLKFreq
                0x0000000008005c6c       0x18 ./Drivers/STM32G4xx_HAL_Driver/Src/stm32g4xx_hal_rcc.o
                0x0000000008005c6c                HAL_RCC_GetHCLKFreq
 .text.HAL_RCC_GetPCLK1Freq
                0x0000000008005c84       0x2c ./Drivers/STM32G4xx_HAL_Driver/Src/stm32g4xx_hal_rcc.o
                0x0000000008005c84                HAL_RCC_GetPCLK1Freq
 .text.HAL_RCC_GetPCLK2Freq
                0x0000000008005cb0       0x2c ./Drivers/STM32G4xx_HAL_Driver/Src/stm32g4xx_hal_rcc.o
                0x0000000008005cb0                HAL_RCC_GetPCLK2Freq
 .text.RCC_GetSysClockFreqFromPLLSource
                0x0000000008005cdc       0x8c ./Drivers/STM32G4xx_HAL_Driver/Src/stm32g4xx_hal_rcc.o
 .text.HAL_RCCEx_PeriphCLKConfig
                0x0000000008005d68      0x49c ./Drivers/STM32G4xx_HAL_Driver/Src/stm32g4xx_hal_rcc_ex.o
                0x0000000008005d68                HAL_RCCEx_PeriphCLKConfig
 .text.HAL_TIM_Base_Init
                0x0000000008006204       0xae ./Drivers/STM32G4xx_HAL_Driver/Src/stm32g4xx_hal_tim.o
                0x0000000008006204                HAL_TIM_Base_Init
 .text.HAL_TIM_PWM_Init
                0x00000000080062b2       0xae ./Drivers/STM32G4xx_HAL_Driver/Src/stm32g4xx_hal_tim.o
                0x00000000080062b2                HAL_TIM_PWM_Init
 .text.HAL_TIM_PWM_MspInit
                0x0000000008006360       0x14 ./Drivers/STM32G4xx_HAL_Driver/Src/stm32g4xx_hal_tim.o
                0x0000000008006360                HAL_TIM_PWM_MspInit
 .text.HAL_TIM_PWM_Start
                0x0000000008006374      0x224 ./Drivers/STM32G4xx_HAL_Driver/Src/stm32g4xx_hal_tim.o
                0x0000000008006374                HAL_TIM_PWM_Start
 .text.HAL_TIM_PWM_ConfigChannel
                0x0000000008006598      0x228 ./Drivers/STM32G4xx_HAL_Driver/Src/stm32g4xx_hal_tim.o
                0x0000000008006598                HAL_TIM_PWM_ConfigChannel
 .text.HAL_TIM_ConfigClockSource
                0x00000000080067c0      0x22c ./Drivers/STM32G4xx_HAL_Driver/Src/stm32g4xx_hal_tim.o
                0x00000000080067c0                HAL_TIM_ConfigClockSource
 .text.TIM_Base_SetConfig
                0x00000000080069ec      0x150 ./Drivers/STM32G4xx_HAL_Driver/Src/stm32g4xx_hal_tim.o
                0x00000000080069ec                TIM_Base_SetConfig
 .text.TIM_OC1_SetConfig
                0x0000000008006b3c      0x134 ./Drivers/STM32G4xx_HAL_Driver/Src/stm32g4xx_hal_tim.o
 .text.TIM_OC2_SetConfig
                0x0000000008006c70      0x128 ./Drivers/STM32G4xx_HAL_Driver/Src/stm32g4xx_hal_tim.o
                0x0000000008006c70                TIM_OC2_SetConfig
 .text.TIM_OC3_SetConfig
                0x0000000008006d98      0x124 ./Drivers/STM32G4xx_HAL_Driver/Src/stm32g4xx_hal_tim.o
 .text.TIM_OC4_SetConfig
                0x0000000008006ebc      0x128 ./Drivers/STM32G4xx_HAL_Driver/Src/stm32g4xx_hal_tim.o
 .text.TIM_OC5_SetConfig
                0x0000000008006fe4       0xd4 ./Drivers/STM32G4xx_HAL_Driver/Src/stm32g4xx_hal_tim.o
 .text.TIM_OC6_SetConfig
                0x00000000080070b8       0xd8 ./Drivers/STM32G4xx_HAL_Driver/Src/stm32g4xx_hal_tim.o
 .text.TIM_TI1_ConfigInputStage
                0x0000000008007190       0x5e ./Drivers/STM32G4xx_HAL_Driver/Src/stm32g4xx_hal_tim.o
 .text.TIM_TI2_ConfigInputStage
                0x00000000080071ee       0x60 ./Drivers/STM32G4xx_HAL_Driver/Src/stm32g4xx_hal_tim.o
 .text.TIM_ITRx_SetConfig
                0x000000000800724e       0x3a ./Drivers/STM32G4xx_HAL_Driver/Src/stm32g4xx_hal_tim.o
 .text.TIM_ETR_SetConfig
                0x0000000008007288       0x40 ./Drivers/STM32G4xx_HAL_Driver/Src/stm32g4xx_hal_tim.o
                0x0000000008007288                TIM_ETR_SetConfig
 .text.TIM_CCxChannelCmd
                0x00000000080072c8       0x4a ./Drivers/STM32G4xx_HAL_Driver/Src/stm32g4xx_hal_tim.o
                0x00000000080072c8                TIM_CCxChannelCmd
 *fill*         0x0000000008007312        0x2 
 .text.HAL_TIMEx_MasterConfigSynchronization
                0x0000000008007314      0x12c ./Drivers/STM32G4xx_HAL_Driver/Src/stm32g4xx_hal_tim_ex.o
                0x0000000008007314                HAL_TIMEx_MasterConfigSynchronization
 .text.HAL_UART_Init
                0x0000000008007440       0xa0 ./Drivers/STM32G4xx_HAL_Driver/Src/stm32g4xx_hal_uart.o
                0x0000000008007440                HAL_UART_Init
 .text.HAL_UART_Transmit
                0x00000000080074e0      0x12c ./Drivers/STM32G4xx_HAL_Driver/Src/stm32g4xx_hal_uart.o
                0x00000000080074e0                HAL_UART_Transmit
 .text.HAL_UART_Transmit_IT
                0x000000000800760c      0x150 ./Drivers/STM32G4xx_HAL_Driver/Src/stm32g4xx_hal_uart.o
                0x000000000800760c                HAL_UART_Transmit_IT
 .text.HAL_UART_Receive_IT
                0x000000000800775c       0xac ./Drivers/STM32G4xx_HAL_Driver/Src/stm32g4xx_hal_uart.o
                0x000000000800775c                HAL_UART_Receive_IT
 .text.HAL_UART_IRQHandler
                0x0000000008007808      0x630 ./Drivers/STM32G4xx_HAL_Driver/Src/stm32g4xx_hal_uart.o
                0x0000000008007808                HAL_UART_IRQHandler
 .text.HAL_UART_ErrorCallback
                0x0000000008007e38       0x14 ./Drivers/STM32G4xx_HAL_Driver/Src/stm32g4xx_hal_uart.o
                0x0000000008007e38                HAL_UART_ErrorCallback
 .text.HAL_UARTEx_RxEventCallback
                0x0000000008007e4c       0x18 ./Drivers/STM32G4xx_HAL_Driver/Src/stm32g4xx_hal_uart.o
                0x0000000008007e4c                HAL_UARTEx_RxEventCallback
 .text.UART_SetConfig
                0x0000000008007e64      0x5f8 ./Drivers/STM32G4xx_HAL_Driver/Src/stm32g4xx_hal_uart.o
                0x0000000008007e64                UART_SetConfig
 .text.UART_AdvFeatureConfig
                0x000000000800845c      0x144 ./Drivers/STM32G4xx_HAL_Driver/Src/stm32g4xx_hal_uart.o
                0x000000000800845c                UART_AdvFeatureConfig
 .text.UART_CheckIdleState
                0x00000000080085a0       0x96 ./Drivers/STM32G4xx_HAL_Driver/Src/stm32g4xx_hal_uart.o
                0x00000000080085a0                UART_CheckIdleState
 .text.UART_WaitOnFlagUntilTimeout
                0x0000000008008636      0x190 ./Drivers/STM32G4xx_HAL_Driver/Src/stm32g4xx_hal_uart.o
                0x0000000008008636                UART_WaitOnFlagUntilTimeout
 *fill*         0x00000000080087c6        0x2 
 .text.UART_Start_Receive_IT
                0x00000000080087c8      0x254 ./Drivers/STM32G4xx_HAL_Driver/Src/stm32g4xx_hal_uart.o
                0x00000000080087c8                UART_Start_Receive_IT
 .text.UART_EndRxTransfer
                0x0000000008008a1c       0xcc ./Drivers/STM32G4xx_HAL_Driver/Src/stm32g4xx_hal_uart.o
 .text.UART_DMAAbortOnError
                0x0000000008008ae8       0x2c ./Drivers/STM32G4xx_HAL_Driver/Src/stm32g4xx_hal_uart.o
 .text.UART_TxISR_8BIT
                0x0000000008008b14       0xb8 ./Drivers/STM32G4xx_HAL_Driver/Src/stm32g4xx_hal_uart.o
 .text.UART_TxISR_16BIT
                0x0000000008008bcc       0xc2 ./Drivers/STM32G4xx_HAL_Driver/Src/stm32g4xx_hal_uart.o
 .text.UART_TxISR_8BIT_FIFOEN
                0x0000000008008c8e       0xe0 ./Drivers/STM32G4xx_HAL_Driver/Src/stm32g4xx_hal_uart.o
 .text.UART_TxISR_16BIT_FIFOEN
                0x0000000008008d6e       0xea ./Drivers/STM32G4xx_HAL_Driver/Src/stm32g4xx_hal_uart.o
 .text.UART_EndTransmit_IT
                0x0000000008008e58       0x56 ./Drivers/STM32G4xx_HAL_Driver/Src/stm32g4xx_hal_uart.o
 .text.UART_RxISR_8BIT
                0x0000000008008eae      0x160 ./Drivers/STM32G4xx_HAL_Driver/Src/stm32g4xx_hal_uart.o
 .text.UART_RxISR_16BIT
                0x000000000800900e      0x160 ./Drivers/STM32G4xx_HAL_Driver/Src/stm32g4xx_hal_uart.o
 *fill*         0x000000000800916e        0x2 
 .text.UART_RxISR_8BIT_FIFOEN
                0x0000000008009170      0x2f8 ./Drivers/STM32G4xx_HAL_Driver/Src/stm32g4xx_hal_uart.o
 .text.UART_RxISR_16BIT_FIFOEN
                0x0000000008009468      0x300 ./Drivers/STM32G4xx_HAL_Driver/Src/stm32g4xx_hal_uart.o
 .text.HAL_UARTEx_WakeupCallback
                0x0000000008009768       0x14 ./Drivers/STM32G4xx_HAL_Driver/Src/stm32g4xx_hal_uart_ex.o
                0x0000000008009768                HAL_UARTEx_WakeupCallback
 .text.HAL_UARTEx_RxFifoFullCallback
                0x000000000800977c       0x14 ./Drivers/STM32G4xx_HAL_Driver/Src/stm32g4xx_hal_uart_ex.o
                0x000000000800977c                HAL_UARTEx_RxFifoFullCallback
 .text.HAL_UARTEx_TxFifoEmptyCallback
                0x0000000008009790       0x14 ./Drivers/STM32G4xx_HAL_Driver/Src/stm32g4xx_hal_uart_ex.o
                0x0000000008009790                HAL_UARTEx_TxFifoEmptyCallback
 .text.HAL_UARTEx_DisableFifoMode
                0x00000000080097a4       0x72 ./Drivers/STM32G4xx_HAL_Driver/Src/stm32g4xx_hal_uart_ex.o
                0x00000000080097a4                HAL_UARTEx_DisableFifoMode
 .text.HAL_UARTEx_SetTxFifoThreshold
                0x0000000008009816       0x7c ./Drivers/STM32G4xx_HAL_Driver/Src/stm32g4xx_hal_uart_ex.o
                0x0000000008009816                HAL_UARTEx_SetTxFifoThreshold
 .text.HAL_UARTEx_SetRxFifoThreshold
                0x0000000008009892       0x7c ./Drivers/STM32G4xx_HAL_Driver/Src/stm32g4xx_hal_uart_ex.o
                0x0000000008009892                HAL_UARTEx_SetRxFifoThreshold
 *fill*         0x000000000800990e        0x2 
 .text.UARTEx_SetNbDataToProcess
                0x0000000008009910       0x9c ./Drivers/STM32G4xx_HAL_Driver/Src/stm32g4xx_hal_uart_ex.o
 .text._ZNSaIcEC2Ev
                0x00000000080099ac        0x2 /opt/st/stm32cubeide_1.9.0_2/plugins/com.st.stm32cube.ide.mcu.externaltools.gnu-tools-for-stm32.10.3-2021.10.linux64_1.0.0.202111181127/tools/bin/../lib/gcc/arm-none-eabi/10.3.1/../../../../arm-none-eabi/lib/thumb/v7e-m+fp/hard/libstdc++_nano.a(allocator-inst.o)
                0x00000000080099ac                std::allocator<char>::allocator()
                0x00000000080099ac                std::allocator<char>::allocator()
 .text._ZNSaIcED2Ev
                0x00000000080099ae        0x2 /opt/st/stm32cubeide_1.9.0_2/plugins/com.st.stm32cube.ide.mcu.externaltools.gnu-tools-for-stm32.10.3-2021.10.linux64_1.0.0.202111181127/tools/bin/../lib/gcc/arm-none-eabi/10.3.1/../../../../arm-none-eabi/lib/thumb/v7e-m+fp/hard/libstdc++_nano.a(allocator-inst.o)
                0x00000000080099ae                std::allocator<char>::~allocator()
                0x00000000080099ae                std::allocator<char>::~allocator()
 .text.unlikely._ZSt17__throw_bad_allocv
                0x00000000080099b0        0x6 /opt/st/stm32cubeide_1.9.0_2/plugins/com.st.stm32cube.ide.mcu.externaltools.gnu-tools-for-stm32.10.3-2021.10.linux64_1.0.0.202111181127/tools/bin/../lib/gcc/arm-none-eabi/10.3.1/../../../../arm-none-eabi/lib/thumb/v7e-m+fp/hard/libstdc++_nano.a(functexcept.o)
                0x00000000080099b0                std::__throw_bad_alloc()
 .text.unlikely._ZSt19__throw_logic_errorPKc
                0x00000000080099b6        0x6 /opt/st/stm32cubeide_1.9.0_2/plugins/com.st.stm32cube.ide.mcu.externaltools.gnu-tools-for-stm32.10.3-2021.10.linux64_1.0.0.202111181127/tools/bin/../lib/gcc/arm-none-eabi/10.3.1/../../../../arm-none-eabi/lib/thumb/v7e-m+fp/hard/libstdc++_nano.a(functexcept.o)
                0x00000000080099b6                std::__throw_logic_error(char const*)
 .text.unlikely._ZSt24__throw_invalid_argumentPKc
                0x00000000080099bc        0x6 /opt/st/stm32cubeide_1.9.0_2/plugins/com.st.stm32cube.ide.mcu.externaltools.gnu-tools-for-stm32.10.3-2021.10.linux64_1.0.0.202111181127/tools/bin/../lib/gcc/arm-none-eabi/10.3.1/../../../../arm-none-eabi/lib/thumb/v7e-m+fp/hard/libstdc++_nano.a(functexcept.o)
                0x00000000080099bc                std::__throw_invalid_argument(char const*)
 .text.unlikely._ZSt20__throw_length_errorPKc
                0x00000000080099c2        0x6 /opt/st/stm32cubeide_1.9.0_2/plugins/com.st.stm32cube.ide.mcu.externaltools.gnu-tools-for-stm32.10.3-2021.10.linux64_1.0.0.202111181127/tools/bin/../lib/gcc/arm-none-eabi/10.3.1/../../../../arm-none-eabi/lib/thumb/v7e-m+fp/hard/libstdc++_nano.a(functexcept.o)
                0x00000000080099c2                std::__throw_length_error(char const*)
 .text.unlikely._ZSt20__throw_out_of_rangePKc
                0x00000000080099c8        0x6 /opt/st/stm32cubeide_1.9.0_2/plugins/com.st.stm32cube.ide.mcu.externaltools.gnu-tools-for-stm32.10.3-2021.10.linux64_1.0.0.202111181127/tools/bin/../lib/gcc/arm-none-eabi/10.3.1/../../../../arm-none-eabi/lib/thumb/v7e-m+fp/hard/libstdc++_nano.a(functexcept.o)
                0x00000000080099c8                std::__throw_out_of_range(char const*)
 .text._ZNSt11char_traitsIcE4copyEPcPKcj.isra.0
                0x00000000080099ce        0x8 /opt/st/stm32cubeide_1.9.0_2/plugins/com.st.stm32cube.ide.mcu.externaltools.gnu-tools-for-stm32.10.3-2021.10.linux64_1.0.0.202111181127/tools/bin/../lib/gcc/arm-none-eabi/10.3.1/../../../../arm-none-eabi/lib/thumb/v7e-m+fp/hard/libstdc++_nano.a(string-inst.o)
 *fill*         0x00000000080099d6        0x2 
 .text._ZNSt7__cxx1112basic_stringIcSt11char_traitsIcESaIcEE9_M_createERjj
                0x00000000080099d8       0x44 /opt/st/stm32cubeide_1.9.0_2/plugins/com.st.stm32cube.ide.mcu.externaltools.gnu-tools-for-stm32.10.3-2021.10.linux64_1.0.0.202111181127/tools/bin/../lib/gcc/arm-none-eabi/10.3.1/../../../../arm-none-eabi/lib/thumb/v7e-m+fp/hard/libstdc++_nano.a(string-inst.o)
                0x00000000080099d8                std::__cxx11::basic_string<char, std::char_traits<char>, std::allocator<char> >::_M_create(unsigned int&, unsigned int)
 .text._ZNSt7__cxx1112basic_stringIcSt11char_traitsIcESaIcEE10_M_disposeEv
                0x0000000008009a1c       0x10 /opt/st/stm32cubeide_1.9.0_2/plugins/com.st.stm32cube.ide.mcu.externaltools.gnu-tools-for-stm32.10.3-2021.10.linux64_1.0.0.202111181127/tools/bin/../lib/gcc/arm-none-eabi/10.3.1/../../../../arm-none-eabi/lib/thumb/v7e-m+fp/hard/libstdc++_nano.a(string-inst.o)
                0x0000000008009a1c                std::__cxx11::basic_string<char, std::char_traits<char>, std::allocator<char> >::_M_dispose()
 .text._ZNSt7__cxx1112basic_stringIcSt11char_traitsIcESaIcEE7_S_copyEPcPKcj
                0x0000000008009a2c       0x18 /opt/st/stm32cubeide_1.9.0_2/plugins/com.st.stm32cube.ide.mcu.externaltools.gnu-tools-for-stm32.10.3-2021.10.linux64_1.0.0.202111181127/tools/bin/../lib/gcc/arm-none-eabi/10.3.1/../../../../arm-none-eabi/lib/thumb/v7e-m+fp/hard/libstdc++_nano.a(string-inst.o)
                0x0000000008009a2c                std::__cxx11::basic_string<char, std::char_traits<char>, std::allocator<char> >::_S_copy(char*, char const*, unsigned int)
 .text._ZNSt7__cxx1112basic_stringIcSt11char_traitsIcESaIcEE13_S_copy_charsEPcPKcS7_
                0x0000000008009a44        0xa /opt/st/stm32cubeide_1.9.0_2/plugins/com.st.stm32cube.ide.mcu.externaltools.gnu-tools-for-stm32.10.3-2021.10.linux64_1.0.0.202111181127/tools/bin/../lib/gcc/arm-none-eabi/10.3.1/../../../../arm-none-eabi/lib/thumb/v7e-m+fp/hard/libstdc++_nano.a(string-inst.o)
                0x0000000008009a44                std::__cxx11::basic_string<char, std::char_traits<char>, std::allocator<char> >::_S_copy_chars(char*, char const*, char const*)
 .text._ZNSt7__cxx1112basic_stringIcSt11char_traitsIcESaIcEED2Ev
                0x0000000008009a4e        0xc /opt/st/stm32cubeide_1.9.0_2/plugins/com.st.stm32cube.ide.mcu.externaltools.gnu-tools-for-stm32.10.3-2021.10.linux64_1.0.0.202111181127/tools/bin/../lib/gcc/arm-none-eabi/10.3.1/../../../../arm-none-eabi/lib/thumb/v7e-m+fp/hard/libstdc++_nano.a(string-inst.o)
                0x0000000008009a4e                std::__cxx11::basic_string<char, std::char_traits<char>, std::allocator<char> >::~basic_string()
                0x0000000008009a4e                std::__cxx11::basic_string<char, std::char_traits<char>, std::allocator<char> >::~basic_string()
 .text._ZNKSt7__cxx1112basic_stringIcSt11char_traitsIcESaIcEE5c_strEv
                0x0000000008009a5a        0x4 /opt/st/stm32cubeide_1.9.0_2/plugins/com.st.stm32cube.ide.mcu.externaltools.gnu-tools-for-stm32.10.3-2021.10.linux64_1.0.0.202111181127/tools/bin/../lib/gcc/arm-none-eabi/10.3.1/../../../../arm-none-eabi/lib/thumb/v7e-m+fp/hard/libstdc++_nano.a(string-inst.o)
                0x0000000008009a5a                std::__cxx11::basic_string<char, std::char_traits<char>, std::allocator<char> >::c_str() const
 *fill*         0x0000000008009a5e        0x2 
 .text._ZNSt7__cxx1112basic_stringIcSt11char_traitsIcESaIcEE12_M_constructIPKcEEvT_S8_St20forward_iterator_tag
                0x0000000008009a60       0x48 /opt/st/stm32cubeide_1.9.0_2/plugins/com.st.stm32cube.ide.mcu.externaltools.gnu-tools-for-stm32.10.3-2021.10.linux64_1.0.0.202111181127/tools/bin/../lib/gcc/arm-none-eabi/10.3.1/../../../../arm-none-eabi/lib/thumb/v7e-m+fp/hard/libstdc++_nano.a(string-inst.o)
                0x0000000008009a60                void std::__cxx11::basic_string<char, std::char_traits<char>, std::allocator<char> >::_M_construct<char const*>(char const*, char const*, std::forward_iterator_tag)
 .text._ZNSt7__cxx1112basic_stringIcSt11char_traitsIcESaIcEEC2EPKcRKS3_
                0x0000000008009aa8       0x2a /opt/st/stm32cubeide_1.9.0_2/plugins/com.st.stm32cube.ide.mcu.externaltools.gnu-tools-for-stm32.10.3-2021.10.linux64_1.0.0.202111181127/tools/bin/../lib/gcc/arm-none-eabi/10.3.1/../../../../arm-none-eabi/lib/thumb/v7e-m+fp/hard/libstdc++_nano.a(string-inst.o)
                0x0000000008009aa8                std::__cxx11::basic_string<char, std::char_traits<char>, std::allocator<char> >::basic_string(char const*, std::allocator<char> const&)
                0x0000000008009aa8                std::__cxx11::basic_string<char, std::char_traits<char>, std::allocator<char> >::basic_string(char const*, std::allocator<char> const&)
 .text._ZdlPv   0x0000000008009ad2        0x4 /opt/st/stm32cubeide_1.9.0_2/plugins/com.st.stm32cube.ide.mcu.externaltools.gnu-tools-for-stm32.10.3-2021.10.linux64_1.0.0.202111181127/tools/bin/../lib/gcc/arm-none-eabi/10.3.1/../../../../arm-none-eabi/lib/thumb/v7e-m+fp/hard/libstdc++_nano.a(del_op.o)
                0x0000000008009ad2                operator delete(void*)
 .text._Znwj    0x0000000008009ad6       0x22 /opt/st/stm32cubeide_1.9.0_2/plugins/com.st.stm32cube.ide.mcu.externaltools.gnu-tools-for-stm32.10.3-2021.10.linux64_1.0.0.202111181127/tools/bin/../lib/gcc/arm-none-eabi/10.3.1/../../../../arm-none-eabi/lib/thumb/v7e-m+fp/hard/libstdc++_nano.a(new_op.o)
                0x0000000008009ad6                operator new(unsigned int)
 .text._ZSt15get_new_handlerv
                0x0000000008009af8       0x10 /opt/st/stm32cubeide_1.9.0_2/plugins/com.st.stm32cube.ide.mcu.externaltools.gnu-tools-for-stm32.10.3-2021.10.linux64_1.0.0.202111181127/tools/bin/../lib/gcc/arm-none-eabi/10.3.1/../../../../arm-none-eabi/lib/thumb/v7e-m+fp/hard/libstdc++_nano.a(new_handler.o)
                0x0000000008009af8                std::get_new_handler()
 .text.nanf     0x0000000008009b08        0xc /opt/st/stm32cubeide_1.9.0_2/plugins/com.st.stm32cube.ide.mcu.externaltools.gnu-tools-for-stm32.10.3-2021.10.linux64_1.0.0.202111181127/tools/bin/../lib/gcc/arm-none-eabi/10.3.1/../../../../arm-none-eabi/lib/thumb/v7e-m+fp/hard/libm.a(lib_a-sf_nan.o)
                0x0000000008009b08                nanf
 .text.abort    0x0000000008009b14        0xe /opt/st/stm32cubeide_1.9.0_2/plugins/com.st.stm32cube.ide.mcu.externaltools.gnu-tools-for-stm32.10.3-2021.10.linux64_1.0.0.202111181127/tools/bin/../lib/gcc/arm-none-eabi/10.3.1/../../../../arm-none-eabi/lib/thumb/v7e-m+fp/hard/libc_nano.a(lib_a-abort.o)
                0x0000000008009b14                abort
 *fill*         0x0000000008009b22        0x2 
 .text.__errno  0x0000000008009b24        0xc /opt/st/stm32cubeide_1.9.0_2/plugins/com.st.stm32cube.ide.mcu.externaltools.gnu-tools-for-stm32.10.3-2021.10.linux64_1.0.0.202111181127/tools/bin/../lib/gcc/arm-none-eabi/10.3.1/../../../../arm-none-eabi/lib/thumb/v7e-m+fp/hard/libc_nano.a(lib_a-errno.o)
                0x0000000008009b24                __errno
 .text.__sflush_r
                0x0000000008009b30      0x10c /opt/st/stm32cubeide_1.9.0_2/plugins/com.st.stm32cube.ide.mcu.externaltools.gnu-tools-for-stm32.10.3-2021.10.linux64_1.0.0.202111181127/tools/bin/../lib/gcc/arm-none-eabi/10.3.1/../../../../arm-none-eabi/lib/thumb/v7e-m+fp/hard/libc_nano.a(lib_a-fflush.o)
                0x0000000008009b30                __sflush_r
 .text._fflush_r
                0x0000000008009c3c       0x78 /opt/st/stm32cubeide_1.9.0_2/plugins/com.st.stm32cube.ide.mcu.externaltools.gnu-tools-for-stm32.10.3-2021.10.linux64_1.0.0.202111181127/tools/bin/../lib/gcc/arm-none-eabi/10.3.1/../../../../arm-none-eabi/lib/thumb/v7e-m+fp/hard/libc_nano.a(lib_a-fflush.o)
                0x0000000008009c3c                _fflush_r
 .text.fflush   0x0000000008009cb4       0x24 /opt/st/stm32cubeide_1.9.0_2/plugins/com.st.stm32cube.ide.mcu.externaltools.gnu-tools-for-stm32.10.3-2021.10.linux64_1.0.0.202111181127/tools/bin/../lib/gcc/arm-none-eabi/10.3.1/../../../../arm-none-eabi/lib/thumb/v7e-m+fp/hard/libc_nano.a(lib_a-fflush.o)
                0x0000000008009cb4                fflush
 .text.std      0x0000000008009cd8       0x48 /opt/st/stm32cubeide_1.9.0_2/plugins/com.st.stm32cube.ide.mcu.externaltools.gnu-tools-for-stm32.10.3-2021.10.linux64_1.0.0.202111181127/tools/bin/../lib/gcc/arm-none-eabi/10.3.1/../../../../arm-none-eabi/lib/thumb/v7e-m+fp/hard/libc_nano.a(lib_a-findfp.o)
 .text._cleanup_r
                0x0000000008009d20        0xc /opt/st/stm32cubeide_1.9.0_2/plugins/com.st.stm32cube.ide.mcu.externaltools.gnu-tools-for-stm32.10.3-2021.10.linux64_1.0.0.202111181127/tools/bin/../lib/gcc/arm-none-eabi/10.3.1/../../../../arm-none-eabi/lib/thumb/v7e-m+fp/hard/libc_nano.a(lib_a-findfp.o)
                0x0000000008009d20                _cleanup_r
 .text.__sfmoreglue
                0x0000000008009d2c       0x2c /opt/st/stm32cubeide_1.9.0_2/plugins/com.st.stm32cube.ide.mcu.externaltools.gnu-tools-for-stm32.10.3-2021.10.linux64_1.0.0.202111181127/tools/bin/../lib/gcc/arm-none-eabi/10.3.1/../../../../arm-none-eabi/lib/thumb/v7e-m+fp/hard/libc_nano.a(lib_a-findfp.o)
                0x0000000008009d2c                __sfmoreglue
 .text.__sfp_lock_acquire
                0x0000000008009d58        0xc /opt/st/stm32cubeide_1.9.0_2/plugins/com.st.stm32cube.ide.mcu.externaltools.gnu-tools-for-stm32.10.3-2021.10.linux64_1.0.0.202111181127/tools/bin/../lib/gcc/arm-none-eabi/10.3.1/../../../../arm-none-eabi/lib/thumb/v7e-m+fp/hard/libc_nano.a(lib_a-findfp.o)
                0x0000000008009d58                __sfp_lock_acquire
 .text.__sfp_lock_release
                0x0000000008009d64        0xc /opt/st/stm32cubeide_1.9.0_2/plugins/com.st.stm32cube.ide.mcu.externaltools.gnu-tools-for-stm32.10.3-2021.10.linux64_1.0.0.202111181127/tools/bin/../lib/gcc/arm-none-eabi/10.3.1/../../../../arm-none-eabi/lib/thumb/v7e-m+fp/hard/libc_nano.a(lib_a-findfp.o)
                0x0000000008009d64                __sfp_lock_release
 .text.__sinit_lock_acquire
                0x0000000008009d70        0xc /opt/st/stm32cubeide_1.9.0_2/plugins/com.st.stm32cube.ide.mcu.externaltools.gnu-tools-for-stm32.10.3-2021.10.linux64_1.0.0.202111181127/tools/bin/../lib/gcc/arm-none-eabi/10.3.1/../../../../arm-none-eabi/lib/thumb/v7e-m+fp/hard/libc_nano.a(lib_a-findfp.o)
                0x0000000008009d70                __sinit_lock_acquire
 .text.__sinit_lock_release
                0x0000000008009d7c        0xc /opt/st/stm32cubeide_1.9.0_2/plugins/com.st.stm32cube.ide.mcu.externaltools.gnu-tools-for-stm32.10.3-2021.10.linux64_1.0.0.202111181127/tools/bin/../lib/gcc/arm-none-eabi/10.3.1/../../../../arm-none-eabi/lib/thumb/v7e-m+fp/hard/libc_nano.a(lib_a-findfp.o)
                0x0000000008009d7c                __sinit_lock_release
 .text.__sinit  0x0000000008009d88       0x70 /opt/st/stm32cubeide_1.9.0_2/plugins/com.st.stm32cube.ide.mcu.externaltools.gnu-tools-for-stm32.10.3-2021.10.linux64_1.0.0.202111181127/tools/bin/../lib/gcc/arm-none-eabi/10.3.1/../../../../arm-none-eabi/lib/thumb/v7e-m+fp/hard/libc_nano.a(lib_a-findfp.o)
                0x0000000008009d88                __sinit
 .text.__sfp    0x0000000008009df8       0x8c /opt/st/stm32cubeide_1.9.0_2/plugins/com.st.stm32cube.ide.mcu.externaltools.gnu-tools-for-stm32.10.3-2021.10.linux64_1.0.0.202111181127/tools/bin/../lib/gcc/arm-none-eabi/10.3.1/../../../../arm-none-eabi/lib/thumb/v7e-m+fp/hard/libc_nano.a(lib_a-findfp.o)
                0x0000000008009df8                __sfp
 .text.fprintf  0x0000000008009e84       0x24 /opt/st/stm32cubeide_1.9.0_2/plugins/com.st.stm32cube.ide.mcu.externaltools.gnu-tools-for-stm32.10.3-2021.10.linux64_1.0.0.202111181127/tools/bin/../lib/gcc/arm-none-eabi/10.3.1/../../../../arm-none-eabi/lib/thumb/v7e-m+fp/hard/libc_nano.a(lib_a-fprintf.o)
                0x0000000008009e84                fprintf
                0x0000000008009e84                fiprintf
 .text._fwalk_reent
                0x0000000008009ea8       0x3e /opt/st/stm32cubeide_1.9.0_2/plugins/com.st.stm32cube.ide.mcu.externaltools.gnu-tools-for-stm32.10.3-2021.10.linux64_1.0.0.202111181127/tools/bin/../lib/gcc/arm-none-eabi/10.3.1/../../../../arm-none-eabi/lib/thumb/v7e-m+fp/hard/libc_nano.a(lib_a-fwalk.o)
                0x0000000008009ea8                _fwalk_reent
 *fill*         0x0000000008009ee6        0x2 
 .text.__libc_init_array
                0x0000000008009ee8       0x48 /opt/st/stm32cubeide_1.9.0_2/plugins/com.st.stm32cube.ide.mcu.externaltools.gnu-tools-for-stm32.10.3-2021.10.linux64_1.0.0.202111181127/tools/bin/../lib/gcc/arm-none-eabi/10.3.1/../../../../arm-none-eabi/lib/thumb/v7e-m+fp/hard/libc_nano.a(lib_a-init.o)
                0x0000000008009ee8                __libc_init_array
 .text.__retarget_lock_init_recursive
                0x0000000008009f30        0x2 /opt/st/stm32cubeide_1.9.0_2/plugins/com.st.stm32cube.ide.mcu.externaltools.gnu-tools-for-stm32.10.3-2021.10.linux64_1.0.0.202111181127/tools/bin/../lib/gcc/arm-none-eabi/10.3.1/../../../../arm-none-eabi/lib/thumb/v7e-m+fp/hard/libc_nano.a(lib_a-lock.o)
                0x0000000008009f30                __retarget_lock_init_recursive
 .text.__retarget_lock_acquire_recursive
                0x0000000008009f32        0x2 /opt/st/stm32cubeide_1.9.0_2/plugins/com.st.stm32cube.ide.mcu.externaltools.gnu-tools-for-stm32.10.3-2021.10.linux64_1.0.0.202111181127/tools/bin/../lib/gcc/arm-none-eabi/10.3.1/../../../../arm-none-eabi/lib/thumb/v7e-m+fp/hard/libc_nano.a(lib_a-lock.o)
                0x0000000008009f32                __retarget_lock_acquire_recursive
 .text.__retarget_lock_release_recursive
                0x0000000008009f34        0x2 /opt/st/stm32cubeide_1.9.0_2/plugins/com.st.stm32cube.ide.mcu.externaltools.gnu-tools-for-stm32.10.3-2021.10.linux64_1.0.0.202111181127/tools/bin/../lib/gcc/arm-none-eabi/10.3.1/../../../../arm-none-eabi/lib/thumb/v7e-m+fp/hard/libc_nano.a(lib_a-lock.o)
                0x0000000008009f34                __retarget_lock_release_recursive
 *fill*         0x0000000008009f36        0x2 
 .text.malloc   0x0000000008009f38       0x10 /opt/st/stm32cubeide_1.9.0_2/plugins/com.st.stm32cube.ide.mcu.externaltools.gnu-tools-for-stm32.10.3-2021.10.linux64_1.0.0.202111181127/tools/bin/../lib/gcc/arm-none-eabi/10.3.1/../../../../arm-none-eabi/lib/thumb/v7e-m+fp/hard/libc_nano.a(lib_a-malloc.o)
                0x0000000008009f38                malloc
 .text.free     0x0000000008009f48       0x10 /opt/st/stm32cubeide_1.9.0_2/plugins/com.st.stm32cube.ide.mcu.externaltools.gnu-tools-for-stm32.10.3-2021.10.linux64_1.0.0.202111181127/tools/bin/../lib/gcc/arm-none-eabi/10.3.1/../../../../arm-none-eabi/lib/thumb/v7e-m+fp/hard/libc_nano.a(lib_a-malloc.o)
                0x0000000008009f48                free
 .text.memcmp   0x0000000008009f58       0x20 /opt/st/stm32cubeide_1.9.0_2/plugins/com.st.stm32cube.ide.mcu.externaltools.gnu-tools-for-stm32.10.3-2021.10.linux64_1.0.0.202111181127/tools/bin/../lib/gcc/arm-none-eabi/10.3.1/../../../../arm-none-eabi/lib/thumb/v7e-m+fp/hard/libc_nano.a(lib_a-memcmp.o)
                0x0000000008009f58                memcmp
 .text.memcpy   0x0000000008009f78       0x1c /opt/st/stm32cubeide_1.9.0_2/plugins/com.st.stm32cube.ide.mcu.externaltools.gnu-tools-for-stm32.10.3-2021.10.linux64_1.0.0.202111181127/tools/bin/../lib/gcc/arm-none-eabi/10.3.1/../../../../arm-none-eabi/lib/thumb/v7e-m+fp/hard/libc_nano.a(lib_a-memcpy-stub.o)
                0x0000000008009f78                memcpy
 .text.memmove  0x0000000008009f94       0x34 /opt/st/stm32cubeide_1.9.0_2/plugins/com.st.stm32cube.ide.mcu.externaltools.gnu-tools-for-stm32.10.3-2021.10.linux64_1.0.0.202111181127/tools/bin/../lib/gcc/arm-none-eabi/10.3.1/../../../../arm-none-eabi/lib/thumb/v7e-m+fp/hard/libc_nano.a(lib_a-memmove.o)
                0x0000000008009f94                memmove
 .text.memset   0x0000000008009fc8       0x10 /opt/st/stm32cubeide_1.9.0_2/plugins/com.st.stm32cube.ide.mcu.externaltools.gnu-tools-for-stm32.10.3-2021.10.linux64_1.0.0.202111181127/tools/bin/../lib/gcc/arm-none-eabi/10.3.1/../../../../arm-none-eabi/lib/thumb/v7e-m+fp/hard/libc_nano.a(lib_a-memset.o)
                0x0000000008009fc8                memset
 .text._free_r  0x0000000008009fd8       0x98 /opt/st/stm32cubeide_1.9.0_2/plugins/com.st.stm32cube.ide.mcu.externaltools.gnu-tools-for-stm32.10.3-2021.10.linux64_1.0.0.202111181127/tools/bin/../lib/gcc/arm-none-eabi/10.3.1/../../../../arm-none-eabi/lib/thumb/v7e-m+fp/hard/libc_nano.a(lib_a-nano-freer.o)
                0x0000000008009fd8                _free_r
 .text.sbrk_aligned
                0x000000000800a070       0x40 /opt/st/stm32cubeide_1.9.0_2/plugins/com.st.stm32cube.ide.mcu.externaltools.gnu-tools-for-stm32.10.3-2021.10.linux64_1.0.0.202111181127/tools/bin/../lib/gcc/arm-none-eabi/10.3.1/../../../../arm-none-eabi/lib/thumb/v7e-m+fp/hard/libc_nano.a(lib_a-nano-mallocr.o)
 .text._malloc_r
                0x000000000800a0b0       0xe8 /opt/st/stm32cubeide_1.9.0_2/plugins/com.st.stm32cube.ide.mcu.externaltools.gnu-tools-for-stm32.10.3-2021.10.linux64_1.0.0.202111181127/tools/bin/../lib/gcc/arm-none-eabi/10.3.1/../../../../arm-none-eabi/lib/thumb/v7e-m+fp/hard/libc_nano.a(lib_a-nano-mallocr.o)
                0x000000000800a0b0                _malloc_r
 .text.__sfputc_r
                0x000000000800a198       0x2e /opt/st/stm32cubeide_1.9.0_2/plugins/com.st.stm32cube.ide.mcu.externaltools.gnu-tools-for-stm32.10.3-2021.10.linux64_1.0.0.202111181127/tools/bin/../lib/gcc/arm-none-eabi/10.3.1/../../../../arm-none-eabi/lib/thumb/v7e-m+fp/hard/libc_nano.a(lib_a-nano-vfprintf.o)
 .text.__sfputs_r
                0x000000000800a1c6       0x24 /opt/st/stm32cubeide_1.9.0_2/plugins/com.st.stm32cube.ide.mcu.externaltools.gnu-tools-for-stm32.10.3-2021.10.linux64_1.0.0.202111181127/tools/bin/../lib/gcc/arm-none-eabi/10.3.1/../../../../arm-none-eabi/lib/thumb/v7e-m+fp/hard/libc_nano.a(lib_a-nano-vfprintf.o)
                0x000000000800a1c6                __sfputs_r
 *fill*         0x000000000800a1ea        0x2 
 .text._vfprintf_r
                0x000000000800a1ec      0x260 /opt/st/stm32cubeide_1.9.0_2/plugins/com.st.stm32cube.ide.mcu.externaltools.gnu-tools-for-stm32.10.3-2021.10.linux64_1.0.0.202111181127/tools/bin/../lib/gcc/arm-none-eabi/10.3.1/../../../../arm-none-eabi/lib/thumb/v7e-m+fp/hard/libc_nano.a(lib_a-nano-vfprintf.o)
                0x000000000800a1ec                _vfiprintf_r
                0x000000000800a1ec                _vfprintf_r
 .text.__cvt    0x000000000800a44c       0xc4 /opt/st/stm32cubeide_1.9.0_2/plugins/com.st.stm32cube.ide.mcu.externaltools.gnu-tools-for-stm32.10.3-2021.10.linux64_1.0.0.202111181127/tools/bin/../lib/gcc/arm-none-eabi/10.3.1/../../../../arm-none-eabi/lib/thumb/v7e-m+fp/hard/libc_nano.a(lib_a-nano-vfprintf_float.o)
                0x000000000800a44c                __cvt
 .text.__exponent
                0x000000000800a510       0x7c /opt/st/stm32cubeide_1.9.0_2/plugins/com.st.stm32cube.ide.mcu.externaltools.gnu-tools-for-stm32.10.3-2021.10.linux64_1.0.0.202111181127/tools/bin/../lib/gcc/arm-none-eabi/10.3.1/../../../../arm-none-eabi/lib/thumb/v7e-m+fp/hard/libc_nano.a(lib_a-nano-vfprintf_float.o)
                0x000000000800a510                __exponent
 .text._printf_float
                0x000000000800a58c      0x46c /opt/st/stm32cubeide_1.9.0_2/plugins/com.st.stm32cube.ide.mcu.externaltools.gnu-tools-for-stm32.10.3-2021.10.linux64_1.0.0.202111181127/tools/bin/../lib/gcc/arm-none-eabi/10.3.1/../../../../arm-none-eabi/lib/thumb/v7e-m+fp/hard/libc_nano.a(lib_a-nano-vfprintf_float.o)
                0x000000000800a58c                _printf_float
 .text._printf_common
                0x000000000800a9f8       0xda /opt/st/stm32cubeide_1.9.0_2/plugins/com.st.stm32cube.ide.mcu.externaltools.gnu-tools-for-stm32.10.3-2021.10.linux64_1.0.0.202111181127/tools/bin/../lib/gcc/arm-none-eabi/10.3.1/../../../../arm-none-eabi/lib/thumb/v7e-m+fp/hard/libc_nano.a(lib_a-nano-vfprintf_i.o)
                0x000000000800a9f8                _printf_common
 *fill*         0x000000000800aad2        0x2 
 .text._printf_i
                0x000000000800aad4      0x24c /opt/st/stm32cubeide_1.9.0_2/plugins/com.st.stm32cube.ide.mcu.externaltools.gnu-tools-for-stm32.10.3-2021.10.linux64_1.0.0.202111181127/tools/bin/../lib/gcc/arm-none-eabi/10.3.1/../../../../arm-none-eabi/lib/thumb/v7e-m+fp/hard/libc_nano.a(lib_a-nano-vfprintf_i.o)
                0x000000000800aad4                _printf_i
 .text._scanf_float
                0x000000000800ad20      0x420 /opt/st/stm32cubeide_1.9.0_2/plugins/com.st.stm32cube.ide.mcu.externaltools.gnu-tools-for-stm32.10.3-2021.10.linux64_1.0.0.202111181127/tools/bin/../lib/gcc/arm-none-eabi/10.3.1/../../../../arm-none-eabi/lib/thumb/v7e-m+fp/hard/libc_nano.a(lib_a-nano-vfscanf_float.o)
                0x000000000800ad20                _scanf_float
 .text.printf   0x000000000800b140       0x30 /opt/st/stm32cubeide_1.9.0_2/plugins/com.st.stm32cube.ide.mcu.externaltools.gnu-tools-for-stm32.10.3-2021.10.linux64_1.0.0.202111181127/tools/bin/../lib/gcc/arm-none-eabi/10.3.1/../../../../arm-none-eabi/lib/thumb/v7e-m+fp/hard/libc_nano.a(lib_a-printf.o)
                0x000000000800b140                printf
                0x000000000800b140                iprintf
 .text.putchar  0x000000000800b170       0x2c /opt/st/stm32cubeide_1.9.0_2/plugins/com.st.stm32cube.ide.mcu.externaltools.gnu-tools-for-stm32.10.3-2021.10.linux64_1.0.0.202111181127/tools/bin/../lib/gcc/arm-none-eabi/10.3.1/../../../../arm-none-eabi/lib/thumb/v7e-m+fp/hard/libc_nano.a(lib_a-putchar.o)
                0x000000000800b170                putchar
 .text._puts_r  0x000000000800b19c       0xdc /opt/st/stm32cubeide_1.9.0_2/plugins/com.st.stm32cube.ide.mcu.externaltools.gnu-tools-for-stm32.10.3-2021.10.linux64_1.0.0.202111181127/tools/bin/../lib/gcc/arm-none-eabi/10.3.1/../../../../arm-none-eabi/lib/thumb/v7e-m+fp/hard/libc_nano.a(lib_a-puts.o)
                0x000000000800b19c                _puts_r
 .text.puts     0x000000000800b278       0x10 /opt/st/stm32cubeide_1.9.0_2/plugins/com.st.stm32cube.ide.mcu.externaltools.gnu-tools-for-stm32.10.3-2021.10.linux64_1.0.0.202111181127/tools/bin/../lib/gcc/arm-none-eabi/10.3.1/../../../../arm-none-eabi/lib/thumb/v7e-m+fp/hard/libc_nano.a(lib_a-puts.o)
                0x000000000800b278                puts
 .text._sbrk_r  0x000000000800b288       0x20 /opt/st/stm32cubeide_1.9.0_2/plugins/com.st.stm32cube.ide.mcu.externaltools.gnu-tools-for-stm32.10.3-2021.10.linux64_1.0.0.202111181127/tools/bin/../lib/gcc/arm-none-eabi/10.3.1/../../../../arm-none-eabi/lib/thumb/v7e-m+fp/hard/libc_nano.a(lib_a-sbrkr.o)
                0x000000000800b288                _sbrk_r
 .text._raise_r
                0x000000000800b2a8       0x50 /opt/st/stm32cubeide_1.9.0_2/plugins/com.st.stm32cube.ide.mcu.externaltools.gnu-tools-for-stm32.10.3-2021.10.linux64_1.0.0.202111181127/tools/bin/../lib/gcc/arm-none-eabi/10.3.1/../../../../arm-none-eabi/lib/thumb/v7e-m+fp/hard/libc_nano.a(lib_a-signal.o)
                0x000000000800b2a8                _raise_r
 .text.raise    0x000000000800b2f8       0x10 /opt/st/stm32cubeide_1.9.0_2/plugins/com.st.stm32cube.ide.mcu.externaltools.gnu-tools-for-stm32.10.3-2021.10.linux64_1.0.0.202111181127/tools/bin/../lib/gcc/arm-none-eabi/10.3.1/../../../../arm-none-eabi/lib/thumb/v7e-m+fp/hard/libc_nano.a(lib_a-signal.o)
                0x000000000800b2f8                raise
 .text._kill_r  0x000000000800b308       0x24 /opt/st/stm32cubeide_1.9.0_2/plugins/com.st.stm32cube.ide.mcu.externaltools.gnu-tools-for-stm32.10.3-2021.10.linux64_1.0.0.202111181127/tools/bin/../lib/gcc/arm-none-eabi/10.3.1/../../../../arm-none-eabi/lib/thumb/v7e-m+fp/hard/libc_nano.a(lib_a-signalr.o)
                0x000000000800b308                _kill_r
 .text._getpid_r
                0x000000000800b32c        0x4 /opt/st/stm32cubeide_1.9.0_2/plugins/com.st.stm32cube.ide.mcu.externaltools.gnu-tools-for-stm32.10.3-2021.10.linux64_1.0.0.202111181127/tools/bin/../lib/gcc/arm-none-eabi/10.3.1/../../../../arm-none-eabi/lib/thumb/v7e-m+fp/hard/libc_nano.a(lib_a-signalr.o)
                0x000000000800b32c                _getpid_r
 .text.sprintf  0x000000000800b330       0x40 /opt/st/stm32cubeide_1.9.0_2/plugins/com.st.stm32cube.ide.mcu.externaltools.gnu-tools-for-stm32.10.3-2021.10.linux64_1.0.0.202111181127/tools/bin/../lib/gcc/arm-none-eabi/10.3.1/../../../../arm-none-eabi/lib/thumb/v7e-m+fp/hard/libc_nano.a(lib_a-sprintf.o)
                0x000000000800b330                sprintf
                0x000000000800b330                siprintf
 .text.__sread  0x000000000800b370       0x22 /opt/st/stm32cubeide_1.9.0_2/plugins/com.st.stm32cube.ide.mcu.externaltools.gnu-tools-for-stm32.10.3-2021.10.linux64_1.0.0.202111181127/tools/bin/../lib/gcc/arm-none-eabi/10.3.1/../../../../arm-none-eabi/lib/thumb/v7e-m+fp/hard/libc_nano.a(lib_a-stdio.o)
                0x000000000800b370                __sread
 .text.__swrite
                0x000000000800b392       0x38 /opt/st/stm32cubeide_1.9.0_2/plugins/com.st.stm32cube.ide.mcu.externaltools.gnu-tools-for-stm32.10.3-2021.10.linux64_1.0.0.202111181127/tools/bin/../lib/gcc/arm-none-eabi/10.3.1/../../../../arm-none-eabi/lib/thumb/v7e-m+fp/hard/libc_nano.a(lib_a-stdio.o)
                0x000000000800b392                __swrite
 .text.__sseek  0x000000000800b3ca       0x24 /opt/st/stm32cubeide_1.9.0_2/plugins/com.st.stm32cube.ide.mcu.externaltools.gnu-tools-for-stm32.10.3-2021.10.linux64_1.0.0.202111181127/tools/bin/../lib/gcc/arm-none-eabi/10.3.1/../../../../arm-none-eabi/lib/thumb/v7e-m+fp/hard/libc_nano.a(lib_a-stdio.o)
                0x000000000800b3ca                __sseek
 .text.__sclose
                0x000000000800b3ee        0x8 /opt/st/stm32cubeide_1.9.0_2/plugins/com.st.stm32cube.ide.mcu.externaltools.gnu-tools-for-stm32.10.3-2021.10.linux64_1.0.0.202111181127/tools/bin/../lib/gcc/arm-none-eabi/10.3.1/../../../../arm-none-eabi/lib/thumb/v7e-m+fp/hard/libc_nano.a(lib_a-stdio.o)
                0x000000000800b3ee                __sclose
 .text.strcpy   0x000000000800b3f6       0x10 /opt/st/stm32cubeide_1.9.0_2/plugins/com.st.stm32cube.ide.mcu.externaltools.gnu-tools-for-stm32.10.3-2021.10.linux64_1.0.0.202111181127/tools/bin/../lib/gcc/arm-none-eabi/10.3.1/../../../../arm-none-eabi/lib/thumb/v7e-m+fp/hard/libc_nano.a(lib_a-strcpy.o)
                0x000000000800b3f6                strcpy
 .text.strstr   0x000000000800b406       0x2c /opt/st/stm32cubeide_1.9.0_2/plugins/com.st.stm32cube.ide.mcu.externaltools.gnu-tools-for-stm32.10.3-2021.10.linux64_1.0.0.202111181127/tools/bin/../lib/gcc/arm-none-eabi/10.3.1/../../../../arm-none-eabi/lib/thumb/v7e-m+fp/hard/libc_nano.a(lib_a-strstr.o)
                0x000000000800b406                strstr
 .text.sulp     0x000000000800b432       0x38 /opt/st/stm32cubeide_1.9.0_2/plugins/com.st.stm32cube.ide.mcu.externaltools.gnu-tools-for-stm32.10.3-2021.10.linux64_1.0.0.202111181127/tools/bin/../lib/gcc/arm-none-eabi/10.3.1/../../../../arm-none-eabi/lib/thumb/v7e-m+fp/hard/libc_nano.a(lib_a-strtod.o)
 *fill*         0x000000000800b46a        0x6 
 .text._strtod_l
                0x000000000800b470      0xc0c /opt/st/stm32cubeide_1.9.0_2/plugins/com.st.stm32cube.ide.mcu.externaltools.gnu-tools-for-stm32.10.3-2021.10.linux64_1.0.0.202111181127/tools/bin/../lib/gcc/arm-none-eabi/10.3.1/../../../../arm-none-eabi/lib/thumb/v7e-m+fp/hard/libc_nano.a(lib_a-strtod.o)
                0x000000000800b470                _strtod_l
 .text._strtod_r
                0x000000000800c07c        0xc /opt/st/stm32cubeide_1.9.0_2/plugins/com.st.stm32cube.ide.mcu.externaltools.gnu-tools-for-stm32.10.3-2021.10.linux64_1.0.0.202111181127/tools/bin/../lib/gcc/arm-none-eabi/10.3.1/../../../../arm-none-eabi/lib/thumb/v7e-m+fp/hard/libc_nano.a(lib_a-strtod.o)
                0x000000000800c07c                _strtod_r
 .text.strtok   0x000000000800c088       0x68 /opt/st/stm32cubeide_1.9.0_2/plugins/com.st.stm32cube.ide.mcu.externaltools.gnu-tools-for-stm32.10.3-2021.10.linux64_1.0.0.202111181127/tools/bin/../lib/gcc/arm-none-eabi/10.3.1/../../../../arm-none-eabi/lib/thumb/v7e-m+fp/hard/libc_nano.a(lib_a-strtok.o)
                0x000000000800c088                strtok
 .text.__strtok_r
                0x000000000800c0f0       0x50 /opt/st/stm32cubeide_1.9.0_2/plugins/com.st.stm32cube.ide.mcu.externaltools.gnu-tools-for-stm32.10.3-2021.10.linux64_1.0.0.202111181127/tools/bin/../lib/gcc/arm-none-eabi/10.3.1/../../../../arm-none-eabi/lib/thumb/v7e-m+fp/hard/libc_nano.a(lib_a-strtok_r.o)
                0x000000000800c0f0                __strtok_r
 .text._strtol_l.constprop.0
                0x000000000800c140      0x104 /opt/st/stm32cubeide_1.9.0_2/plugins/com.st.stm32cube.ide.mcu.externaltools.gnu-tools-for-stm32.10.3-2021.10.linux64_1.0.0.202111181127/tools/bin/../lib/gcc/arm-none-eabi/10.3.1/../../../../arm-none-eabi/lib/thumb/v7e-m+fp/hard/libc_nano.a(lib_a-strtol.o)
 .text._strtol_r
                0x000000000800c244        0x4 /opt/st/stm32cubeide_1.9.0_2/plugins/com.st.stm32cube.ide.mcu.externaltools.gnu-tools-for-stm32.10.3-2021.10.linux64_1.0.0.202111181127/tools/bin/../lib/gcc/arm-none-eabi/10.3.1/../../../../arm-none-eabi/lib/thumb/v7e-m+fp/hard/libc_nano.a(lib_a-strtol.o)
                0x000000000800c244                _strtol_r
 .text.strtol   0x000000000800c248       0x14 /opt/st/stm32cubeide_1.9.0_2/plugins/com.st.stm32cube.ide.mcu.externaltools.gnu-tools-for-stm32.10.3-2021.10.linux64_1.0.0.202111181127/tools/bin/../lib/gcc/arm-none-eabi/10.3.1/../../../../arm-none-eabi/lib/thumb/v7e-m+fp/hard/libc_nano.a(lib_a-strtol.o)
                0x000000000800c248                strtol
 .text.__swbuf_r
                0x000000000800c25c       0xa4 /opt/st/stm32cubeide_1.9.0_2/plugins/com.st.stm32cube.ide.mcu.externaltools.gnu-tools-for-stm32.10.3-2021.10.linux64_1.0.0.202111181127/tools/bin/../lib/gcc/arm-none-eabi/10.3.1/../../../../arm-none-eabi/lib/thumb/v7e-m+fp/hard/libc_nano.a(lib_a-wbuf.o)
                0x000000000800c25c                __swbuf_r
 .text._write_r
                0x000000000800c300       0x24 /opt/st/stm32cubeide_1.9.0_2/plugins/com.st.stm32cube.ide.mcu.externaltools.gnu-tools-for-stm32.10.3-2021.10.linux64_1.0.0.202111181127/tools/bin/../lib/gcc/arm-none-eabi/10.3.1/../../../../arm-none-eabi/lib/thumb/v7e-m+fp/hard/libc_nano.a(lib_a-writer.o)
                0x000000000800c300                _write_r
 .text.__swsetup_r
                0x000000000800c324       0xdc /opt/st/stm32cubeide_1.9.0_2/plugins/com.st.stm32cube.ide.mcu.externaltools.gnu-tools-for-stm32.10.3-2021.10.linux64_1.0.0.202111181127/tools/bin/../lib/gcc/arm-none-eabi/10.3.1/../../../../arm-none-eabi/lib/thumb/v7e-m+fp/hard/libc_nano.a(lib_a-wsetup.o)
                0x000000000800c324                __swsetup_r
 .text.__assert_func
                0x000000000800c400       0x3c /opt/st/stm32cubeide_1.9.0_2/plugins/com.st.stm32cube.ide.mcu.externaltools.gnu-tools-for-stm32.10.3-2021.10.linux64_1.0.0.202111181127/tools/bin/../lib/gcc/arm-none-eabi/10.3.1/../../../../arm-none-eabi/lib/thumb/v7e-m+fp/hard/libc_nano.a(lib_a-assert.o)
                0x000000000800c400                __assert_func
 .text._close_r
                0x000000000800c43c       0x20 /opt/st/stm32cubeide_1.9.0_2/plugins/com.st.stm32cube.ide.mcu.externaltools.gnu-tools-for-stm32.10.3-2021.10.linux64_1.0.0.202111181127/tools/bin/../lib/gcc/arm-none-eabi/10.3.1/../../../../arm-none-eabi/lib/thumb/v7e-m+fp/hard/libc_nano.a(lib_a-closer.o)
                0x000000000800c43c                _close_r
 .text.quorem   0x000000000800c45c      0x116 /opt/st/stm32cubeide_1.9.0_2/plugins/com.st.stm32cube.ide.mcu.externaltools.gnu-tools-for-stm32.10.3-2021.10.linux64_1.0.0.202111181127/tools/bin/../lib/gcc/arm-none-eabi/10.3.1/../../../../arm-none-eabi/lib/thumb/v7e-m+fp/hard/libc_nano.a(lib_a-dtoa.o)
 *fill*         0x000000000800c572        0x6 
 .text._dtoa_r  0x000000000800c578      0xbdc /opt/st/stm32cubeide_1.9.0_2/plugins/com.st.stm32cube.ide.mcu.externaltools.gnu-tools-for-stm32.10.3-2021.10.linux64_1.0.0.202111181127/tools/bin/../lib/gcc/arm-none-eabi/10.3.1/../../../../arm-none-eabi/lib/thumb/v7e-m+fp/hard/libc_nano.a(lib_a-dtoa.o)
                0x000000000800c578                _dtoa_r
 .text.rshift   0x000000000800d154       0xa4 /opt/st/stm32cubeide_1.9.0_2/plugins/com.st.stm32cube.ide.mcu.externaltools.gnu-tools-for-stm32.10.3-2021.10.linux64_1.0.0.202111181127/tools/bin/../lib/gcc/arm-none-eabi/10.3.1/../../../../arm-none-eabi/lib/thumb/v7e-m+fp/hard/libc_nano.a(lib_a-gdtoa-gethex.o)
 .text.__hexdig_fun
                0x000000000800d1f8       0x2a /opt/st/stm32cubeide_1.9.0_2/plugins/com.st.stm32cube.ide.mcu.externaltools.gnu-tools-for-stm32.10.3-2021.10.linux64_1.0.0.202111181127/tools/bin/../lib/gcc/arm-none-eabi/10.3.1/../../../../arm-none-eabi/lib/thumb/v7e-m+fp/hard/libc_nano.a(lib_a-gdtoa-gethex.o)
                0x000000000800d1f8                __hexdig_fun
 *fill*         0x000000000800d222        0x2 
 .text.__gethex
                0x000000000800d224      0x48c /opt/st/stm32cubeide_1.9.0_2/plugins/com.st.stm32cube.ide.mcu.externaltools.gnu-tools-for-stm32.10.3-2021.10.linux64_1.0.0.202111181127/tools/bin/../lib/gcc/arm-none-eabi/10.3.1/../../../../arm-none-eabi/lib/thumb/v7e-m+fp/hard/libc_nano.a(lib_a-gdtoa-gethex.o)
                0x000000000800d224                __gethex
 .text.L_shift  0x000000000800d6b0       0x24 /opt/st/stm32cubeide_1.9.0_2/plugins/com.st.stm32cube.ide.mcu.externaltools.gnu-tools-for-stm32.10.3-2021.10.linux64_1.0.0.202111181127/tools/bin/../lib/gcc/arm-none-eabi/10.3.1/../../../../arm-none-eabi/lib/thumb/v7e-m+fp/hard/libc_nano.a(lib_a-gdtoa-hexnan.o)
 .text.__match  0x000000000800d6d4       0x28 /opt/st/stm32cubeide_1.9.0_2/plugins/com.st.stm32cube.ide.mcu.externaltools.gnu-tools-for-stm32.10.3-2021.10.linux64_1.0.0.202111181127/tools/bin/../lib/gcc/arm-none-eabi/10.3.1/../../../../arm-none-eabi/lib/thumb/v7e-m+fp/hard/libc_nano.a(lib_a-gdtoa-hexnan.o)
                0x000000000800d6d4                __match
 .text.__hexnan
                0x000000000800d6fc      0x138 /opt/st/stm32cubeide_1.9.0_2/plugins/com.st.stm32cube.ide.mcu.externaltools.gnu-tools-for-stm32.10.3-2021.10.linux64_1.0.0.202111181127/tools/bin/../lib/gcc/arm-none-eabi/10.3.1/../../../../arm-none-eabi/lib/thumb/v7e-m+fp/hard/libc_nano.a(lib_a-gdtoa-hexnan.o)
                0x000000000800d6fc                __hexnan
 .text._localeconv_r
                0x000000000800d834        0x8 /opt/st/stm32cubeide_1.9.0_2/plugins/com.st.stm32cube.ide.mcu.externaltools.gnu-tools-for-stm32.10.3-2021.10.linux64_1.0.0.202111181127/tools/bin/../lib/gcc/arm-none-eabi/10.3.1/../../../../arm-none-eabi/lib/thumb/v7e-m+fp/hard/libc_nano.a(lib_a-localeconv.o)
                0x000000000800d834                _localeconv_r
 .text._lseek_r
                0x000000000800d83c       0x24 /opt/st/stm32cubeide_1.9.0_2/plugins/com.st.stm32cube.ide.mcu.externaltools.gnu-tools-for-stm32.10.3-2021.10.linux64_1.0.0.202111181127/tools/bin/../lib/gcc/arm-none-eabi/10.3.1/../../../../arm-none-eabi/lib/thumb/v7e-m+fp/hard/libc_nano.a(lib_a-lseekr.o)
                0x000000000800d83c                _lseek_r
 .text.__swhatbuf_r
                0x000000000800d860       0x4a /opt/st/stm32cubeide_1.9.0_2/plugins/com.st.stm32cube.ide.mcu.externaltools.gnu-tools-for-stm32.10.3-2021.10.linux64_1.0.0.202111181127/tools/bin/../lib/gcc/arm-none-eabi/10.3.1/../../../../arm-none-eabi/lib/thumb/v7e-m+fp/hard/libc_nano.a(lib_a-makebuf.o)
                0x000000000800d860                __swhatbuf_r
 *fill*         0x000000000800d8aa        0x2 
 .text.__smakebuf_r
                0x000000000800d8ac       0x80 /opt/st/stm32cubeide_1.9.0_2/plugins/com.st.stm32cube.ide.mcu.externaltools.gnu-tools-for-stm32.10.3-2021.10.linux64_1.0.0.202111181127/tools/bin/../lib/gcc/arm-none-eabi/10.3.1/../../../../arm-none-eabi/lib/thumb/v7e-m+fp/hard/libc_nano.a(lib_a-makebuf.o)
                0x000000000800d8ac                __smakebuf_r
 .text.__ascii_mbtowc
                0x000000000800d92c       0x24 /opt/st/stm32cubeide_1.9.0_2/plugins/com.st.stm32cube.ide.mcu.externaltools.gnu-tools-for-stm32.10.3-2021.10.linux64_1.0.0.202111181127/tools/bin/../lib/gcc/arm-none-eabi/10.3.1/../../../../arm-none-eabi/lib/thumb/v7e-m+fp/hard/libc_nano.a(lib_a-mbtowc_r.o)
                0x000000000800d92c                __ascii_mbtowc
 .text.__malloc_lock