Archive member included to satisfy reference by file (symbol)

/opt/st/stm32cubeide_1.9.0_2/plugins/com.st.stm32cube.ide.mcu.externaltools.gnu-tools-for-stm32.10.3-2021.10.linux64_1.0.0.202111181127/tools/bin/../lib/gcc/arm-none-eabi/10.3.1/../../../../arm-none-eabi/lib/thumb/v7e-m+fp/hard/libstdc++_nano.a(allocator-inst.o)
                              ./Core/Src/ICM20948_WE.o (std::allocator<char>::allocator())
/opt/st/stm32cubeide_1.9.0_2/plugins/com.st.stm32cube.ide.mcu.externaltools.gnu-tools-for-stm32.10.3-2021.10.linux64_1.0.0.202111181127/tools/bin/../lib/gcc/arm-none-eabi/10.3.1/../../../../arm-none-eabi/lib/thumb/v7e-m+fp/hard/libstdc++_nano.a(functexcept.o)
                              ./Core/Src/main.o (std::__throw_invalid_argument(char const*))
/opt/st/stm32cubeide_1.9.0_2/plugins/com.st.stm32cube.ide.mcu.externaltools.gnu-tools-for-stm32.10.3-2021.10.linux64_1.0.0.202111181127/tools/bin/../lib/gcc/arm-none-eabi/10.3.1/../../../../arm-none-eabi/lib/thumb/v7e-m+fp/hard/libstdc++_nano.a(snprintf_lite.o)
                              /opt/st/stm32cubeide_1.9.0_2/plugins/com.st.stm32cube.ide.mcu.externaltools.gnu-tools-for-stm32.10.3-2021.10.linux64_1.0.0.202111181127/tools/bin/../lib/gcc/arm-none-eabi/10.3.1/../../../../arm-none-eabi/lib/thumb/v7e-m+fp/hard/libstdc++_nano.a(functexcept.o) (__gnu_cxx::__snprintf_lite(char*, unsigned int, char const*, std::__va_list))
/opt/st/stm32cubeide_1.9.0_2/plugins/com.st.stm32cube.ide.mcu.externaltools.gnu-tools-for-stm32.10.3-2021.10.linux64_1.0.0.202111181127/tools/bin/../lib/gcc/arm-none-eabi/10.3.1/../../../../arm-none-eabi/lib/thumb/v7e-m+fp/hard/libstdc++_nano.a(string-inst.o)
                              ./Core/Src/main.o (std::__cxx11::basic_string<char, std::char_traits<char>, std::allocator<char> >::~basic_string())
/opt/st/stm32cubeide_1.9.0_2/plugins/com.st.stm32cube.ide.mcu.externaltools.gnu-tools-for-stm32.10.3-2021.10.linux64_1.0.0.202111181127/tools/bin/../lib/gcc/arm-none-eabi/10.3.1/../../../../arm-none-eabi/lib/thumb/v7e-m+fp/hard/libstdc++_nano.a(del_op.o)
                              /opt/st/stm32cubeide_1.9.0_2/plugins/com.st.stm32cube.ide.mcu.externaltools.gnu-tools-for-stm32.10.3-2021.10.linux64_1.0.0.202111181127/tools/bin/../lib/gcc/arm-none-eabi/10.3.1/../../../../arm-none-eabi/lib/thumb/v7e-m+fp/hard/libstdc++_nano.a(string-inst.o) (operator delete(void*))
/opt/st/stm32cubeide_1.9.0_2/plugins/com.st.stm32cube.ide.mcu.externaltools.gnu-tools-for-stm32.10.3-2021.10.linux64_1.0.0.202111181127/tools/bin/../lib/gcc/arm-none-eabi/10.3.1/../../../../arm-none-eabi/lib/thumb/v7e-m+fp/hard/libstdc++_nano.a(new_op.o)
                              /opt/st/stm32cubeide_1.9.0_2/plugins/com.st.stm32cube.ide.mcu.externaltools.gnu-tools-for-stm32.10.3-2021.10.linux64_1.0.0.202111181127/tools/bin/../lib/gcc/arm-none-eabi/10.3.1/../../../../arm-none-eabi/lib/thumb/v7e-m+fp/hard/libstdc++_nano.a(string-inst.o) (operator new(unsigned int))
/opt/st/stm32cubeide_1.9.0_2/plugins/com.st.stm32cube.ide.mcu.externaltools.gnu-tools-for-stm32.10.3-2021.10.linux64_1.0.0.202111181127/tools/bin/../lib/gcc/arm-none-eabi/10.3.1/../../../../arm-none-eabi/lib/thumb/v7e-m+fp/hard/libstdc++_nano.a(new_handler.o)
                              /opt/st/stm32cubeide_1.9.0_2/plugins/com.st.stm32cube.ide.mcu.externaltools.gnu-tools-for-stm32.10.3-2021.10.linux64_1.0.0.202111181127/tools/bin/../lib/gcc/arm-none-eabi/10.3.1/../../../../arm-none-eabi/lib/thumb/v7e-m+fp/hard/libstdc++_nano.a(new_op.o) (std::get_new_handler())
/opt/st/stm32cubeide_1.9.0_2/plugins/com.st.stm32cube.ide.mcu.externaltools.gnu-tools-for-stm32.10.3-2021.10.linux64_1.0.0.202111181127/tools/bin/../lib/gcc/arm-none-eabi/10.3.1/../../../../arm-none-eabi/lib/thumb/v7e-m+fp/hard/libm.a(lib_a-w_acos.o)
                              ./Core/Src/Inclinometer.o (acos)
/opt/st/stm32cubeide_1.9.0_2/plugins/com.st.stm32cube.ide.mcu.externaltools.gnu-tools-for-stm32.10.3-2021.10.linux64_1.0.0.202111181127/tools/bin/../lib/gcc/arm-none-eabi/10.3.1/../../../../arm-none-eabi/lib/thumb/v7e-m+fp/hard/libm.a(lib_a-w_pow.o)
                              ./Core/Src/ICM20948_WE.o (pow)
/opt/st/stm32cubeide_1.9.0_2/plugins/com.st.stm32cube.ide.mcu.externaltools.gnu-tools-for-stm32.10.3-2021.10.linux64_1.0.0.202111181127/tools/bin/../lib/gcc/arm-none-eabi/10.3.1/../../../../arm-none-eabi/lib/thumb/v7e-m+fp/hard/libm.a(lib_a-w_sqrt.o)
                              ./Core/Src/ICM20948_WE.o (sqrt)
/opt/st/stm32cubeide_1.9.0_2/plugins/com.st.stm32cube.ide.mcu.externaltools.gnu-tools-for-stm32.10.3-2021.10.linux64_1.0.0.202111181127/tools/bin/../lib/gcc/arm-none-eabi/10.3.1/../../../../arm-none-eabi/lib/thumb/v7e-m+fp/hard/libm.a(lib_a-wf_asin.o)
                              ./Core/Src/ICM20948_WE.o (asinf)
[...]
Memory Configuration

Name             Origin             Length             Attributes
RAM              0x0000000020000000 0x0000000000020000 xrw
FLASH            0x0000000008000000 0x0000000000080000 xr
*default*        0x0000000000000000 0xffffffffffffffff

Linker script and memory map

LOAD /opt/st/stm32cubeide_1.9.0_2/plugins/com.st.stm32cube.ide.mcu.externaltools.gnu-tools-for-stm32.10.3-2021.10.linux64_1.0.0.202111181127/tools/bin/../lib/gcc/arm-none-eabi/10.3.1/thumb/v7e-m+fp/hard/crti.o
LOAD /opt/st/stm32cubeide_1.9.0_2/plugins/com.st.stm32cube.ide.mcu.externaltools.gnu-tools-for-stm32.10.3-2021.10.linux64_1.0.0.202111181127/tools/bin/../lib/gcc/arm-none-eabi/10.3.1/thumb/v7e-m+fp/hard/crtbegin.o
LOAD /opt/st/stm32cubeide_1.9.0_2/plugins/com.st.stm32cube.ide.mcu.externaltools.gnu-tools-for-stm32.10.3-2021.10.linux64_1.0.0.202111181127/tools/bin/../lib/gcc/arm-none-eabi/10.3.1/../../../../arm-none-eabi/lib/thumb/v7e-m+fp/hard/crt0.o
LOAD ./Core/Controllib/generic_pid.o
LOAD ./Core/Src/ICM20948_WE.o
LOAD ./Core/Src/Inclinometer.o
LOAD ./Core/Src/main.o
LOAD ./Core/Src/stm32g4xx_hal_msp.o
LOAD ./Core/Src/stm32g4xx_it.o
LOAD ./Core/Src/sys_command_line.o
LOAD ./Core/Src/sys_queue.o
LOAD ./Core/Src/syscalls.o
LOAD ./Core/Src/sysmem.o
LOAD ./Core/Src/system_stm32g4xx.o
LOAD ./Core/Startup/startup_stm32g474retx.o
LOAD ./Core/SysInit/sys_init.o
LOAD ./Drivers/STM32G4xx_HAL_Driver/Src/stm32g4xx_hal.o
LOAD ./Drivers/STM32G4xx_HAL_Driver/Src/stm32g4xx_hal_cortex.o
LOAD ./Drivers/STM32G4xx_HAL_Driver/Src/stm32g4xx_hal_dma.o
LOAD ./Drivers/STM32G4xx_HAL_Driver/Src/stm32g4xx_hal_dma_ex.o
LOAD ./Drivers/STM32G4xx_HAL_Driver/Src/stm32g4xx_hal_exti.o
LOAD ./Drivers/STM32G4xx_HAL_Driver/Src/stm32g4xx_hal_fdcan.o
LOAD ./Drivers/STM32G4xx_HAL_Driver/Src/stm32g4xx_hal_flash.o
LOAD ./Drivers/STM32G4xx_HAL_Driver/Src/stm32g4xx_hal_flash_ex.o
LOAD ./Drivers/STM32G4xx_HAL_Driver/Src/stm32g4xx_hal_flash_ramfunc.o
LOAD ./Drivers/STM32G4xx_HAL_Driver/Src/stm32g4xx_hal_gpio.o
LOAD ./Drivers/STM32G4xx_HAL_Driver/Src/stm32g4xx_hal_i2c.o
LOAD ./Drivers/STM32G4xx_HAL_Driver/Src/stm32g4xx_hal_i2c_ex.o
LOAD ./Drivers/STM32G4xx_HAL_Driver/Src/stm32g4xx_hal_pwr.o
LOAD ./Drivers/STM32G4xx_HAL_Driver/Src/stm32g4xx_hal_pwr_ex.o
LOAD ./Drivers/STM32G4xx_HAL_Driver/Src/stm32g4xx_hal_rcc.o
LOAD ./Drivers/STM32G4xx_HAL_Driver/Src/stm32g4xx_hal_rcc_ex.o
LOAD ./Drivers/STM32G4xx_HAL_Driver/Src/stm32g4xx_hal_tim.o
LOAD ./Drivers/STM32G4xx_HAL_Driver/Src/stm32g4xx_hal_tim_ex.o
LOAD ./Drivers/STM32G4xx_HAL_Driver/Src/stm32g4xx_hal_uart.o
LOAD ./Drivers/STM32G4xx_HAL_Driver/Src/stm32g4xx_hal_uart_ex.o
START GROUP
LOAD /opt/st/stm32cubeide_1.9.0_2/plugins/com.st.stm32cube.ide.mcu.externaltools.gnu-tools-for-stm32.10.3-2021.10.linux64_1.0.0.202111181127/tools/bin/../lib/gcc/arm-none-eabi/10.3.1/../../../../arm-none-eabi/lib/thumb/v7e-m+fp/hard/libstdc++_nano.a
LOAD /opt/st/stm32cubeide_1.9.0_2/plugins/com.st.stm32cube.ide.mcu.externaltools.gnu-tools-for-stm32.10.3-2021.10.linux64_1.0.0.202111181127/tools/bin/../lib/gcc/arm-none-eabi/10.3.1/../../../../arm-none-eabi/lib/thumb/v7e-m+fp/hard/libsupc++_nano.a
END GROUP
LOAD /opt/st/stm32cubeide_1.9.0_2/plugins/com.st.stm32cube.ide.mcu.externaltools.gnu-tools-for-stm32.10.3-2021.10.linux64_1.0.0.202111181127/tools/bin/../lib/gcc/arm-none-eabi/10.3.1/../../../../arm-none-eabi/lib/thumb/v7e-m+fp/hard/libstdc++_nano.a
LOAD /opt/st/stm32cubeide_1.9.0_2/plugins/com.st.stm32cube.ide.mcu.externaltools.gnu-tools-for-stm32.10.3-2021.10.linux64_1.0.0.202111181127/tools/bin/../lib/gcc/arm-none-eabi/10.3.1/../../../../arm-none-eabi/lib/thumb/v7e-m+fp/hard/libm.a
LOAD /opt/st/stm32cubeide_1.9.0_2/plugins/com.st.stm32cube.ide.mcu.externaltools.gnu-tools-for-stm32.10.3-2021.10.linux64_1.0.0.202111181127/tools/bin/../lib/gcc/arm-none-eabi/10.3.1/../../../../arm-none-eabi/lib/thumb/v7e-m+fp/hard/libc_nano.a
START GROUP
LOAD /opt/st/stm32cubeide_1.9.0_2/plugins/com.st.stm32cube.ide.mcu.externaltools.gnu-tools-for-stm32.10.3-2021.10.linux64_1.0.0.202111181127/tools/bin/../lib/gcc/arm-none-eabi/10.3.1/thumb/v7e-m+fp/hard/libgcc.a
LOAD /opt/st/stm32cubeide_1.9.0_2/plugins/com.st.stm32cube.ide.mcu.externaltools.gnu-tools-for-stm32.10.3-2021.10.linux64_1.0.0.202111181127/tools/bin/../lib/gcc/arm-none-eabi/10.3.1/../../../../arm-none-eabi/lib/thumb/v7e-m+fp/hard/libc_nano.a
END GROUP
START GROUP
LOAD /opt/st/stm32cubeide_1.9.0_2/plugins/com.st.stm32cube.ide.mcu.externaltools.gnu-tools-for-stm32.10.3-2021.10.linux64_1.0.0.202111181127/tools/bin/../lib/gcc/arm-none-eabi/10.3.1/thumb/v7e-m+fp/hard/libgcc.a
LOAD /opt/st/stm32cubeide_1.9.0_2/plugins/com.st.stm32cube.ide.mcu.externaltools.gnu-tools-for-stm32.10.3-2021.10.linux64_1.0.0.202111181127/tools/bin/../lib/gcc/arm-none-eabi/10.3.1/../../../../arm-none-eabi/lib/thumb/v7e-m+fp/hard/libc_nano.a
LOAD /opt/st/stm32cubeide_1.9.0_2/plugins/com.st.stm32cube.ide.mcu.externaltools.gnu-tools-for-stm32.10.3-2021.10.linux64_1.0.0.202111181127/tools/bin/../lib/gcc/arm-none-eabi/10.3.1/../../../../arm-none-eabi/lib/thumb/v7e-m+fp/hard/libnosys.a
END GROUP
START GROUP
LOAD /opt/st/stm32cubeide_1.9.0_2/plugins/com.st.stm32cube.ide.mcu.externaltools.gnu-tools-for-stm32.10.3-2021.10.linux64_1.0.0.202111181127/tools/bin/../lib/gcc/arm-none-eabi/10.3.1/thumb/v7e-m+fp/hard/libgcc.a
LOAD /opt/st/stm32cubeide_1.9.0_2/plugins/com.st.stm32cube.ide.mcu.externaltools.gnu-tools-for-stm32.10.3-2021.10.linux64_1.0.0.202111181127/tools/bin/../lib/gcc/arm-none-eabi/10.3.1/../../../../arm-none-eabi/lib/thumb/v7e-m+fp/hard/libc_nano.a
LOAD /opt/st/stm32cubeide_1.9.0_2/plugins/com.st.stm32cube.ide.mcu.externaltools.gnu-tools-for-stm32.10.3-2021.10.linux64_1.0.0.202111181127/tools/bin/../lib/gcc/arm-none-eabi/10.3.1/../../../../arm-none-eabi/lib/thumb/v7e-m+fp/hard/libnosys.a
END GROUP
LOAD /opt/st/stm32cubeide_1.9.0_2/plugins/com.st.stm32cube.ide.mcu.externaltools.gnu-tools-for-stm32.10.3-2021.10.linux64_1.0.0.202111181127/tools/bin/../lib/gcc/arm-none-eabi/10.3.1/thumb/v7e-m+fp/hard/crtend.o
LOAD /opt/st/stm32cubeide_1.9.0_2/plugins/com.st.stm32cube.ide.mcu.externaltools.gnu-tools-for-stm32.10.3-2021.10.linux64_1.0.0.202111181127/tools/bin/../lib/gcc/arm-none-eabi/10.3.1/thumb/v7e-m+fp/hard/crtn.o
                0x0000000020020000                _estack = (ORIGIN (RAM) + LENGTH (RAM))
                0x0000000000000200                _Min_Heap_Size = 0x200
                0x0000000000000400                _Min_Stack_Size = 0x400

.isr_vector     0x0000000008000000      0x1d8
                0x0000000008000000                . = ALIGN (0x4)
 *(.isr_vector)
 .isr_vector    0x0000000008000000      0x1d8 ./Core/Startup/startup_stm32g474retx.o
                0x0000000008000000                g_pfnVectors
                0x00000000080001d8                . = ALIGN (0x4)

.text           0x00000000080001e0     0xfc20
                0x00000000080001e0                . = ALIGN (0x4)
 *(.text)
 .text          0x00000000080001e0       0x40 /opt/st/stm32cubeide_1.9.0_2/plugins/com.st.stm32cube.ide.mcu.externaltools.gnu-tools-for-stm32.10.3-2021.10.linux64_1.0.0.202111181127/tools/bin/../lib/gcc/arm-none-eabi/10.3.1/thumb/v7e-m+fp/hard/crtbegin.o
 .text          0x0000000008000220       0xa0 /opt/st/stm32cubeide_1.9.0_2/plugins/com.st.stm32cube.ide.mcu.externaltools.gnu-tools-for-stm32.10.3-2021.10.linux64_1.0.0.202111181127/tools/bin/../lib/gcc/arm-none-eabi/10.3.1/../../../../arm-none-eabi/lib/thumb/v7e-m+fp/hard/libc_nano.a(lib_a-memchr.o)
                0x0000000008000220                memchr
 .text          0x00000000080002c0       0x14 /opt/st/stm32cubeide_1.9.0_2/plugins/com.st.stm32cube.ide.mcu.externaltools.gnu-tools-for-stm32.10.3-2021.10.linux64_1.0.0.202111181127/tools/bin/../lib/gcc/arm-none-eabi/10.3.1/../../../../arm-none-eabi/lib/thumb/v7e-m+fp/hard/libc_nano.a(lib_a-strcmp.o)
                0x00000000080002c0                strcmp
 .text          0x00000000080002d4       0x10 /opt/st/stm32cubeide_1.9.0_2/plugins/com.st.stm32cube.ide.mcu.externaltools.gnu-tools-for-stm32.10.3-2021.10.linux64_1.0.0.202111181127/tools/bin/../lib/gcc/arm-none-eabi/10.3.1/../../../../arm-none-eabi/lib/thumb/v7e-m+fp/hard/libc_nano.a(lib_a-strlen.o)
                0x00000000080002d4                strlen
 .text          0x00000000080002e4      0x378 /opt/st/stm32cubeide_1.9.0_2/plugins/com.st.stm32cube.ide.mcu.externaltools.gnu-tools-for-stm32.10.3-2021.10.linux64_1.0.0.202111181127/tools/bin/../lib/gcc/arm-none-eabi/10.3.1/thumb/v7e-m+fp/hard/libgcc.a(_arm_addsubdf3.o)
                0x00000000080002e4                __aeabi_drsub
                0x00000000080002ec                __aeabi_dsub
                0x00000000080002ec                __subdf3
                0x00000000080002f0                __adddf3
                0x00000000080002f0                __aeabi_dadd
                0x0000000008000568                __aeabi_ui2d
                0x0000000008000568                __floatunsidf
                0x0000000008000588                __floatsidf
                0x0000000008000588                __aeabi_i2d
                0x00000000080005ac                __extendsfdf2
                0x00000000080005ac                __aeabi_f2d
                0x00000000080005f0                __aeabi_ul2d
                0x00000000080005f0                __floatundidf
                0x0000000008000600                __floatdidf
                0x0000000008000600                __aeabi_l2d
 .text          0x000000000800065c      0x424 /opt/st/stm32cubeide_1.9.0_2/plugins/com.st.stm32cube.ide.mcu.externaltools.gnu-tools-for-stm32.10.3-2021.10.linux64_1.0.0.202111181127/tools/bin/../lib/gcc/arm-none-eabi/10.3.1/thumb/v7e-m+fp/hard/libgcc.a(_arm_muldivdf3.o)
                0x000000000800065c                __aeabi_dmul
                0x000000000800065c                __muldf3
                0x00000000080008b0                __aeabi_ddiv
                0x00000000080008b0                __divdf3
 .text          0x0000000008000a80      0x110 /opt/st/stm32cubeide_1.9.0_2/plugins/com.st.stm32cube.ide.mcu.externaltools.gnu-tools-for-stm32.10.3-2021.10.linux64_1.0.0.202111181127/tools/bin/../lib/gcc/arm-none-eabi/10.3.1/thumb/v7e-m+fp/hard/libgcc.a(_arm_cmpdf2.o)
                0x0000000008000a80                __gtdf2
                0x0000000008000a80                __gedf2
                0x0000000008000a88                __ltdf2
                0x0000000008000a88                __ledf2
                0x0000000008000a90                __cmpdf2
                0x0000000008000a90                __eqdf2
                0x0000000008000a90                __nedf2
                0x0000000008000b0c                __aeabi_cdrcmple
                0x0000000008000b1c                __aeabi_cdcmple
                0x0000000008000b1c                __aeabi_cdcmpeq
                0x0000000008000b2c                __aeabi_dcmpeq
                0x0000000008000b40                __aeabi_dcmplt
                0x0000000008000b54                __aeabi_dcmple
                0x0000000008000b68                __aeabi_dcmpge
                0x0000000008000b7c                __aeabi_dcmpgt
 .text          0x0000000008000b90       0x2c /opt/st/stm32cubeide_1.9.0_2/plugins/com.st.stm32cube.ide.mcu.externaltools.gnu-tools-for-stm32.10.3-2021.10.linux64_1.0.0.202111181127/tools/bin/../lib/gcc/arm-none-eabi/10.3.1/thumb/v7e-m+fp/hard/libgcc.a(_arm_unorddf2.o)
                0x0000000008000b90                __aeabi_dcmpun
                0x0000000008000b90                __unorddf2
 .text          0x0000000008000bbc       0x50 /opt/st/stm32cubeide_1.9.0_2/plugins/com.st.stm32cube.ide.mcu.externaltools.gnu-tools-for-stm32.10.3-2021.10.linux64_1.0.0.202111181127/tools/bin/../lib/gcc/arm-none-eabi/10.3.1/thumb/v7e-m+fp/hard/libgcc.a(_arm_fixdfsi.o)
                0x0000000008000bbc                __fixdfsi
                0x0000000008000bbc                __aeabi_d2iz
 .text          0x0000000008000c0c       0x40 /opt/st/stm32cubeide_1.9.0_2/plugins/com.st.stm32cube.ide.mcu.externaltools.gnu-tools-for-stm32.10.3-2021.10.linux64_1.0.0.202111181127/tools/bin/../lib/gcc/arm-none-eabi/10.3.1/thumb/v7e-m+fp/hard/libgcc.a(_arm_fixunsdfsi.o)
                0x0000000008000c0c                __fixunsdfsi
                0x0000000008000c0c                __aeabi_d2uiz
 .text          0x0000000008000c4c       0xa0 /opt/st/stm32cubeide_1.9.0_2/plugins/com.st.stm32cube.ide.mcu.externaltools.gnu-tools-for-stm32.10.3-2021.10.linux64_1.0.0.202111181127/tools/bin/../lib/gcc/arm-none-eabi/10.3.1/thumb/v7e-m+fp/hard/libgcc.a(_arm_truncdfsf2.o)
                0x0000000008000c4c                __aeabi_d2f
                0x0000000008000c4c                __truncdfsf2
 .text          0x0000000008000cec       0x30 /opt/st/stm32cubeide_1.9.0_2/plugins/com.st.stm32cube.ide.mcu.externaltools.gnu-tools-for-stm32.10.3-2021.10.linux64_1.0.0.202111181127/tools/bin/../lib/gcc/arm-none-eabi/10.3.1/thumb/v7e-m+fp/hard/libgcc.a(_aeabi_uldivmod.o)
                0x0000000008000cec                __aeabi_uldivmod
 .text          0x0000000008000d1c       0x30 /opt/st/stm32cubeide_1.9.0_2/plugins/com.st.stm32cube.ide.mcu.externaltools.gnu-tools-for-stm32.10.3-2021.10.linux64_1.0.0.202111181127/tools/bin/../lib/gcc/arm-none-eabi/10.3.1/thumb/v7e-m+fp/hard/libgcc.a(_fixdfdi.o)
                0x0000000008000d1c                __aeabi_d2lz
                0x0000000008000d1c                __fixdfdi
 .text          0x0000000008000d4c       0x3c /opt/st/stm32cubeide_1.9.0_2/plugins/com.st.stm32cube.ide.mcu.externaltools.gnu-tools-for-stm32.10.3-2021.10.linux64_1.0.0.202111181127/tools/bin/../lib/gcc/arm-none-eabi/10.3.1/thumb/v7e-m+fp/hard/libgcc.a(_fixunsdfdi.o)
                0x0000000008000d4c                __aeabi_d2ulz
                0x0000000008000d4c                __fixunsdfdi
 .text          0x0000000008000d88      0x2d0 /opt/st/stm32cubeide_1.9.0_2/plugins/com.st.stm32cube.ide.mcu.externaltools.gnu-tools-for-stm32.10.3-2021.10.linux64_1.0.0.202111181127/tools/bin/../lib/gcc/arm-none-eabi/10.3.1/thumb/v7e-m+fp/hard/libgcc.a(_udivmoddi4.o)
                0x0000000008000d88                __udivmoddi4
 .text          0x0000000008001058        0x4 /opt/st/stm32cubeide_1.9.0_2/plugins/com.st.stm32cube.ide.mcu.externaltools.gnu-tools-for-stm32.10.3-2021.10.linux64_1.0.0.202111181127/tools/bin/../lib/gcc/arm-none-eabi/10.3.1/thumb/v7e-m+fp/hard/libgcc.a(_dvmd_tls.o)
                0x0000000008001058                __aeabi_ldiv0
                0x0000000008001058                __aeabi_idiv0
 *(.text*)
 .text._ZN10controllib11generic_pidC2Eddddd
                0x000000000800105c       0x5c ./Core/Controllib/generic_pid.o
                0x000000000800105c                controllib::generic_pid::generic_pid(double, double, double, double, double)
                0x000000000800105c                controllib::generic_pid::generic_pid(double, double, double, double, double)
 .text._ZN10controllib11generic_pid6set_kpEd
                0x00000000080010b8       0x22 ./Core/Controllib/generic_pid.o
                0x00000000080010b8                controllib::generic_pid::set_kp(double)
 .text._ZN10controllib11generic_pid6set_kiEd
                0x00000000080010da       0x22 ./Core/Controllib/generic_pid.o
                0x00000000080010da                controllib::generic_pid::set_ki(double)
 .text._ZN10controllib11generic_pid6set_kdEd
                0x00000000080010fc       0x22 ./Core/Controllib/generic_pid.o
                0x00000000080010fc                controllib::generic_pid::set_kd(double)
 .text._ZN10controllib11generic_pid8set_biasEd
                0x000000000800111e       0x22 ./Core/Controllib/generic_pid.o
                0x000000000800111e                controllib::generic_pid::set_bias(double)
 .text._ZN10controllib11generic_pid15update_setpointEd
                0x0000000008001140       0x22 ./Core/Controllib/generic_pid.o
                0x0000000008001140                controllib::generic_pid::update_setpoint(double)
 .text._ZN10controllib11generic_pid16calculate_outputEd
                0x0000000008001162       0xb6 ./Core/Controllib/generic_pid.o
                0x0000000008001162                controllib::generic_pid::calculate_output(double)
 .text._ZSt4asinf
                0x0000000008001218       0x20 ./Core/Src/ICM20948_WE.o
                0x0000000008001218                std::asin(float)
 .text._ZN11ICM20948_WEC2EP19__I2C_HandleTypeDef
                0x0000000008001238       0x24 ./Core/Src/ICM20948_WE.o
                0x0000000008001238                ICM20948_WE::ICM20948_WE(__I2C_HandleTypeDef*)
                0x0000000008001238                ICM20948_WE::ICM20948_WE(__I2C_HandleTypeDef*)
 .text._ZN11ICM20948_WE4initEv
                0x000000000800125c       0xa6 ./Core/Src/ICM20948_WE.o
                0x000000000800125c                ICM20948_WE::init()
 .text._ZN11ICM20948_WE9enableAccEb
                0x0000000008001302       0x60 ./Core/Src/ICM20948_WE.o
                0x0000000008001302                ICM20948_WE::enableAcc(bool)
 .text._ZN11ICM20948_WE11setAccRangeE18ICM20948_ACC_RANGE
                0x0000000008001362       0x74 ./Core/Src/ICM20948_WE.o
                0x0000000008001362                ICM20948_WE::setAccRange(ICM20948_ACC_RANGE)
 .text._ZN11ICM20948_WE10setAccDLPFE13ICM20948_DLPF
                0x00000000080013d6       0x9e ./Core/Src/ICM20948_WE.o
                0x00000000080013d6                ICM20948_WE::setAccDLPF(ICM20948_DLPF)
 .text._ZN11ICM20948_WE23setAccSampleRateDividerEt
                0x0000000008001474       0x22 ./Core/Src/ICM20948_WE.o
                0x0000000008001474                ICM20948_WE::setAccSampleRateDivider(unsigned short)
 .text._ZN11ICM20948_WE10readSensorEv
                0x0000000008001496       0x1c ./Core/Src/ICM20948_WE.o
                0x0000000008001496                ICM20948_WE::readSensor()
 .text._ZN11ICM20948_WE15getAccRawValuesEv
                0x00000000080014b2       0xb2 ./Core/Src/ICM20948_WE.o
                0x00000000080014b2                ICM20948_WE::getAccRawValues()
 .text._ZN11ICM20948_WE24getCorrectedAccRawValuesEv
                0x0000000008001564       0x8e ./Core/Src/ICM20948_WE.o
                0x0000000008001564                ICM20948_WE::getCorrectedAccRawValues()
 *fill*         0x00000000080015f2        0x2 
 .text._ZN11ICM20948_WE10getGValuesEv
                0x00000000080015f4       0xc4 ./Core/Src/ICM20948_WE.o
                0x00000000080015f4                ICM20948_WE::getGValues()
 .text._ZN11ICM20948_WE5sleepEb
                0x00000000080016b8       0x64 ./Core/Src/ICM20948_WE.o
                0x00000000080016b8                ICM20948_WE::sleep(bool)
 .text._ZN11ICM20948_WE19correctAccRawValuesE8xyzFloat
                0x000000000800171c       0xe0 ./Core/Src/ICM20948_WE.o
                0x000000000800171c                ICM20948_WE::correctAccRawValues(xyzFloat)
 .text._ZN11ICM20948_WE10switchBankEh
                0x00000000080017fc       0x4e ./Core/Src/ICM20948_WE.o
                0x00000000080017fc                ICM20948_WE::switchBank(unsigned char)
 .text._ZN11ICM20948_WE14writeRegister8Ehhh
                0x000000000800184a       0x4e ./Core/Src/ICM20948_WE.o
                0x000000000800184a                ICM20948_WE::writeRegister8(unsigned char, unsigned char, unsigned char)
 .text._ZN11ICM20948_WE15writeRegister16Ehhs
                0x0000000008001898       0x5e ./Core/Src/ICM20948_WE.o
                0x0000000008001898                ICM20948_WE::writeRegister16(unsigned char, unsigned char, short)
 .text._ZN11ICM20948_WE13readRegister8Ehh
                0x00000000080018f6       0x56 ./Core/Src/ICM20948_WE.o
                0x00000000080018f6                ICM20948_WE::readRegister8(unsigned char, unsigned char)
 .text._ZN11ICM20948_WE11readAllDataEPh
                0x000000000800194c       0x4c ./Core/Src/ICM20948_WE.o
                0x000000000800194c                ICM20948_WE::readAllData(unsigned char*)
 .text._ZN11ICM20948_WE14reset_ICM20948Ev
                0x0000000008001998       0x32 ./Core/Src/ICM20948_WE.o
                0x0000000008001998                ICM20948_WE::reset_ICM20948()
 *fill*         0x00000000080019ca        0x2 
 .text._ZNSt7__cxx114stoiERKNS_12basic_stringIcSt11char_traitsIcESaIcEEEPji
                0x00000000080019cc       0x34 ./Core/Src/main.o
                0x00000000080019cc                std::__cxx11::stoi(std::__cxx11::basic_string<char, std::char_traits<char>, std::allocator<char> > const&, unsigned int*, int)
 .text._Z20update_config_eepromh13eeprom_layout
                0x0000000008001a00       0x1c ./Core/Src/main.o
                0x0000000008001a00                update_config_eeprom(unsigned char, eeprom_layout)
 .text._Z13set_dutycycleiPPc
                0x0000000008001a1c       0x84 ./Core/Src/main.o
                0x0000000008001a1c                set_dutycycle(int, char**)
 .text._Z15set_pid1_paramsiPPc
                0x0000000008001aa0      0x1a0 ./Core/Src/main.o
                0x0000000008001aa0                set_pid1_params(int, char**)
 .text._Z12tilt_requestiPPc
                0x0000000008001c40       0xe4 ./Core/Src/main.o
                0x0000000008001c40                tilt_request(int, char**)
 .text._ZL11BufferCmp8bPhS_t
                0x0000000008001d24       0x4e ./Core/Src/main.o
 *fill*         0x0000000008001d72        0x2 
 .text.main     0x0000000008001d74      0x34c ./Core/Src/main.o
                0x0000000008001d74                main
 .text._Z18SystemClock_Configv
                0x00000000080020c0       0xaa ./Core/Src/main.o
                0x00000000080020c0                SystemClock_Config()
 *fill*         0x000000000800216a        0x2 
 .text._ZL14MX_FDCAN1_Initv
                0x000000000800216c       0x98 ./Core/Src/main.o
 .text._ZL12MX_I2C3_Initv
                0x0000000008002204       0x9c ./Core/Src/main.o
 .text._ZL12MX_TIM5_Initv
                0x00000000080022a0      0x124 ./Core/Src/main.o
 .text._ZL19MX_USART1_UART_Initv
                0x00000000080023c4       0xc0 ./Core/Src/main.o
 .text._ZL19MX_USART2_UART_Initv
                0x0000000008002484       0xc0 ./Core/Src/main.o
 .text._ZL12MX_GPIO_Initv
                0x0000000008002544      0x148 ./Core/Src/main.o
 .text.HAL_FDCAN_RxFifo0Callback
                0x000000000800268c       0x8c ./Core/Src/main.o
                0x000000000800268c                HAL_FDCAN_RxFifo0Callback
 .text.Error_Handler
                0x0000000008002718        0xa ./Core/Src/main.o
                0x0000000008002718                Error_Handler
 .text._ZZN9__gnu_cxx6__stoaIlicJiEEET0_PFT_PKT1_PPS3_DpT2_EPKcS5_PjS9_EN11_Save_errnoC2Ev
                0x0000000008002722       0x28 ./Core/Src/main.o
                0x0000000008002722                __gnu_cxx::__stoa<long, int, char, int>(long (*)(char const*, char**, int), char const*, char const*, unsigned int*, int)::_Save_errno::_Save_errno()
                0x0000000008002722                __gnu_cxx::__stoa<long, int, char, int>(long (*)(char const*, char**, int), char const*, char const*, unsigned int*, int)::_Save_errno::_Save_errno()
 .text._ZZN9__gnu_cxx6__stoaIlicJiEEET0_PFT_PKT1_PPS3_DpT2_EPKcS5_PjS9_EN11_Save_errnoD2Ev
                0x000000000800274a       0x34 ./Core/Src/main.o
                0x000000000800274a                __gnu_cxx::__stoa<long, int, char, int>(long (*)(char const*, char**, int), char const*, char const*, unsigned int*, int)::_Save_errno::~_Save_errno()
                0x000000000800274a                __gnu_cxx::__stoa<long, int, char, int>(long (*)(char const*, char**, int), char const*, char const*, unsigned int*, int)::_Save_errno::~_Save_errno()
 .text._ZZN9__gnu_cxx6__stoaIlicJiEEET0_PFT_PKT1_PPS3_DpT2_EPKcS5_PjS9_EN10_Range_chk6_S_chkElSt17integral_constantIbLb1EE
                0x000000000800277e       0x18 ./Core/Src/main.o
                0x000000000800277e                __gnu_cxx::__stoa<long, int, char, int>(long (*)(char const*, char**, int), char const*, char const*, unsigned int*, int)::_Range_chk::_S_chk(long, std::integral_constant<bool, true>)
 .text._ZN9__gnu_cxx6__stoaIlicJiEEET0_PFT_PKT1_PPS3_DpT2_EPKcS5_PjS9_
                0x0000000008002796       0x8a ./Core/Src/main.o
                0x0000000008002796                int __gnu_cxx::__stoa<long, int, char, int>(long (*)(char const*, char**, int), char const*, char const*, unsigned int*, int)
 .text._Z41__static_initialization_and_destruction_0ii
                0x0000000008002820       0x5c ./Core/Src/main.o
 .text._GLOBAL__sub_I_hfdcan1
                0x000000000800287c       0x10 ./Core/Src/main.o
 .text.HAL_MspInit
                0x000000000800288c       0x48 ./Core/Src/stm32g4xx_hal_msp.o
                0x000000000800288c                HAL_MspInit
 .text.HAL_FDCAN_MspInit
                0x00000000080028d4       0xd8 ./Core/Src/stm32g4xx_hal_msp.o
                0x00000000080028d4                HAL_FDCAN_MspInit
 .text.HAL_I2C_MspInit
                0x00000000080029ac       0xb4 ./Core/Src/stm32g4xx_hal_msp.o
                0x00000000080029ac                HAL_I2C_MspInit
 .text.HAL_TIM_Base_MspInit
                0x0000000008002a60       0x40 ./Core/Src/stm32g4xx_hal_msp.o
                0x0000000008002a60                HAL_TIM_Base_MspInit
 .text.HAL_TIM_MspPostInit
                0x0000000008002aa0       0x70 ./Core/Src/stm32g4xx_hal_msp.o
                0x0000000008002aa0                HAL_TIM_MspPostInit
 .text.HAL_UART_MspInit
                0x0000000008002b10      0x140 ./Core/Src/stm32g4xx_hal_msp.o
                0x0000000008002b10                HAL_UART_MspInit
 .text.NMI_Handler
                0x0000000008002c50        0x6 ./Core/Src/stm32g4xx_it.o
                0x0000000008002c50                NMI_Handler
 .text.HardFault_Handler
                0x0000000008002c56        0x6 ./Core/Src/stm32g4xx_it.o
                0x0000000008002c56                HardFault_Handler
 .text.MemManage_Handler
                0x0000000008002c5c        0x6 ./Core/Src/stm32g4xx_it.o
                0x0000000008002c5c                MemManage_Handler
 .text.BusFault_Handler
                0x0000000008002c62        0x6 ./Core/Src/stm32g4xx_it.o
                0x0000000008002c62                BusFault_Handler
 .text.UsageFault_Handler
                0x0000000008002c68        0x6 ./Core/Src/stm32g4xx_it.o
                0x0000000008002c68                UsageFault_Handler
 .text.SVC_Handler
                0x0000000008002c6e        0xe ./Core/Src/stm32g4xx_it.o
                0x0000000008002c6e                SVC_Handler
 .text.DebugMon_Handler
                0x0000000008002c7c        0xe ./Core/Src/stm32g4xx_it.o
                0x0000000008002c7c                DebugMon_Handler
 .text.PendSV_Handler
                0x0000000008002c8a        0xe ./Core/Src/stm32g4xx_it.o
                0x0000000008002c8a                PendSV_Handler
 .text.SysTick_Handler
                0x0000000008002c98        0xc ./Core/Src/stm32g4xx_it.o
                0x0000000008002c98                SysTick_Handler
 .text.FDCAN1_IT0_IRQHandler
                0x0000000008002ca4       0x14 ./Core/Src/stm32g4xx_it.o
                0x0000000008002ca4                FDCAN1_IT0_IRQHandler
 .text.FDCAN1_IT1_IRQHandler
                0x0000000008002cb8       0x14 ./Core/Src/stm32g4xx_it.o
                0x0000000008002cb8                FDCAN1_IT1_IRQHandler
 .text.USART2_IRQHandler
                0x0000000008002ccc       0x14 ./Core/Src/stm32g4xx_it.o
                0x0000000008002ccc                USART2_IRQHandler
 .text.EXTI15_10_IRQHandler
                0x0000000008002ce0       0x10 ./Core/Src/stm32g4xx_it.o
                0x0000000008002ce0                EXTI15_10_IRQHandler
 .text._write   0x0000000008002cf0       0xc4 ./Core/Src/sys_command_line.o
                0x0000000008002cf0                _write
 .text.cli_history_add
                0x0000000008002db4       0xe8 ./Core/Src/sys_command_line.o
 .text.cli_history_show
                0x0000000008002e9c       0xb8 ./Core/Src/sys_command_line.o
 .text.cli_init
                0x0000000008002f54      0x11c ./Core/Src/sys_command_line.o
                0x0000000008002f54                cli_init
 .text.HAL_UART_RxCpltCallback
                0x0000000008003070       0x2c ./Core/Src/sys_command_line.o
                0x0000000008003070                HAL_UART_RxCpltCallback
 .text.HAL_UART_TxCpltCallback
                0x000000000800309c       0x20 ./Core/Src/sys_command_line.o
                0x000000000800309c                HAL_UART_TxCpltCallback
 .text.cli_rx_handle
                0x00000000080030bc      0x544 ./Core/Src/sys_command_line.o
 .text.cli_tx_handle
                0x0000000008003600       0x18 ./Core/Src/sys_command_line.o
 .text.cli_run  0x0000000008003618       0x18 ./Core/Src/sys_command_line.o
                0x0000000008003618                cli_run
 .text.greet    0x0000000008003630      0x1b0 ./Core/Src/sys_command_line.o
                0x0000000008003630                greet
 .text.cli_help
                0x00000000080037e0      0x154 ./Core/Src/sys_command_line.o
                0x00000000080037e0                cli_help
 .text.cli_clear
                0x0000000008003934       0x5c ./Core/Src/sys_command_line.o
                0x0000000008003934                cli_clear
 .text.cli_reset
                0x0000000008003990       0x50 ./Core/Src/sys_command_line.o
                0x0000000008003990                cli_reset
 .text.cli_add_command
                0x00000000080039e0       0xd4 ./Core/Src/sys_command_line.o
                0x00000000080039e0                cli_add_command
 .text.cli_log  0x0000000008003ab4      0x1b8 ./Core/Src/sys_command_line.o
                0x0000000008003ab4                cli_log
 .text.cli_disable_log_entry
                0x0000000008003c6c       0x64 ./Core/Src/sys_command_line.o
                0x0000000008003c6c                cli_disable_log_entry
 .text.cli_enable_log_entry
                0x0000000008003cd0       0x64 ./Core/Src/sys_command_line.o
                0x0000000008003cd0                cli_enable_log_entry
 .text.shell_queue_init
                0x0000000008003d34       0x2e ./Core/Src/sys_queue.o
                0x0000000008003d34                shell_queue_init
 .text.shell_queue_full
                0x0000000008003d62       0x2c ./Core/Src/sys_queue.o
                0x0000000008003d62                shell_queue_full
 .text.shell_queue_empty
                0x0000000008003d8e       0x26 ./Core/Src/sys_queue.o
                0x0000000008003d8e                shell_queue_empty
 .text.shell_queue_in
                0x0000000008003db4       0x42 ./Core/Src/sys_queue.o
                0x0000000008003db4                shell_queue_in
 .text.shell_queue_out
                0x0000000008003df6       0x40 ./Core/Src/sys_queue.o
                0x0000000008003df6                shell_queue_out
 .text._getpid  0x0000000008003e36       0x10 ./Core/Src/syscalls.o
                0x0000000008003e36                _getpid
 .text._kill    0x0000000008003e46       0x20 ./Core/Src/syscalls.o
                0x0000000008003e46                _kill
 .text._exit    0x0000000008003e66       0x14 ./Core/Src/syscalls.o
                0x0000000008003e66                _exit
 .text._read    0x0000000008003e7a       0x3a ./Core/Src/syscalls.o
                0x0000000008003e7a                _read
 .text._close   0x0000000008003eb4       0x18 ./Core/Src/syscalls.o
                0x0000000008003eb4                _close
 .text._fstat   0x0000000008003ecc       0x20 ./Core/Src/syscalls.o
                0x0000000008003ecc                _fstat
 .text._isatty  0x0000000008003eec       0x16 ./Core/Src/syscalls.o
                0x0000000008003eec                _isatty
 .text._lseek   0x0000000008003f02       0x1a ./Core/Src/syscalls.o
                0x0000000008003f02                _lseek
 .text._sbrk    0x0000000008003f1c       0x6c ./Core/Src/sysmem.o
                0x0000000008003f1c                _sbrk
 .text.SystemInit
                0x0000000008003f88       0x24 ./Core/Src/system_stm32g4xx.o
                0x0000000008003f88                SystemInit
 .text.Reset_Handler
                0x0000000008003fac       0x50 ./Core/Startup/startup_stm32g474retx.o
                0x0000000008003fac                Reset_Handler
 .text.Default_Handler
                0x0000000008003ffc        0x2 ./Core/Startup/startup_stm32g474retx.o
                0x0000000008003ffc                RTC_Alarm_IRQHandler
                0x0000000008003ffc                EXTI2_IRQHandler
                0x0000000008003ffc                TIM8_TRG_COM_IRQHandler
                0x0000000008003ffc                TIM8_CC_IRQHandler
                0x0000000008003ffc                HRTIM1_Master_IRQHandler
                0x0000000008003ffc                SPI4_IRQHandler
                0x0000000008003ffc                FDCAN3_IT0_IRQHandler
                0x0000000008003ffc                TIM1_CC_IRQHandler
                0x0000000008003ffc                HRTIM1_FLT_IRQHandler
                0x0000000008003ffc                HRTIM1_TIMF_IRQHandler
                0x0000000008003ffc                USB_HP_IRQHandler
                0x0000000008003ffc                CORDIC_IRQHandler
                0x0000000008003ffc                HRTIM1_TIMD_IRQHandler
                0x0000000008003ffc                DMA2_Channel8_IRQHandler
                0x0000000008003ffc                EXTI3_IRQHandler
                0x0000000008003ffc                I2C3_ER_IRQHandler
                0x0000000008003ffc                EXTI0_IRQHandler
                0x0000000008003ffc                I2C2_EV_IRQHandler
                0x0000000008003ffc                FPU_IRQHandler
                0x0000000008003ffc                TIM1_UP_TIM16_IRQHandler
                0x0000000008003ffc                ADC1_2_IRQHandler
                0x0000000008003ffc                HRTIM1_TIME_IRQHandler
                0x0000000008003ffc                SPI1_IRQHandler
                0x0000000008003ffc                TIM6_DAC_IRQHandler
                0x0000000008003ffc                HRTIM1_TIMC_IRQHandler
                0x0000000008003ffc                TIM8_UP_IRQHandler
                0x0000000008003ffc                DMA2_Channel2_IRQHandler
                0x0000000008003ffc                DMA1_Channel4_IRQHandler
                0x0000000008003ffc                TIM20_TRG_COM_IRQHandler
                0x0000000008003ffc                USART3_IRQHandler
                0x0000000008003ffc                DMA1_Channel7_IRQHandler
                0x0000000008003ffc                UART5_IRQHandler
                0x0000000008003ffc                ADC3_IRQHandler
                0x0000000008003ffc                TIM4_IRQHandler
                0x0000000008003ffc                DMA2_Channel1_IRQHandler
                0x0000000008003ffc                QUADSPI_IRQHandler
                0x0000000008003ffc                I2C1_EV_IRQHandler
                0x0000000008003ffc                DMA1_Channel6_IRQHandler
                0x0000000008003ffc                UART4_IRQHandler
                0x0000000008003ffc                DMA2_Channel4_IRQHandler
                0x0000000008003ffc                TIM3_IRQHandler
                0x0000000008003ffc                RCC_IRQHandler
                0x0000000008003ffc                TIM20_UP_IRQHandler
                0x0000000008003ffc                DMA1_Channel1_IRQHandler
                0x0000000008003ffc                Default_Handler
                0x0000000008003ffc                DMA2_Channel7_IRQHandler
                0x0000000008003ffc                RTC_TAMP_LSECSS_IRQHandler
                0x0000000008003ffc                FMAC_IRQHandler
                0x0000000008003ffc                DMA1_Channel8_IRQHandler
                0x0000000008003ffc                HRTIM1_TIMA_IRQHandler
                0x0000000008003ffc                TIM7_DAC_IRQHandler
                0x0000000008003ffc                FDCAN3_IT1_IRQHandler
                0x0000000008003ffc                TIM5_IRQHandler
                0x0000000008003ffc                UCPD1_IRQHandler
                0x0000000008003ffc                I2C3_EV_IRQHandler
                0x0000000008003ffc                EXTI9_5_IRQHandler
                0x0000000008003ffc                RTC_WKUP_IRQHandler
                0x0000000008003ffc                PVD_PVM_IRQHandler
                0x0000000008003ffc                SPI2_IRQHandler
                0x0000000008003ffc                ADC5_IRQHandler
                0x0000000008003ffc                DMA2_Channel5_IRQHandler
                0x0000000008003ffc                CRS_IRQHandler
                0x0000000008003ffc                DMA1_Channel5_IRQHandler
                0x0000000008003ffc                USB_LP_IRQHandler
                0x0000000008003ffc                EXTI4_IRQHandler
                0x0000000008003ffc                RNG_IRQHandler
                0x0000000008003ffc                HRTIM1_TIMB_IRQHandler
                0x0000000008003ffc                TIM1_TRG_COM_TIM17_IRQHandler
                0x0000000008003ffc                FDCAN2_IT1_IRQHandler
                0x0000000008003ffc                DMA1_Channel3_IRQHandler
                0x0000000008003ffc                ADC4_IRQHandler
                0x0000000008003ffc                WWDG_IRQHandler
                0x0000000008003ffc                I2C4_EV_IRQHandler
                0x0000000008003ffc                FDCAN2_IT0_IRQHandler
                0x0000000008003ffc                LPUART1_IRQHandler
                0x0000000008003ffc                DMA2_Channel6_IRQHandler
                0x0000000008003ffc                TIM2_IRQHandler
                0x0000000008003ffc                COMP7_IRQHandler
                0x0000000008003ffc                COMP1_2_3_IRQHandler
                0x0000000008003ffc                EXTI1_IRQHandler
                0x0000000008003ffc                COMP4_5_6_IRQHandler
                0x0000000008003ffc                TIM20_BRK_IRQHandler
                0x0000000008003ffc                I2C2_ER_IRQHandler
                0x0000000008003ffc                DMA1_Channel2_IRQHandler
                0x0000000008003ffc                TIM8_BRK_IRQHandler
                0x0000000008003ffc                FLASH_IRQHandler
                0x0000000008003ffc                TIM20_CC_IRQHandler
                0x0000000008003ffc                USART1_IRQHandler
                0x0000000008003ffc                SPI3_IRQHandler
                0x0000000008003ffc                I2C1_ER_IRQHandler
                0x0000000008003ffc                FMC_IRQHandler
                0x0000000008003ffc                LPTIM1_IRQHandler
                0x0000000008003ffc                DMAMUX_OVR_IRQHandler
                0x0000000008003ffc                I2C4_ER_IRQHandler
                0x0000000008003ffc                USBWakeUp_IRQHandler
                0x0000000008003ffc                SAI1_IRQHandler
                0x0000000008003ffc                DMA2_Channel3_IRQHandler
                0x0000000008003ffc                TIM1_BRK_TIM15_IRQHandler
 *fill*         0x0000000008003ffe        0x2 
 .text._ZN4Init15read_tilt_angleE11ICM20948_WE
                0x0000000008004000       0xcc ./Core/SysInit/sys_init.o
                0x0000000008004000                Init::read_tilt_angle(ICM20948_WE)
 .text._ZN4Init14sensor_checkupE11ICM20948_WE
                0x00000000080040cc      0x188 ./Core/SysInit/sys_init.o
                0x00000000080040cc                Init::sensor_checkup(ICM20948_WE)
 .text.HAL_Init
                0x0000000008004254       0x30 ./Drivers/STM32G4xx_HAL_Driver/Src/stm32g4xx_hal.o
                0x0000000008004254                HAL_Init
 .text.HAL_InitTick
                0x0000000008004284       0x74 ./Drivers/STM32G4xx_HAL_Driver/Src/stm32g4xx_hal.o
                0x0000000008004284                HAL_InitTick
 .text.HAL_IncTick
                0x00000000080042f8       0x24 ./Drivers/STM32G4xx_HAL_Driver/Src/stm32g4xx_hal.o
                0x00000000080042f8                HAL_IncTick
 .text.HAL_GetTick
                0x000000000800431c       0x18 ./Drivers/STM32G4xx_HAL_Driver/Src/stm32g4xx_hal.o
                0x000000000800431c                HAL_GetTick
 .text.HAL_Delay
                0x0000000008004334       0x44 ./Drivers/STM32G4xx_HAL_Driver/Src/stm32g4xx_hal.o
                0x0000000008004334                HAL_Delay
 .text.__NVIC_SetPriorityGrouping
                0x0000000008004378       0x48 ./Drivers/STM32G4xx_HAL_Driver/Src/stm32g4xx_hal_cortex.o
 .text.__NVIC_GetPriorityGrouping
                0x00000000080043c0       0x1c ./Drivers/STM32G4xx_HAL_Driver/Src/stm32g4xx_hal_cortex.o
 .text.__NVIC_EnableIRQ
                0x00000000080043dc       0x3c ./Drivers/STM32G4xx_HAL_Driver/Src/stm32g4xx_hal_cortex.o
 .text.__NVIC_DisableIRQ
                0x0000000008004418       0x48 ./Drivers/STM32G4xx_HAL_Driver/Src/stm32g4xx_hal_cortex.o
 .text.__NVIC_SetPriority
                0x0000000008004460       0x54 ./Drivers/STM32G4xx_HAL_Driver/Src/stm32g4xx_hal_cortex.o
 .text.NVIC_EncodePriority
                0x00000000080044b4       0x66 ./Drivers/STM32G4xx_HAL_Driver/Src/stm32g4xx_hal_cortex.o
 *fill*         0x000000000800451a        0x2 
 .text.__NVIC_SystemReset
                0x000000000800451c       0x2c ./Drivers/STM32G4xx_HAL_Driver/Src/stm32g4xx_hal_cortex.o
 .text.SysTick_Config
                0x0000000008004548       0x44 ./Drivers/STM32G4xx_HAL_Driver/Src/stm32g4xx_hal_cortex.o
 .text.HAL_NVIC_SetPriorityGrouping
                0x000000000800458c       0x16 ./Drivers/STM32G4xx_HAL_Driver/Src/stm32g4xx_hal_cortex.o
                0x000000000800458c                HAL_NVIC_SetPriorityGrouping
 .text.HAL_NVIC_SetPriority
                0x00000000080045a2       0x34 ./Drivers/STM32G4xx_HAL_Driver/Src/stm32g4xx_hal_cortex.o
                0x00000000080045a2                HAL_NVIC_SetPriority
 .text.HAL_NVIC_EnableIRQ
                0x00000000080045d6       0x1c ./Drivers/STM32G4xx_HAL_Driver/Src/stm32g4xx_hal_cortex.o
                0x00000000080045d6                HAL_NVIC_EnableIRQ
 .text.HAL_NVIC_DisableIRQ
                0x00000000080045f2       0x1c ./Drivers/STM32G4xx_HAL_Driver/Src/stm32g4xx_hal_cortex.o
                0x00000000080045f2                HAL_NVIC_DisableIRQ
 .text.HAL_NVIC_SystemReset
                0x000000000800460e        0x8 ./Drivers/STM32G4xx_HAL_Driver/Src/stm32g4xx_hal_cortex.o
                0x000000000800460e                HAL_NVIC_SystemReset
 .text.HAL_SYSTICK_Config
                0x0000000008004616       0x18 ./Drivers/STM32G4xx_HAL_Driver/Src/stm32g4xx_hal_cortex.o
                0x0000000008004616                HAL_SYSTICK_Config
 .text.HAL_DMA_Abort
                0x000000000800462e       0xb2 ./Drivers/STM32G4xx_HAL_Driver/Src/stm32g4xx_hal_dma.o
                0x000000000800462e                HAL_DMA_Abort
 .text.HAL_DMA_Abort_IT
                0x00000000080046e0       0xce ./Drivers/STM32G4xx_HAL_Driver/Src/stm32g4xx_hal_dma.o
                0x00000000080046e0                HAL_DMA_Abort_IT
 *fill*         0x00000000080047ae        0x2 
 .text.HAL_FDCAN_Init
                0x00000000080047b0      0x2b4 ./Drivers/STM32G4xx_HAL_Driver/Src/stm32g4xx_hal_fdcan.o
                0x00000000080047b0                HAL_FDCAN_Init
 .text.HAL_FDCAN_ConfigFilter
                0x0000000008004a64       0xb4 ./Drivers/STM32G4xx_HAL_Driver/Src/stm32g4xx_hal_fdcan.o
                0x0000000008004a64                HAL_FDCAN_ConfigFilter
 .text.HAL_FDCAN_ConfigGlobalFilter
                0x0000000008004b18       0x62 ./Drivers/STM32G4xx_HAL_Driver/Src/stm32g4xx_hal_fdcan.o
                0x0000000008004b18                HAL_FDCAN_ConfigGlobalFilter
 .text.HAL_FDCAN_Start
                0x0000000008004b7a       0x50 ./Drivers/STM32G4xx_HAL_Driver/Src/stm32g4xx_hal_fdcan.o
                0x0000000008004b7a                HAL_FDCAN_Start
 .text.HAL_FDCAN_AddMessageToTxFifoQ
                0x0000000008004bca       0x88 ./Drivers/STM32G4xx_HAL_Driver/Src/stm32g4xx_hal_fdcan.o
                0x0000000008004bca                HAL_FDCAN_AddMessageToTxFifoQ
 *fill*         0x0000000008004c52        0x2 
 .text.HAL_FDCAN_GetRxMessage
                0x0000000008004c54      0x1b4 ./Drivers/STM32G4xx_HAL_Driver/Src/stm32g4xx_hal_fdcan.o
                0x0000000008004c54                HAL_FDCAN_GetRxMessage
 .text.HAL_FDCAN_ActivateNotification
                0x0000000008004e08      0x1cc ./Drivers/STM32G4xx_HAL_Driver/Src/stm32g4xx_hal_fdcan.o
                0x0000000008004e08                HAL_FDCAN_ActivateNotification
 .text.HAL_FDCAN_IRQHandler
                0x0000000008004fd4      0x272 ./Drivers/STM32G4xx_HAL_Driver/Src/stm32g4xx_hal_fdcan.o
                0x0000000008004fd4                HAL_FDCAN_IRQHandler
 .text.HAL_FDCAN_TxEventFifoCallback
                0x0000000008005246       0x16 ./Drivers/STM32G4xx_HAL_Driver/Src/stm32g4xx_hal_fdcan.o
                0x0000000008005246                HAL_FDCAN_TxEventFifoCallback
 .text.HAL_FDCAN_RxFifo1Callback
                0x000000000800525c       0x16 ./Drivers/STM32G4xx_HAL_Driver/Src/stm32g4xx_hal_fdcan.o
                0x000000000800525c                HAL_FDCAN_RxFifo1Callback
 .text.HAL_FDCAN_TxFifoEmptyCallback
                0x0000000008005272       0x14 ./Drivers/STM32G4xx_HAL_Driver/Src/stm32g4xx_hal_fdcan.o
                0x0000000008005272                HAL_FDCAN_TxFifoEmptyCallback
 .text.HAL_FDCAN_TxBufferCompleteCallback
                0x0000000008005286       0x16 ./Drivers/STM32G4xx_HAL_Driver/Src/stm32g4xx_hal_fdcan.o
                0x0000000008005286                HAL_FDCAN_TxBufferCompleteCallback
 .text.HAL_FDCAN_TxBufferAbortCallback
                0x000000000800529c       0x16 ./Drivers/STM32G4xx_HAL_Driver/Src/stm32g4xx_hal_fdcan.o
                0x000000000800529c                HAL_FDCAN_TxBufferAbortCallback
 .text.HAL_FDCAN_TimestampWraparoundCallback
                0x00000000080052b2       0x14 ./Drivers/STM32G4xx_HAL_Driver/Src/stm32g4xx_hal_fdcan.o
                0x00000000080052b2                HAL_FDCAN_TimestampWraparoundCallback
 .text.HAL_FDCAN_TimeoutOccurredCallback
                0x00000000080052c6       0x14 ./Drivers/STM32G4xx_HAL_Driver/Src/stm32g4xx_hal_fdcan.o
                0x00000000080052c6                HAL_FDCAN_TimeoutOccurredCallback
 .text.HAL_FDCAN_HighPriorityMessageCallback
                0x00000000080052da       0x14 ./Drivers/STM32G4xx_HAL_Driver/Src/stm32g4xx_hal_fdcan.o
                0x00000000080052da                HAL_FDCAN_HighPriorityMessageCallback
 .text.HAL_FDCAN_ErrorCallback
                0x00000000080052ee       0x14 ./Drivers/STM32G4xx_HAL_Driver/Src/stm32g4xx_hal_fdcan.o
                0x00000000080052ee                HAL_FDCAN_ErrorCallback
 .text.HAL_FDCAN_ErrorStatusCallback
                0x0000000008005302       0x16 ./Drivers/STM32G4xx_HAL_Driver/Src/stm32g4xx_hal_fdcan.o
                0x0000000008005302                HAL_FDCAN_ErrorStatusCallback
 .text.FDCAN_CalcultateRamBlockAddresses
                0x0000000008005318       0xd8 ./Drivers/STM32G4xx_HAL_Driver/Src/stm32g4xx_hal_fdcan.o
 .text.FDCAN_CopyMessageToRAM
                0x00000000080053f0       0xf8 ./Drivers/STM32G4xx_HAL_Driver/Src/stm32g4xx_hal_fdcan.o
 .text.HAL_GPIO_Init
                0x00000000080054e8      0x304 ./Drivers/STM32G4xx_HAL_Driver/Src/stm32g4xx_hal_gpio.o
                0x00000000080054e8                HAL_GPIO_Init
 .text.HAL_GPIO_WritePin
                0x00000000080057ec       0x30 ./Drivers/STM32G4xx_HAL_Driver/Src/stm32g4xx_hal_gpio.o
                0x00000000080057ec                HAL_GPIO_WritePin
 .text.HAL_GPIO_TogglePin
                0x000000000800581c       0x34 ./Drivers/STM32G4xx_HAL_Driver/Src/stm32g4xx_hal_gpio.o
                0x000000000800581c                HAL_GPIO_TogglePin
 .text.HAL_GPIO_EXTI_IRQHandler
                0x0000000008005850       0x30 ./Drivers/STM32G4xx_HAL_Driver/Src/stm32g4xx_hal_gpio.o
                0x0000000008005850                HAL_GPIO_EXTI_IRQHandler
 .text.HAL_GPIO_EXTI_Callback
                0x0000000008005880       0x16 ./Drivers/STM32G4xx_HAL_Driver/Src/stm32g4xx_hal_gpio.o
                0x0000000008005880                HAL_GPIO_EXTI_Callback
 .text.HAL_I2C_Init
                0x0000000008005896      0x11e ./Drivers/STM32G4xx_HAL_Driver/Src/stm32g4xx_hal_i2c.o
                0x0000000008005896                HAL_I2C_Init
 .text.HAL_I2C_Master_Transmit
                0x00000000080059b4      0x1e8 ./Drivers/STM32G4xx_HAL_Driver/Src/stm32g4xx_hal_i2c.o
                0x00000000080059b4                HAL_I2C_Master_Transmit
 .text.HAL_I2C_Master_Receive
                0x0000000008005b9c      0x1ec ./Drivers/STM32G4xx_HAL_Driver/Src/stm32g4xx_hal_i2c.o
                0x0000000008005b9c                HAL_I2C_Master_Receive
 .text.HAL_I2C_IsDeviceReady
                0x0000000008005d88      0x20e ./Drivers/STM32G4xx_HAL_Driver/Src/stm32g4xx_hal_i2c.o
                0x0000000008005d88                HAL_I2C_IsDeviceReady
 .text.I2C_Flush_TXDR
                0x0000000008005f96       0x48 ./Drivers/STM32G4xx_HAL_Driver/Src/stm32g4xx_hal_i2c.o
 .text.I2C_WaitOnFlagUntilTimeout
                0x0000000008005fde       0x80 ./Drivers/STM32G4xx_HAL_Driver/Src/stm32g4xx_hal_i2c.o
 .text.I2C_WaitOnTXISFlagUntilTimeout
                0x000000000800605e       0x80 ./Drivers/STM32G4xx_HAL_Driver/Src/stm32g4xx_hal_i2c.o
 .text.I2C_WaitOnSTOPFlagUntilTimeout
                0x00000000080060de       0x78 ./Drivers/STM32G4xx_HAL_Driver/Src/stm32g4xx_hal_i2c.o
 *fill*         0x0000000008006156        0x2 
 .text.I2C_WaitOnRXNEFlagUntilTimeout
                0x0000000008006158       0xf4 ./Drivers/STM32G4xx_HAL_Driver/Src/stm32g4xx_hal_i2c.o
 .text.I2C_IsErrorOccurred
                0x000000000800624c      0x1d8 ./Drivers/STM32G4xx_HAL_Driver/Src/stm32g4xx_hal_i2c.o
 .text.I2C_TransferConfig
                0x0000000008006424       0x64 ./Drivers/STM32G4xx_HAL_Driver/Src/stm32g4xx_hal_i2c.o
 .text.HAL_I2CEx_ConfigAnalogFilter
                0x0000000008006488       0x96 ./Drivers/STM32G4xx_HAL_Driver/Src/stm32g4xx_hal_i2c_ex.o
                0x0000000008006488                HAL_I2CEx_ConfigAnalogFilter
 .text.HAL_I2CEx_ConfigDigitalFilter
                0x000000000800651e       0x98 ./Drivers/STM32G4xx_HAL_Driver/Src/stm32g4xx_hal_i2c_ex.o
                0x000000000800651e                HAL_I2CEx_ConfigDigitalFilter
 *fill*         0x00000000080065b6        0x2 
 .text.HAL_PWREx_ControlVoltageScaling
                0x00000000080065b8      0x148 ./Drivers/STM32G4xx_HAL_Driver/Src/stm32g4xx_hal_pwr_ex.o
                0x00000000080065b8                HAL_PWREx_ControlVoltageScaling
 .text.HAL_PWREx_DisableUCPDDeadBattery
                0x0000000008006700       0x20 ./Drivers/STM32G4xx_HAL_Driver/Src/stm32g4xx_hal_pwr_ex.o
                0x0000000008006700                HAL_PWREx_DisableUCPDDeadBattery
 .text.HAL_RCC_OscConfig
                0x0000000008006720      0x630 ./Drivers/STM32G4xx_HAL_Driver/Src/stm32g4xx_hal_rcc.o
                0x0000000008006720                HAL_RCC_OscConfig
 .text.HAL_RCC_ClockConfig
                0x0000000008006d50      0x278 ./Drivers/STM32G4xx_HAL_Driver/Src/stm32g4xx_hal_rcc.o
                0x0000000008006d50                HAL_RCC_ClockConfig
 .text.HAL_RCC_GetSysClockFreq
                0x0000000008006fc8       0xc4 ./Drivers/STM32G4xx_HAL_Driver/Src/stm32g4xx_hal_rcc.o
                0x0000000008006fc8                HAL_RCC_GetSysClockFreq
 .text.HAL_RCC_GetHCLKFreq
                0x000000000800708c       0x18 ./Drivers/STM32G4xx_HAL_Driver/Src/stm32g4xx_hal_rcc.o
                0x000000000800708c                HAL_RCC_GetHCLKFreq
 .text.HAL_RCC_GetPCLK1Freq
                0x00000000080070a4       0x2c ./Drivers/STM32G4xx_HAL_Driver/Src/stm32g4xx_hal_rcc.o
                0x00000000080070a4                HAL_RCC_GetPCLK1Freq
 .text.HAL_RCC_GetPCLK2Freq
                0x00000000080070d0       0x2c ./Drivers/STM32G4xx_HAL_Driver/Src/stm32g4xx_hal_rcc.o
                0x00000000080070d0                HAL_RCC_GetPCLK2Freq
 .text.RCC_GetSysClockFreqFromPLLSource
                0x00000000080070fc       0x8c ./Drivers/STM32G4xx_HAL_Driver/Src/stm32g4xx_hal_rcc.o
 .text.HAL_RCCEx_PeriphCLKConfig
                0x0000000008007188      0x49c ./Drivers/STM32G4xx_HAL_Driver/Src/stm32g4xx_hal_rcc_ex.o
                0x0000000008007188                HAL_RCCEx_PeriphCLKConfig
 .text.HAL_TIM_Base_Init
                0x0000000008007624       0xae ./Drivers/STM32G4xx_HAL_Driver/Src/stm32g4xx_hal_tim.o
                0x0000000008007624                HAL_TIM_Base_Init
 .text.HAL_TIM_PWM_Init
                0x00000000080076d2       0xae ./Drivers/STM32G4xx_HAL_Driver/Src/stm32g4xx_hal_tim.o
                0x00000000080076d2                HAL_TIM_PWM_Init
 .text.HAL_TIM_PWM_MspInit
                0x0000000008007780       0x14 ./Drivers/STM32G4xx_HAL_Driver/Src/stm32g4xx_hal_tim.o
                0x0000000008007780                HAL_TIM_PWM_MspInit
 .text.HAL_TIM_PWM_Start
                0x0000000008007794      0x224 ./Drivers/STM32G4xx_HAL_Driver/Src/stm32g4xx_hal_tim.o
                0x0000000008007794                HAL_TIM_PWM_Start
 .text.HAL_TIM_PWM_ConfigChannel
                0x00000000080079b8      0x228 ./Drivers/STM32G4xx_HAL_Driver/Src/stm32g4xx_hal_tim.o
                0x00000000080079b8                HAL_TIM_PWM_ConfigChannel
 .text.HAL_TIM_ConfigClockSource
                0x0000000008007be0      0x22c ./Drivers/STM32G4xx_HAL_Driver/Src/stm32g4xx_hal_tim.o
                0x0000000008007be0                HAL_TIM_ConfigClockSource
 .text.TIM_Base_SetConfig
                0x0000000008007e0c      0x150 ./Drivers/STM32G4xx_HAL_Driver/Src/stm32g4xx_hal_tim.o
                0x0000000008007e0c                TIM_Base_SetConfig
 .text.TIM_OC1_SetConfig
                0x0000000008007f5c      0x134 ./Drivers/STM32G4xx_HAL_Driver/Src/stm32g4xx_hal_tim.o
 .text.TIM_OC2_SetConfig
                0x0000000008008090      0x128 ./Drivers/STM32G4xx_HAL_Driver/Src/stm32g4xx_hal_tim.o
                0x0000000008008090                TIM_OC2_SetConfig
 .text.TIM_OC3_SetConfig
                0x00000000080081b8      0x124 ./Drivers/STM32G4xx_HAL_Driver/Src/stm32g4xx_hal_tim.o
 .text.TIM_OC4_SetConfig
                0x00000000080082dc      0x128 ./Drivers/STM32G4xx_HAL_Driver/Src/stm32g4xx_hal_tim.o
 .text.TIM_OC5_SetConfig
                0x0000000008008404       0xd4 ./Drivers/STM32G4xx_HAL_Driver/Src/stm32g4xx_hal_tim.o
 .text.TIM_OC6_SetConfig
                0x00000000080084d8       0xd8 ./Drivers/STM32G4xx_HAL_Driver/Src/stm32g4xx_hal_tim.o
 .text.TIM_TI1_ConfigInputStage
                0x00000000080085b0       0x5e ./Drivers/STM32G4xx_HAL_Driver/Src/stm32g4xx_hal_tim.o
 .text.TIM_TI2_ConfigInputStage
                0x000000000800860e       0x60 ./Drivers/STM32G4xx_HAL_Driver/Src/stm32g4xx_hal_tim.o
 .text.TIM_ITRx_SetConfig
                0x000000000800866e       0x3a ./Drivers/STM32G4xx_HAL_Driver/Src/stm32g4xx_hal_tim.o
 .text.TIM_ETR_SetConfig
                0x00000000080086a8       0x40 ./Drivers/STM32G4xx_HAL_Driver/Src/stm32g4xx_hal_tim.o
                0x00000000080086a8                TIM_ETR_SetConfig
 .text.TIM_CCxChannelCmd
                0x00000000080086e8       0x4a ./Drivers/STM32G4xx_HAL_Driver/Src/stm32g4xx_hal_tim.o
                0x00000000080086e8                TIM_CCxChannelCmd
 *fill*         0x0000000008008732        0x2 
 .text.HAL_TIMEx_MasterConfigSynchronization
                0x0000000008008734      0x12c ./Drivers/STM32G4xx_HAL_Driver/Src/stm32g4xx_hal_tim_ex.o
                0x0000000008008734                HAL_TIMEx_MasterConfigSynchronization
 .text.HAL_UART_Init
                0x0000000008008860       0xa0 ./Drivers/STM32G4xx_HAL_Driver/Src/stm32g4xx_hal_uart.o
                0x0000000008008860                HAL_UART_Init
 .text.HAL_UART_Transmit
                0x0000000008008900      0x12c ./Drivers/STM32G4xx_HAL_Driver/Src/stm32g4xx_hal_uart.o
                0x0000000008008900                HAL_UART_Transmit
 .text.HAL_UART_Transmit_IT
                0x0000000008008a2c      0x150 ./Drivers/STM32G4xx_HAL_Driver/Src/stm32g4xx_hal_uart.o
                0x0000000008008a2c                HAL_UART_Transmit_IT
 .text.HAL_UART_Receive_IT
                0x0000000008008b7c       0xac ./Drivers/STM32G4xx_HAL_Driver/Src/stm32g4xx_hal_uart.o
                0x0000000008008b7c                HAL_UART_Receive_IT
 .text.HAL_UART_IRQHandler
                0x0000000008008c28      0x630 ./Drivers/STM32G4xx_HAL_Driver/Src/stm32g4xx_hal_uart.o
                0x0000000008008c28                HAL_UART_IRQHandler
 .text.HAL_UART_ErrorCallback
                0x0000000008009258       0x14 ./Drivers/STM32G4xx_HAL_Driver/Src/stm32g4xx_hal_uart.o
                0x0000000008009258                HAL_UART_ErrorCallback
 .text.HAL_UARTEx_RxEventCallback
                0x000000000800926c       0x18 ./Drivers/STM32G4xx_HAL_Driver/Src/stm32g4xx_hal_uart.o
                0x000000000800926c                HAL_UARTEx_RxEventCallback
 .text.UART_SetConfig
                0x0000000008009284      0x5f8 ./Drivers/STM32G4xx_HAL_Driver/Src/stm32g4xx_hal_uart.o
                0x0000000008009284                UART_SetConfig
 .text.UART_AdvFeatureConfig
                0x000000000800987c      0x144 ./Drivers/STM32G4xx_HAL_Driver/Src/stm32g4xx_hal_uart.o
                0x000000000800987c                UART_AdvFeatureConfig
 .text.UART_CheckIdleState
                0x00000000080099c0       0x96 ./Drivers/STM32G4xx_HAL_Driver/Src/stm32g4xx_hal_uart.o
                0x00000000080099c0                UART_CheckIdleState
 .text.UART_WaitOnFlagUntilTimeout
                0x0000000008009a56      0x190 ./Drivers/STM32G4xx_HAL_Driver/Src/stm32g4xx_hal_uart.o
                0x0000000008009a56                UART_WaitOnFlagUntilTimeout
 *fill*         0x0000000008009be6        0x2 
 .text.UART_Start_Receive_IT
                0x0000000008009be8      0x254 ./Drivers/STM32G4xx_HAL_Driver/Src/stm32g4xx_hal_uart.o
                0x0000000008009be8                UART_Start_Receive_IT
 .text.UART_EndRxTransfer
                0x0000000008009e3c       0xcc ./Drivers/STM32G4xx_HAL_Driver/Src/stm32g4xx_hal_uart.o
 .text.UART_DMAAbortOnError
                0x0000000008009f08       0x2c ./Drivers/STM32G4xx_HAL_Driver/Src/stm32g4xx_hal_uart.o
 .text.UART_TxISR_8BIT
                0x0000000008009f34       0xb8 ./Drivers/STM32G4xx_HAL_Driver/Src/stm32g4xx_hal_uart.o
 .text.UART_TxISR_16BIT
                0x0000000008009fec       0xc2 ./Drivers/STM32G4xx_HAL_Driver/Src/stm32g4xx_hal_uart.o
 .text.UART_TxISR_8BIT_FIFOEN
                0x000000000800a0ae       0xe0 ./Drivers/STM32G4xx_HAL_Driver/Src/stm32g4xx_hal_uart.o
 .text.UART_TxISR_16BIT_FIFOEN
                0x000000000800a18e       0xea ./Drivers/STM32G4xx_HAL_Driver/Src/stm32g4xx_hal_uart.o
 .text.UART_EndTransmit_IT
                0x000000000800a278       0x56 ./Drivers/STM32G4xx_HAL_Driver/Src/stm32g4xx_hal_uart.o
 .text.UART_RxISR_8BIT
                0x000000000800a2ce      0x160 ./Drivers/STM32G4xx_HAL_Driver/Src/stm32g4xx_hal_uart.o
 .text.UART_RxISR_16BIT
                0x000000000800a42e      0x160 ./Drivers/STM32G4xx_HAL_Driver/Src/stm32g4xx_hal_uart.o
 *fill*         0x000000000800a58e        0x2 
 .text.UART_RxISR_8BIT_FIFOEN
                0x000000000800a590      0x2f8 ./Drivers/STM32G4xx_HAL_Driver/Src/stm32g4xx_hal_uart.o
 .text.UART_RxISR_16BIT_FIFOEN
                0x000000000800a888      0x300 ./Drivers/STM32G4xx_HAL_Driver/Src/stm32g4xx_hal_uart.o
 .text.HAL_UARTEx_WakeupCallback
                0x000000000800ab88       0x14 ./Drivers/STM32G4xx_HAL_Driver/Src/stm32g4xx_hal_uart_ex.o
                0x000000000800ab88                HAL_UARTEx_WakeupCallback
 .text.HAL_UARTEx_RxFifoFullCallback
                0x000000000800ab9c       0x14 ./Drivers/STM32G4xx_HAL_Driver/Src/stm32g4xx_hal_uart_ex.o
                0x000000000800ab9c                HAL_UARTEx_RxFifoFullCallback
 .text.HAL_UARTEx_TxFifoEmptyCallback
                0x000000000800abb0       0x14 ./Drivers/STM32G4xx_HAL_Driver/Src/stm32g4xx_hal_uart_ex.o
                0x000000000800abb0                HAL_UARTEx_TxFifoEmptyCallback
 .text.HAL_UARTEx_DisableFifoMode
                0x000000000800abc4       0x72 ./Drivers/STM32G4xx_HAL_Driver/Src/stm32g4xx_hal_uart_ex.o
                0x000000000800abc4                HAL_UARTEx_DisableFifoMode
 .text.HAL_UARTEx_SetTxFifoThreshold
                0x000000000800ac36       0x7c ./Drivers/STM32G4xx_HAL_Driver/Src/stm32g4xx_hal_uart_ex.o
                0x000000000800ac36                HAL_UARTEx_SetTxFifoThreshold
 .text.HAL_UARTEx_SetRxFifoThreshold
                0x000000000800acb2       0x7c ./Drivers/STM32G4xx_HAL_Driver/Src/stm32g4xx_hal_uart_ex.o
                0x000000000800acb2                HAL_UARTEx_SetRxFifoThreshold
 *fill*         0x000000000800ad2e        0x2 
 .text.UARTEx_SetNbDataToProcess
                0x000000000800ad30       0x9c ./Drivers/STM32G4xx_HAL_Driver/Src/stm32g4xx_hal_uart_ex.o
 .text._ZNSaIcEC2Ev
                0x000000000800adcc        0x2 /opt/st/stm32cubeide_1.9.0_2/plugins/com.st.stm32cube.ide.mcu.externaltools.gnu-tools-for-stm32.10.3-2021.10.linux64_1.0.0.202111181127/tools/bin/../lib/gcc/arm-none-eabi/10.3.1/../../../../arm-none-eabi/lib/thumb/v7e-m+fp/hard/libstdc++_nano.a(allocator-inst.o)
                0x000000000800adcc                std::allocator<char>::allocator()
                0x000000000800adcc                std::allocator<char>::allocator()
 .text._ZNSaIcED2Ev
                0x000000000800adce        0x2 /opt/st/stm32cubeide_1.9.0_2/plugins/com.st.stm32cube.ide.mcu.externaltools.gnu-tools-for-stm32.10.3-2021.10.linux64_1.0.0.202111181127/tools/bin/../lib/gcc/arm-none-eabi/10.3.1/../../../../arm-none-eabi/lib/thumb/v7e-m+fp/hard/libstdc++_nano.a(allocator-inst.o)
                0x000000000800adce                std::allocator<char>::~allocator()
                0x000000000800adce                std::allocator<char>::~allocator()
 .text.unlikely._ZSt17__throw_bad_allocv
                0x000000000800add0        0x6 /opt/st/stm32cubeide_1.9.0_2/plugins/com.st.stm32cube.ide.mcu.externaltools.gnu-tools-for-stm32.10.3-2021.10.linux64_1.0.0.202111181127/tools/bin/../lib/gcc/arm-none-eabi/10.3.1/../../../../arm-none-eabi/lib/thumb/v7e-m+fp/hard/libstdc++_nano.a(functexcept.o)
                0x000000000800add0                std::__throw_bad_alloc()
 .text.unlikely._ZSt19__throw_logic_errorPKc
                0x000000000800add6        0x6 /opt/st/stm32cubeide_1.9.0_2/plugins/com.st.stm32cube.ide.mcu.externaltools.gnu-tools-for-stm32.10.3-2021.10.linux64_1.0.0.202111181127/tools/bin/../lib/gcc/arm-none-eabi/10.3.1/../../../../arm-none-eabi/lib/thumb/v7e-m+fp/hard/libstdc++_nano.a(functexcept.o)
                0x000000000800add6                std::__throw_logic_error(char const*)
 .text.unlikely._ZSt24__throw_invalid_argumentPKc
                0x000000000800addc        0x6 /opt/st/stm32cubeide_1.9.0_2/plugins/com.st.stm32cube.ide.mcu.externaltools.gnu-tools-for-stm32.10.3-2021.10.linux64_1.0.0.202111181127/tools/bin/../lib/gcc/arm-none-eabi/10.3.1/../../../../arm-none-eabi/lib/thumb/v7e-m+fp/hard/libstdc++_nano.a(functexcept.o)
                0x000000000800addc                std::__throw_invalid_argument(char const*)
 .text.unlikely._ZSt20__throw_length_errorPKc
                0x000000000800ade2        0x6 /opt/st/stm32cubeide_1.9.0_2/plugins/com.st.stm32cube.ide.mcu.externaltools.gnu-tools-for-stm32.10.3-2021.10.linux64_1.0.0.202111181127/tools/bin/../lib/gcc/arm-none-eabi/10.3.1/../../../../arm-none-eabi/lib/thumb/v7e-m+fp/hard/libstdc++_nano.a(functexcept.o)
                0x000000000800ade2                std::__throw_length_error(char const*)
 .text.unlikely._ZSt20__throw_out_of_rangePKc
                0x000000000800ade8        0x6 /opt/st/stm32cubeide_1.9.0_2/plugins/com.st.stm32cube.ide.mcu.externaltools.gnu-tools-for-stm32.10.3-2021.10.linux64_1.0.0.202111181127/tools/bin/../lib/gcc/arm-none-eabi/10.3.1/../../../../arm-none-eabi/lib/thumb/v7e-m+fp/hard/libstdc++_nano.a(functexcept.o)
                0x000000000800ade8                std::__throw_out_of_range(char const*)
 .text._ZNSt11char_traitsIcE4copyEPcPKcj.isra.0
                0x000000000800adee        0x8 /opt/st/stm32cubeide_1.9.0_2/plugins/com.st.stm32cube.ide.mcu.externaltools.gnu-tools-for-stm32.10.3-2021.10.linux64_1.0.0.202111181127/tools/bin/../lib/gcc/arm-none-eabi/10.3.1/../../../../arm-none-eabi/lib/thumb/v7e-m+fp/hard/libstdc++_nano.a(string-inst.o)
 *fill*         0x000000000800adf6        0x2 
 .text._ZNSt7__cxx1112basic_stringIcSt11char_traitsIcESaIcEE9_M_createERjj
                0x000000000800adf8       0x44 /opt/st/stm32cubeide_1.9.0_2/plugins/com.st.stm32cube.ide.mcu.externaltools.gnu-tools-for-stm32.10.3-2021.10.linux64_1.0.0.202111181127/tools/bin/../lib/gcc/arm-none-eabi/10.3.1/../../../../arm-none-eabi/lib/thumb/v7e-m+fp/hard/libstdc++_nano.a(string-inst.o)
                0x000000000800adf8                std::__cxx11::basic_string<char, std::char_traits<char>, std::allocator<char> >::_M_create(unsigned int&, unsigned int)
 .text._ZNSt7__cxx1112basic_stringIcSt11char_traitsIcESaIcEE10_M_disposeEv
                0x000000000800ae3c       0x10 /opt/st/stm32cubeide_1.9.0_2/plugins/com.st.stm32cube.ide.mcu.externaltools.gnu-tools-for-stm32.10.3-2021.10.linux64_1.0.0.202111181127/tools/bin/../lib/gcc/arm-none-eabi/10.3.1/../../../../arm-none-eabi/lib/thumb/v7e-m+fp/hard/libstdc++_nano.a(string-inst.o)
                0x000000000800ae3c                std::__cxx11::basic_string<char, std::char_traits<char>, std::allocator<char> >::_M_dispose()
 .text._ZNSt7__cxx1112basic_stringIcSt11char_traitsIcESaIcEE7_S_copyEPcPKcj
                0x000000000800ae4c       0x18 /opt/st/stm32cubeide_1.9.0_2/plugins/com.st.stm32cube.ide.mcu.externaltools.gnu-tools-for-stm32.10.3-2021.10.linux64_1.0.0.202111181127/tools/bin/../lib/gcc/arm-none-eabi/10.3.1/../../../../arm-none-eabi/lib/thumb/v7e-m+fp/hard/libstdc++_nano.a(string-inst.o)
                0x000000000800ae4c                std::__cxx11::basic_string<char, std::char_traits<char>, std::allocator<char> >::_S_copy(char*, char const*, unsigned int)
 .text._ZNSt7__cxx1112basic_stringIcSt11char_traitsIcESaIcEE13_S_copy_charsEPcPKcS7_
                0x000000000800ae64        0xa /opt/st/stm32cubeide_1.9.0_2/plugins/com.st.stm32cube.ide.mcu.externaltools.gnu-tools-for-stm32.10.3-2021.10.linux64_1.0.0.202111181127/tools/bin/../lib/gcc/arm-none-eabi/10.3.1/../../../../arm-none-eabi/lib/thumb/v7e-m+fp/hard/libstdc++_nano.a(string-inst.o)
                0x000000000800ae64                std::__cxx11::basic_string<char, std::char_traits<char>, std::allocator<char> >::_S_copy_chars(char*, char const*, char const*)
 .text._ZNSt7__cxx1112basic_stringIcSt11char_traitsIcESaIcEED2Ev
                0x000000000800ae6e        0xc /opt/st/stm32cubeide_1.9.0_2/plugins/com.st.stm32cube.ide.mcu.externaltools.gnu-tools-for-stm32.10.3-2021.10.linux64_1.0.0.202111181127/tools/bin/../lib/gcc/arm-none-eabi/10.3.1/../../../../arm-none-eabi/lib/thumb/v7e-m+fp/hard/libstdc++_nano.a(string-inst.o)
                0x000000000800ae6e                std::__cxx11::basic_string<char, std::char_traits<char>, std::allocator<char> >::~basic_string()
                0x000000000800ae6e                std::__cxx11::basic_string<char, std::char_traits<char>, std::allocator<char> >::~basic_string()
 .text._ZNKSt7__cxx1112basic_stringIcSt11char_traitsIcESaIcEE5c_strEv
                0x000000000800ae7a        0x4 /opt/st/stm32cubeide_1.9.0_2/plugins/com.st.stm32cube.ide.mcu.externaltools.gnu-tools-for-stm32.10.3-2021.10.linux64_1.0.0.202111181127/tools/bin/../lib/gcc/arm-none-eabi/10.3.1/../../../../arm-none-eabi/lib/thumb/v7e-m+fp/hard/libstdc++_nano.a(string-inst.o)
                0x000000000800ae7a                std::__cxx11::basic_string<char, std::char_traits<char>, std::allocator<char> >::c_str() const
 *fill*         0x000000000800ae7e        0x2 
 .text._ZNSt7__cxx1112basic_stringIcSt11char_traitsIcESaIcEE12_M_constructIPKcEEvT_S8_St20forward_iterator_tag
                0x000000000800ae80       0x48 /opt/st/stm32cubeide_1.9.0_2/plugins/com.st.stm32cube.ide.mcu.externaltools.gnu-tools-for-stm32.10.3-2021.10.linux64_1.0.0.202111181127/tools/bin/../lib/gcc/arm-none-eabi/10.3.1/../../../../arm-none-eabi/lib/thumb/v7e-m+fp/hard/libstdc++_nano.a(string-inst.o)
                0x000000000800ae80                void std::__cxx11::basic_string<char, std::char_traits<char>, std::allocator<char> >::_M_construct<char const*>(char const*, char const*, std::forward_iterator_tag)
 .text._ZNSt7__cxx1112basic_stringIcSt11char_traitsIcESaIcEEC2EPKcRKS3_
                0x000000000800aec8       0x2a /opt/st/stm32cubeide_1.9.0_2/plugins/com.st.stm32cube.ide.mcu.externaltools.gnu-tools-for-stm32.10.3-2021.10.linux64_1.0.0.202111181127/tools/bin/../lib/gcc/arm-none-eabi/10.3.1/../../../../arm-none-eabi/lib/thumb/v7e-m+fp/hard/libstdc++_nano.a(string-inst.o)
                0x000000000800aec8                std::__cxx11::basic_string<char, std::char_traits<char>, std::allocator<char> >::basic_string(char const*, std::allocator<char> const&)
                0x000000000800aec8                std::__cxx11::basic_string<char, std::char_traits<char>, std::allocator<char> >::basic_string(char const*, std::allocator<char> const&)
 .text._ZdlPv   0x000000000800aef2        0x4 /opt/st/stm32cubeide_1.9.0_2/plugins/com.st.stm32cube.ide.mcu.externaltools.gnu-tools-for-stm32.10.3-2021.10.linux64_1.0.0.202111181127/tools/bin/../lib/gcc/arm-none-eabi/10.3.1/../../../../arm-none-eabi/lib/thumb/v7e-m+fp/hard/libstdc++_nano.a(del_op.o)
                0x000000000800aef2                operator delete(void*)
 .text._Znwj    0x000000000800aef6       0x22 /opt/st/stm32cubeide_1.9.0_2/plugins/com.st.stm32cube.ide.mcu.externaltools.gnu-tools-for-stm32.10.3-2021.10.linux64_1.0.0.202111181127/tools/bin/../lib/gcc/arm-none-eabi/10.3.1/../../../../arm-none-eabi/lib/thumb/v7e-m+fp/hard/libstdc++_nano.a(new_op.o)
                0x000000000800aef6                operator new(unsigned int)
 .text._ZSt15get_new_handlerv
                0x000000000800af18       0x10 /opt/st/stm32cubeide_1.9.0_2/plugins/com.st.stm32cube.ide.mcu.externaltools.gnu-tools-for-stm32.10.3-2021.10.linux64_1.0.0.202111181127/tools/bin/../lib/gcc/arm-none-eabi/10.3.1/../../../../arm-none-eabi/lib/thumb/v7e-m+fp/hard/libstdc++_nano.a(new_handler.o)
                0x000000000800af18                std::get_new_handler()
 .text.asinf    0x000000000800af28       0x58 /opt/st/stm32cubeide_1.9.0_2/plugins/com.st.stm32cube.ide.mcu.externaltools.gnu-tools-for-stm32.10.3-2021.10.linux64_1.0.0.202111181127/tools/bin/../lib/gcc/arm-none-eabi/10.3.1/../../../../arm-none-eabi/lib/thumb/v7e-m+fp/hard/libm.a(lib_a-wf_asin.o)
                0x000000000800af28                asinf
 .text.__ieee754_asinf
                0x000000000800af80      0x1cc /opt/st/stm32cubeide_1.9.0_2/plugins/com.st.stm32cube.ide.mcu.externaltools.gnu-tools-for-stm32.10.3-2021.10.linux64_1.0.0.202111181127/tools/bin/../lib/gcc/arm-none-eabi/10.3.1/../../../../arm-none-eabi/lib/thumb/v7e-m+fp/hard/libm.a(lib_a-ef_asin.o)
                0x000000000800af80                __ieee754_asinf
 .text.__ieee754_sqrtf
                0x000000000800b14c        0x6 /opt/st/stm32cubeide_1.9.0_2/plugins/com.st.stm32cube.ide.mcu.externaltools.gnu-tools-for-stm32.10.3-2021.10.linux64_1.0.0.202111181127/tools/bin/../lib/gcc/arm-none-eabi/10.3.1/../../../../arm-none-eabi/lib/thumb/v7e-m+fp/hard/libm.a(lib_a-ef_sqrt.o)
                0x000000000800b14c                __ieee754_sqrtf
 *fill*         0x000000000800b152        0x6 
 .text.nan      0x000000000800b158       0x10 /opt/st/stm32cubeide_1.9.0_2/plugins/com.st.stm32cube.ide.mcu.externaltools.gnu-tools-for-stm32.10.3-2021.10.linux64_1.0.0.202111181127/tools/bin/../lib/gcc/arm-none-eabi/10.3.1/../../../../arm-none-eabi/lib/thumb/v7e-m+fp/hard/libm.a(lib_a-s_nan.o)
                0x000000000800b158                nan
 .text.fabsf    0x000000000800b168        0xe /opt/st/stm32cubeide_1.9.0_2/plugins/com.st.stm32cube.ide.mcu.externaltools.gnu-tools-for-stm32.10.3-2021.10.linux64_1.0.0.202111181127/tools/bin/../lib/gcc/arm-none-eabi/10.3.1/../../../../arm-none-eabi/lib/thumb/v7e-m+fp/hard/libm.a(lib_a-sf_fabs.o)
                0x000000000800b168                fabsf
 *fill*         0x000000000800b176        0x2 
 .text.nanf     0x000000000800b178        0xc /opt/st/stm32cubeide_1.9.0_2/plugins/com.st.stm32cube.ide.mcu.externaltools.gnu-tools-for-stm32.10.3-2021.10.linux64_1.0.0.202111181127/tools/bin/../lib/gcc/arm-none-eabi/10.3.1/../../../../arm-none-eabi/lib/thumb/v7e-m+fp/hard/libm.a(lib_a-sf_nan.o)
                0x000000000800b178                nanf
 .text.abort    0x000000000800b184        0xe /opt/st/stm32cubeide_1.9.0_2/plugins/com.st.stm32cube.ide.mcu.externaltools.gnu-tools-for-stm32.10.3-2021.10.linux64_1.0.0.202111181127/tools/bin/../lib/gcc/arm-none-eabi/10.3.1/../../../../arm-none-eabi/lib/thumb/v7e-m+fp/hard/libc_nano.a(lib_a-abort.o)
                0x000000000800b184                abort
 *fill*         0x000000000800b192        0x2 
 .text.__errno  0x000000000800b194        0xc /opt/st/stm32cubeide_1.9.0_2/plugins/com.st.stm32cube.ide.mcu.externaltools.gnu-tools-for-stm32.10.3-2021.10.linux64_1.0.0.202111181127/tools/bin/../lib/gcc/arm-none-eabi/10.3.1/../../../../arm-none-eabi/lib/thumb/v7e-m+fp/hard/libc_nano.a(lib_a-errno.o)
                0x000000000800b194                __errno
 .text.__sflush_r
                0x000000000800b1a0      0x10c /opt/st/stm32cubeide_1.9.0_2/plugins/com.st.stm32cube.ide.mcu.externaltools.gnu-tools-for-stm32.10.3-2021.10.linux64_1.0.0.202111181127/tools/bin/../lib/gcc/arm-none-eabi/10.3.1/../../../../arm-none-eabi/lib/thumb/v7e-m+fp/hard/libc_nano.a(lib_a-fflush.o)
                0x000000000800b1a0                __sflush_r
 .text._fflush_r
                0x000000000800b2ac       0x78 /opt/st/stm32cubeide_1.9.0_2/plugins/com.st.stm32cube.ide.mcu.externaltools.gnu-tools-for-stm32.10.3-2021.10.linux64_1.0.0.202111181127/tools/bin/../lib/gcc/arm-none-eabi/10.3.1/../../../../arm-none-eabi/lib/thumb/v7e-m+fp/hard/libc_nano.a(lib_a-fflush.o)
                0x000000000800b2ac                _fflush_r
 .text.fflush   0x000000000800b324       0x24 /opt/st/stm32cubeide_1.9.0_2/plugins/com.st.stm32cube.ide.mcu.externaltools.gnu-tools-for-stm32.10.3-2021.10.linux64_1.0.0.202111181127/tools/bin/../lib/gcc/arm-none-eabi/10.3.1/../../../../arm-none-eabi/lib/thumb/v7e-m+fp/hard/libc_nano.a(lib_a-fflush.o)
                0x000000000800b324                fflush
 .text.std      0x000000000800b348       0x48 /opt/st/stm32cubeide_1.9.0_2/plugins/com.st.stm32cube.ide.mcu.externaltools.gnu-tools-for-stm32.10.3-2021.10.linux64_1.0.0.202111181127/tools/bin/../lib/gcc/arm-none-eabi/10.3.1/../../../../arm-none-eabi/lib/thumb/v7e-m+fp/hard/libc_nano.a(lib_a-findfp.o)
 .text._cleanup_r
                0x000000000800b390        0xc /opt/st/stm32cubeide_1.9.0_2/plugins/com.st.stm32cube.ide.mcu.externaltools.gnu-tools-for-stm32.10.3-2021.10.linux64_1.0.0.202111181127/tools/bin/../lib/gcc/arm-none-eabi/10.3.1/../../../../arm-none-eabi/lib/thumb/v7e-m+fp/hard/libc_nano.a(lib_a-findfp.o)
                0x000000000800b390                _cleanup_r
 .text.__sfmoreglue
                0x000000000800b39c       0x2c /opt/st/stm32cubeide_1.9.0_2/plugins/com.st.stm32cube.ide.mcu.externaltools.gnu-tools-for-stm32.10.3-2021.10.linux64_1.0.0.202111181127/tools/bin/../lib/gcc/arm-none-eabi/10.3.1/../../../../arm-none-eabi/lib/thumb/v7e-m+fp/hard/libc_nano.a(lib_a-findfp.o)
                0x000000000800b39c                __sfmoreglue
 .text.__sfp_lock_acquire
                0x000000000800b3c8        0xc /opt/st/stm32cubeide_1.9.0_2/plugins/com.st.stm32cube.ide.mcu.externaltools.gnu-tools-for-stm32.10.3-2021.10.linux64_1.0.0.202111181127/tools/bin/../lib/gcc/arm-none-eabi/10.3.1/../../../../arm-none-eabi/lib/thumb/v7e-m+fp/hard/libc_nano.a(lib_a-findfp.o)
                0x000000000800b3c8                __sfp_lock_acquire
 .text.__sfp_lock_release
                0x000000000800b3d4        0xc /opt/st/stm32cubeide_1.9.0_2/plugins/com.st.stm32cube.ide.mcu.externaltools.gnu-tools-for-stm32.10.3-2021.10.linux64_1.0.0.202111181127/tools/bin/../lib/gcc/arm-none-eabi/10.3.1/../../../../arm-none-eabi/lib/thumb/v7e-m+fp/hard/libc_nano.a(lib_a-findfp.o)
                0x000000000800b3d4                __sfp_lock_release
 .text.__sinit_lock_acquire
                0x000000000800b3e0        0xc /opt/st/stm32cubeide_1.9.0_2/plugins/com.st.stm32cube.ide.mcu.externaltools.gnu-tools-for-stm32.10.3-2021.10.linux64_1.0.0.202111181127/tools/bin/../lib/gcc/arm-none-eabi/10.3.1/../../../../arm-none-eabi/lib/thumb/v7e-m+fp/hard/libc_nano.a(lib_a-findfp.o)
                0x000000000800b3e0                __sinit_lock_acquire
 .text.__sinit_lock_release
                0x000000000800b3ec        0xc /opt/st/stm32cubeide_1.9.0_2/plugins/com.st.stm32cube.ide.mcu.externaltools.gnu-tools-for-stm32.10.3-2021.10.linux64_1.0.0.202111181127/tools/bin/../lib/gcc/arm-none-eabi/10.3.1/../../../../arm-none-eabi/lib/thumb/v7e-m+fp/hard/libc_nano.a(lib_a-findfp.o)
                0x000000000800b3ec                __sinit_lock_release
 .text.__sinit  0x000000000800b3f8       0x70 /opt/st/stm32cubeide_1.9.0_2/plugins/com.st.stm32cube.ide.mcu.externaltools.gnu-tools-for-stm32.10.3-2021.10.linux64_1.0.0.202111181127/tools/bin/../lib/gcc/arm-none-eabi/10.3.1/../../../../arm-none-eabi/lib/thumb/v7e-m+fp/hard/libc_nano.a(lib_a-findfp.o)
                0x000000000800b3f8                __sinit
 .text.__sfp    0x000000000800b468       0x8c /opt/st/stm32cubeide_1.9.0_2/plugins/com.st.stm32cube.ide.mcu.externaltools.gnu-tools-for-stm32.10.3-2021.10.linux64_1.0.0.202111181127/tools/bin/../lib/gcc/arm-none-eabi/10.3.1/../../../../arm-none-eabi/lib/thumb/v7e-m+fp/hard/libc_nano.a(lib_a-findfp.o)
                0x000000000800b468                __sfp
 .text.fprintf  0x000000000800b4f4       0x24 /opt/st/stm32cubeide_1.9.0_2/plugins/com.st.stm32cube.ide.mcu.externaltools.gnu-tools-for-stm32.10.3-2021.10.linux64_1.0.0.202111181127/tools/bin/../lib/gcc/arm-none-eabi/10.3.1/../../../../arm-none-eabi/lib/thumb/v7e-m+fp/hard/libc_nano.a(lib_a-fprintf.o)
                0x000000000800b4f4                fprintf
                0x000000000800b4f4                fiprintf
 .text._fwalk_reent
                0x000000000800b518       0x3e /opt/st/stm32cubeide_1.9.0_2/plugins/com.st.stm32cube.ide.mcu.externaltools.gnu-tools-for-stm32.10.3-2021.10.linux64_1.0.0.202111181127/tools/bin/../lib/gcc/arm-none-eabi/10.3.1/../../../../arm-none-eabi/lib/thumb/v7e-m+fp/hard/libc_nano.a(lib_a-fwalk.o)
                0x000000000800b518                _fwalk_reent
 *fill*         0x000000000800b556        0x2 
 .text.__libc_init_array
                0x000000000800b558       0x48 /opt/st/stm32cubeide_1.9.0_2/plugins/com.st.stm32cube.ide.mcu.externaltools.gnu-tools-for-stm32.10.3-2021.10.linux64_1.0.0.202111181127/tools/bin/../lib/gcc/arm-none-eabi/10.3.1/../../../../arm-none-eabi/lib/thumb/v7e-m+fp/hard/libc_nano.a(lib_a-init.o)
                0x000000000800b558                __libc_init_array
 .text.__retarget_lock_init_recursive
                0x000000000800b5a0        0x2 /opt/st/stm32cubeide_1.9.0_2/plugins/com.st.stm32cube.ide.mcu.externaltools.gnu-tools-for-stm32.10.3-2021.10.linux64_1.0.0.202111181127/tools/bin/../lib/gcc/arm-none-eabi/10.3.1/../../../../arm-none-eabi/lib/thumb/v7e-m+fp/hard/libc_nano.a(lib_a-lock.o)
                0x000000000800b5a0                __retarget_lock_init_recursive
 .text.__retarget_lock_acquire_recursive
                0x000000000800b5a2        0x2 /opt/st/stm32cubeide_1.9.0_2/plugins/com.st.stm32cube.ide.mcu.externaltools.gnu-tools-for-stm32.10.3-2021.10.linux64_1.0.0.202111181127/tools/bin/../lib/gcc/arm-none-eabi/10.3.1/../../../../arm-none-eabi/lib/thumb/v7e-m+fp/hard/libc_nano.a(lib_a-lock.o)
                0x000000000800b5a2                __retarget_lock_acquire_recursive
 .text.__retarget_lock_release_recursive
                0x000000000800b5a4        0x2 /opt/st/stm32cubeide_1.9.0_2/plugins/com.st.stm32cube.ide.mcu.externaltools.gnu-tools-for-stm32.10.3-2021.10.linux64_1.0.0.202111181127/tools/bin/../lib/gcc/arm-none-eabi/10.3.1/../../../../arm-none-eabi/lib/thumb/v7e-m+fp/hard/libc_nano.a(lib_a-lock.o)
                0x000000000800b5a4                __retarget_lock_release_recursive
 *fill*         0x000000000800b5a6        0x2 
 .text.malloc   0x000000000800b5a8       0x10 /opt/st/stm32cubeide_1.9.0_2/plugins/com.st.stm32cube.ide.mcu.externaltools.gnu-tools-for-stm32.10.3-2021.10.linux64_1.0.0.202111181127/tools/bin/../lib/gcc/arm-none-eabi/10.3.1/../../../../arm-none-eabi/lib/thumb/v7e-m+fp/hard/libc_nano.a(lib_a-malloc.o)
                0x000000000800b5a8                malloc
 .text.free     0x000000000800b5b8       0x10 /opt/st/stm32cubeide_1.9.0_2/plugins/com.st.stm32cube.ide.mcu.externaltools.gnu-tools-for-stm32.10.3-2021.10.linux64_1.0.0.202111181127/tools/bin/../lib/gcc/arm-none-eabi/10.3.1/../../../../arm-none-eabi/lib/thumb/v7e-m+fp/hard/libc_nano.a(lib_a-malloc.o)
                0x000000000800b5b8                free
 .text.memcmp   0x000000000800b5c8       0x20 /opt/st/stm32cubeide_1.9.0_2/plugins/com.st.stm32cube.ide.mcu.externaltools.gnu-tools-for-stm32.10.3-2021.10.linux64_1.0.0.202111181127/tools/bin/../lib/gcc/arm-none-eabi/10.3.1/../../../../arm-none-eabi/lib/thumb/v7e-m+fp/hard/libc_nano.a(lib_a-memcmp.o)
                0x000000000800b5c8                memcmp
 .text.memcpy   0x000000000800b5e8       0x1c /opt/st/stm32cubeide_1.9.0_2/plugins/com.st.stm32cube.ide.mcu.externaltools.gnu-tools-for-stm32.10.3-2021.10.linux64_1.0.0.202111181127/tools/bin/../lib/gcc/arm-none-eabi/10.3.1/../../../../arm-none-eabi/lib/thumb/v7e-m+fp/hard/libc_nano.a(lib_a-memcpy-stub.o)
                0x000000000800b5e8                memcpy
 .text.memmove  0x000000000800b604       0x34 /opt/st/stm32cubeide_1.9.0_2/plugins/com.st.stm32cube.ide.mcu.externaltools.gnu-tools-for-stm32.10.3-2021.10.linux64_1.0.0.202111181127/tools/bin/../lib/gcc/arm-none-eabi/10.3.1/../../../../arm-none-eabi/lib/thumb/v7e-m+fp/hard/libc_nano.a(lib_a-memmove.o)
                0x000000000800b604                memmove
 .text.memset   0x000000000800b638       0x10 /opt/st/stm32cubeide_1.9.0_2/plugins/com.st.stm32cube.ide.mcu.externaltools.gnu-tools-for-stm32.10.3-2021.10.linux64_1.0.0.202111181127/tools/bin/../lib/gcc/arm-none-eabi/10.3.1/../../../../arm-none-eabi/lib/thumb/v7e-m+fp/hard/libc_nano.a(lib_a-memset.o)
                0x000000000800b638                memset
 .text._free_r  0x000000000800b648       0x98 /opt/st/stm32cubeide_1.9.0_2/plugins/com.st.stm32cube.ide.mcu.externaltools.gnu-tools-for-stm32.10.3-2021.10.linux64_1.0.0.202111181127/tools/bin/../lib/gcc/arm-none-eabi/10.3.1/../../../../arm-none-eabi/lib/thumb/v7e-m+fp/hard/libc_nano.a(lib_a-nano-freer.o)
                0x000000000800b648                _free_r
 .text.sbrk_aligned
                0x000000000800b6e0       0x40 /opt/st/stm32cubeide_1.9.0_2/plugins/com.st.stm32cube.ide.mcu.externaltools.gnu-tools-for-stm32.10.3-2021.10.linux64_1.0.0.202111181127/tools/bin/../lib/gcc/arm-none-eabi/10.3.1/../../../../arm-none-eabi/lib/thumb/v7e-m+fp/hard/libc_nano.a(lib_a-nano-mallocr.o)
 .text._malloc_r
                0x000000000800b720       0xe8 /opt/st/stm32cubeide_1.9.0_2/plugins/com.st.stm32cube.ide.mcu.externaltools.gnu-tools-for-stm32.10.3-2021.10.linux64_1.0.0.202111181127/tools/bin/../lib/gcc/arm-none-eabi/10.3.1/../../../../arm-none-eabi/lib/thumb/v7e-m+fp/hard/libc_nano.a(lib_a-nano-mallocr.o)
                0x000000000800b720                _malloc_r
 .text.__sfputc_r
                0x000000000800b808       0x2e /opt/st/stm32cubeide_1.9.0_2/plugins/com.st.stm32cube.ide.mcu.externaltools.gnu-tools-for-stm32.10.3-2021.10.linux64_1.0.0.202111181127/tools/bin/../lib/gcc/arm-none-eabi/10.3.1/../../../../arm-none-eabi/lib/thumb/v7e-m+fp/hard/libc_nano.a(lib_a-nano-vfprintf.o)
 .text.__sfputs_r
                0x000000000800b836       0x24 /opt/st/stm32cubeide_1.9.0_2/plugins/com.st.stm32cube.ide.mcu.externaltools.gnu-tools-for-stm32.10.3-2021.10.linux64_1.0.0.202111181127/tools/bin/../lib/gcc/arm-none-eabi/10.3.1/../../../../arm-none-eabi/lib/thumb/v7e-m+fp/hard/libc_nano.a(lib_a-nano-vfprintf.o)
                0x000000000800b836                __sfputs_r
 *fill*         0x000000000800b85a        0x2 
 .text._vfprintf_r
                0x000000000800b85c      0x260 /opt/st/stm32cubeide_1.9.0_2/plugins/com.st.stm32cube.ide.mcu.externaltools.gnu-tools-for-stm32.10.3-2021.10.linux64_1.0.0.202111181127/tools/bin/../lib/gcc/arm-none-eabi/10.3.1/../../../../arm-none-eabi/lib/thumb/v7e-m+fp/hard/libc_nano.a(lib_a-nano-vfprintf.o)
                0x000000000800b85c                _vfiprintf_r
                0x000000000800b85c                _vfprintf_r
 .text.__cvt    0x000000000800babc       0xc4 /opt/st/stm32cubeide_1.9.0_2/plugins/com.st.stm32cube.ide.mcu.externaltools.gnu-tools-for-stm32.10.3-2021.10.linux64_1.0.0.202111181127/tools/bin/../lib/gcc/arm-none-eabi/10.3.1/../../../../arm-none-eabi/lib/thumb/v7e-m+fp/hard/libc_nano.a(lib_a-nano-vfprintf_float.o)
                0x000000000800babc                __cvt
 .text.__exponent
                0x000000000800bb80       0x7c /opt/st/stm32cubeide_1.9.0_2/plugins/com.st.stm32cube.ide.mcu.externaltools.gnu-tools-for-stm32.10.3-2021.10.linux64_1.0.0.202111181127/tools/bin/../lib/gcc/arm-none-eabi/10.3.1/../../../../arm-none-eabi/lib/thumb/v7e-m+fp/hard/libc_nano.a(lib_a-nano-vfprintf_float.o)
                0x000000000800bb80                __exponent
 .text._printf_float
                0x000000000800bbfc      0x46c /opt/st/stm32cubeide_1.9.0_2/plugins/com.st.stm32cube.ide.mcu.externaltools.gnu-tools-for-stm32.10.3-2021.10.linux64_1.0.0.202111181127/tools/bin/../lib/gcc/arm-none-eabi/10.3.1/../../../../arm-none-eabi/lib/thumb/v7e-m+fp/hard/libc_nano.a(lib_a-nano-vfprintf_float.o)
                0x000000000800bbfc                _printf_float
 .text._printf_common
                0x000000000800c068       0xda /opt/st/stm32cubeide_1.9.0_2/plugins/com.st.stm32cube.ide.mcu.externaltools.gnu-tools-for-stm32.10.3-2021.10.linux64_1.0.0.202111181127/tools/bin/../lib/gcc/arm-none-eabi/10.3.1/../../../../arm-none-eabi/lib/thumb/v7e-m+fp/hard/libc_nano.a(lib_a-nano-vfprintf_i.o)
                0x000000000800c068                _printf_common
 *fill*         0x000000000800c142        0x2 
 .text._printf_i
                0x000000000800c144      0x24c /opt/st/stm32cubeide_1.9.0_2/plugins/com.st.stm32cube.ide.mcu.externaltools.gnu-tools-for-stm32.10.3-2021.10.linux64_1.0.0.202111181127/tools/bin/../lib/gcc/arm-none-eabi/10.3.1/../../../../arm-none-eabi/lib/thumb/v7e-m+fp/hard/libc_nano.a(lib_a-nano-vfprintf_i.o)
                0x000000000800c144                _printf_i
 .text._scanf_float
                0x000000000800c390      0x420 /opt/st/stm32cubeide_1.9.0_2/plugins/com.st.stm32cube.ide.mcu.externaltools.gnu-tools-for-stm32.10.3-2021.10.linux64_1.0.0.202111181127/tools/bin/../lib/gcc/arm-none-eabi/10.3.1/../../../../arm-none-eabi/lib/thumb/v7e-m+fp/hard/libc_nano.a(lib_a-nano-vfscanf_float.o)
                0x000000000800c390                _scanf_float
 .text.printf   0x000000000800c7b0       0x30 /opt/st/stm32cubeide_1.9.0_2/plugins/com.st.stm32cube.ide.mcu.externaltools.gnu-tools-for-stm32.10.3-2021.10.linux64_1.0.0.202111181127/tools/bin/../lib/gcc/arm-none-eabi/10.3.1/../../../../arm-none-eabi/lib/thumb/v7e-m+fp/hard/libc_nano.a(lib_a-printf.o)
                0x000000000800c7b0                printf
                0x000000000800c7b0                iprintf
 .text.putchar  0x000000000800c7e0       0x2c /opt/st/stm32cubeide_1.9.0_2/plugins/com.st.stm32cube.ide.mcu.externaltools.gnu-tools-for-stm32.10.3-2021.10.linux64_1.0.0.202111181127/tools/bin/../lib/gcc/arm-none-eabi/10.3.1/../../../../arm-none-eabi/lib/thumb/v7e-m+fp/hard/libc_nano.a(lib_a-putchar.o)
                0x000000000800c7e0                putchar
 .text._puts_r  0x000000000800c80c       0xdc /opt/st/stm32cubeide_1.9.0_2/plugins/com.st.stm32cube.ide.mcu.externaltools.gnu-tools-for-stm32.10.3-2021.10.linux64_1.0.0.202111181127/tools/bin/../lib/gcc/arm-none-eabi/10.3.1/../../../../arm-none-eabi/lib/thumb/v7e-m+fp/hard/libc_nano.a(lib_a-puts.o)
                0x000000000800c80c                _puts_r
 .text.puts     0x000000000800c8e8       0x10 /opt/st/stm32cubeide_1.9.0_2/plugins/com.st.stm32cube.ide.mcu.externaltools.gnu-tools-for-stm32.10.3-2021.10.linux64_1.0.0.202111181127/tools/bin/../lib/gcc/arm-none-eabi/10.3.1/../../../../arm-none-eabi/lib/thumb/v7e-m+fp/hard/libc_nano.a(lib_a-puts.o)
                0x000000000800c8e8                puts
 .text._sbrk_r  0x000000000800c8f8       0x20 /opt/st/stm32cubeide_1.9.0_2/plugins/com.st.stm32cube.ide.mcu.externaltools.gnu-tools-for-stm32.10.3-2021.10.linux64_1.0.0.202111181127/tools/bin/../lib/gcc/arm-none-eabi/10.3.1/../../../../arm-none-eabi/lib/thumb/v7e-m+fp/hard/libc_nano.a(lib_a-sbrkr.o)
                0x000000000800c8f8                _sbrk_r
 .text._raise_r
                0x000000000800c918       0x50 /opt/st/stm32cubeide_1.9.0_2/plugins/com.st.stm32cube.ide.mcu.externaltools.gnu-tools-for-stm32.10.3-2021.10.linux64_1.0.0.202111181127/tools/bin/../lib/gcc/arm-none-eabi/10.3.1/../../../../arm-none-eabi/lib/thumb/v7e-m+fp/hard/libc_nano.a(lib_a-signal.o)
                0x000000000800c918                _raise_r
 .text.raise    0x000000000800c968       0x10 /opt/st/stm32cubeide_1.9.0_2/plugins/com.st.stm32cube.ide.mcu.externaltools.gnu-tools-for-stm32.10.3-2021.10.linux64_1.0.0.202111181127/tools/bin/../lib/gcc/arm-none-eabi/10.3.1/../../../../arm-none-eabi/lib/thumb/v7e-m+fp/hard/libc_nano.a(lib_a-signal.o)
                0x000000000800c968                raise
 .text._kill_r  0x000000000800c978       0x24 /opt/st/stm32cubeide_1.9.0_2/plugins/com.st.stm32cube.ide.mcu.externaltools.gnu-tools-for-stm32.10.3-2021.10.linux64_1.0.0.202111181127/tools/bin/../lib/gcc/arm-none-eabi/10.3.1/../../../../arm-none-eabi/lib/thumb/v7e-m+fp/hard/libc_nano.a(lib_a-signalr.o)
                0x000000000800c978                _kill_r
 .text._getpid_r
                0x000000000800c99c        0x4 /opt/st/stm32cubeide_1.9.0_2/plugins/com.st.stm32cube.ide.mcu.externaltools.gnu-tools-for-stm32.10.3-2021.10.linux64_1.0.0.202111181127/tools/bin/../lib/gcc/arm-none-eabi/10.3.1/../../../../arm-none-eabi/lib/thumb/v7e-m+fp/hard/libc_nano.a(lib_a-signalr.o)
                0x000000000800c99c                _getpid_r
 .text.sprintf  0x000000000800c9a0       0x40 /opt/st/stm32cubeide_1.9.0_2/plugins/com.st.stm32cube.ide.mcu.externaltools.gnu-tools-for-stm32.10.3-2021.10.linux64_1.0.0.202111181127/tools/bin/../lib/gcc/arm-none-eabi/10.3.1/../../../../arm-none-eabi/lib/thumb/v7e-m+fp/hard/libc_nano.a(lib_a-sprintf.o)
                0x000000000800c9a0                sprintf
                0x000000000800c9a0                siprintf
 .text.__sread  0x000000000800c9e0       0x22 /opt/st/stm32cubeide_1.9.0_2/plugins/com.st.stm32cube.ide.mcu.externaltools.gnu-tools-for-stm32.10.3-2021.10.linux64_1.0.0.202111181127/tools/bin/../lib/gcc/arm-none-eabi/10.3.1/../../../../arm-none-eabi/lib/thumb/v7e-m+fp/hard/libc_nano.a(lib_a-stdio.o)
                0x000000000800c9e0                __sread
 .text.__swrite
                0x000000000800ca02       0x38 /opt/st/stm32cubeide_1.9.0_2/plugins/com.st.stm32cube.ide.mcu.externaltools.gnu-tools-for-stm32.10.3-2021.10.linux64_1.0.0.202111181127/tools/bin/../lib/gcc/arm-none-eabi/10.3.1/../../../../arm-none-eabi/lib/thumb/v7e-m+fp/hard/libc_nano.a(lib_a-stdio.o)
                0x000000000800ca02                __swrite
 .text.__sseek  0x000000000800ca3a       0x24 /opt/st/stm32cubeide_1.9.0_2/plugins/com.st.stm32cube.ide.mcu.externaltools.gnu-tools-for-stm32.10.3-2021.10.linux64_1.0.0.202111181127/tools/bin/../lib/gcc/arm-none-eabi/10.3.1/../../../../arm-none-eabi/lib/thumb/v7e-m+fp/hard/libc_nano.a(lib_a-stdio.o)
                0x000000000800ca3a                __sseek
 .text.__sclose
                0x000000000800ca5e        0x8 /opt/st/stm32cubeide_1.9.0_2/plugins/com.st.stm32cube.ide.mcu.externaltools.gnu-tools-for-stm32.10.3-2021.10.linux64_1.0.0.202111181127/tools/bin/../lib/gcc/arm-none-eabi/10.3.1/../../../../arm-none-eabi/lib/thumb/v7e-m+fp/hard/libc_nano.a(lib_a-stdio.o)
                0x000000000800ca5e                __sclose
 .text.strcpy   0x000000000800ca66       0x10 /opt/st/stm32cubeide_1.9.0_2/plugins/com.st.stm32cube.ide.mcu.externaltools.gnu-tools-for-stm32.10.3-2021.10.linux64_1.0.0.202111181127/tools/bin/../lib/gcc/arm-none-eabi/10.3.1/../../../../arm-none-eabi/lib/thumb/v7e-m+fp/hard/libc_nano.a(lib_a-strcpy.o)
                0x000000000800ca66                strcpy
 .text.strstr   0x000000000800ca76       0x2c /opt/st/stm32cubeide_1.9.0_2/plugins/com.st.stm32cube.ide.mcu.externaltools.gnu-tools-for-stm32.10.3-2021.10.linux64_1.0.0.202111181127/tools/bin/../lib/gcc/arm-none-eabi/10.3.1/../../../../arm-none-eabi/lib/thumb/v7e-m+fp/hard/libc_nano.a(lib_a-strstr.o)
                0x000000000800ca76                strstr
 .text.sulp     0x000000000800caa2       0x38 /opt/st/stm32cubeide_1.9.0_2/plugins/com.st.stm32cube.ide.mcu.externaltools.gnu-tools-for-stm32.10.3-2021.10.linux64_1.0.0.202111181127/tools/bin/../lib/gcc/arm-none-eabi/10.3.1/../../../../arm-none-eabi/lib/thumb/v7e-m+fp/hard/libc_nano.a(lib_a-strtod.o)
 *fill*         0x000000000800cada        0x6 
 .text._strtod_l
                0x000000000800cae0      0xc0c /opt/st/stm32cubeide_1.9.0_2/plugins/com.st.stm32cube.ide.mcu.externaltools.gnu-tools-for-stm32.10.3-2021.10.linux64_1.0.0.202111181127/tools/bin/../lib/gcc/arm-none-eabi/10.3.1/../../../../arm-none-eabi/lib/thumb/v7e-m+fp/hard/libc_nano.a(lib_a-strtod.o)