/opt/st/stm32cubeide_1.9.0_2/plugins/com.st.stm32cube.ide.mcu.externaltools.gnu-tools-for-stm32.10.3-2021.10.linux64_1.0.0.202111181127/tools/arm-none-eabi/include/c++/10.3.1/arm-none-eabi/thumb/v7e-m+fp/hard/bits/gthr-default.h:229:1:int __gthread_key_delete(__gthread_key_t)	16	static
/opt/st/stm32cubeide_1.9.0_2/plugins/com.st.stm32cube.ide.mcu.externaltools.gnu-tools-for-stm32.10.3-2021.10.linux64_1.0.0.202111181127/tools/arm-none-eabi/include/c++/10.3.1/bits/std_abs.h:75:3:constexpr float std::abs(float)	16	static
/opt/st/stm32cubeide_1.9.0_2/plugins/com.st.stm32cube.ide.mcu.externaltools.gnu-tools-for-stm32.10.3-2021.10.linux64_1.0.0.202111181127/tools/arm-none-eabi/include/c++/10.3.1/cmath:106:3:constexpr float std::asin(float)	16	static
/opt/st/stm32cubeide_1.9.0_2/plugins/com.st.stm32cube.ide.mcu.externaltools.gnu-tools-for-stm32.10.3-2021.10.linux64_1.0.0.202111181127/tools/arm-none-eabi/include/c++/10.3.1/cmath:144:3:constexpr float std::atan2(float, float)	16	static
/opt/st/stm32cubeide_1.9.0_2/plugins/com.st.stm32cube.ide.mcu.externaltools.gnu-tools-for-stm32.10.3-2021.10.linux64_1.0.0.202111181127/tools/arm-none-eabi/include/c++/10.3.1/cmath:463:3:constexpr float std::sqrt(float)	16	static
../Core/Src/ICM20948_WE.cpp:34:1:ICM20948_WE::ICM20948_WE(I2C_HandleTypeDef*, int)	24	static
../Core/Src/ICM20948_WE.cpp:39:1:ICM20948_WE::ICM20948_WE(I2C_HandleTypeDef*)	16	static
../Core/Src/ICM20948_WE.cpp:46:6:bool ICM20948_WE::init()	16	static
../Core/Src/ICM20948_WE.cpp:71:6:void ICM20948_WE::autoOffsets()	48	static
../Core/Src/ICM20948_WE.cpp:112:6:void ICM20948_WE::setAccOffsets(float, float, float, float, float, float)	40	static
../Core/Src/ICM20948_WE.cpp:122:6:void ICM20948_WE::setGyrOffsets(float, float, float)	24	static
../Core/Src/ICM20948_WE.cpp:128:9:uint8_t ICM20948_WE::whoAmI()	16	static
../Core/Src/ICM20948_WE.cpp:132:6:void ICM20948_WE::enableAcc(bool)	16	static
../Core/Src/ICM20948_WE.cpp:142:6:void ICM20948_WE::setAccRange(ICM20948_accRange)	16	static
../Core/Src/ICM20948_WE.cpp:150:6:void ICM20948_WE::setAccDLPF(ICM20948_dlpf)	16	static
../Core/Src/ICM20948_WE.cpp:164:6:void ICM20948_WE::setAccSampleRateDivider(uint16_t)	16	static
../Core/Src/ICM20948_WE.cpp:168:6:void ICM20948_WE::enableGyr(bool)	16	static
../Core/Src/ICM20948_WE.cpp:178:6:void ICM20948_WE::setGyrRange(ICM20948_gyroRange)	16	static
../Core/Src/ICM20948_WE.cpp:186:6:void ICM20948_WE::setGyrDLPF(ICM20948_dlpf)	16	static
../Core/Src/ICM20948_WE.cpp:200:6:void ICM20948_WE::setGyrSampleRateDivider(uint8_t)	16	static
../Core/Src/ICM20948_WE.cpp:204:6:void ICM20948_WE::setTempDLPF(ICM20948_dlpf)	16	static
../Core/Src/ICM20948_WE.cpp:208:6:void ICM20948_WE::setI2CMstSampleRate(uint8_t)	16	static
../Core/Src/ICM20948_WE.cpp:216:6:void ICM20948_WE::readSensor()	16	static
../Core/Src/ICM20948_WE.cpp:220:10:xyzFloat ICM20948_WE::getAccRawValues()	56	static
../Core/Src/ICM20948_WE.cpp:228:10:xyzFloat ICM20948_WE::getCorrectedAccRawValues()	56	static
../Core/Src/ICM20948_WE.cpp:235:10:xyzFloat ICM20948_WE::getGValues()	72	static
../Core/Src/ICM20948_WE.cpp:245:10:xyzFloat ICM20948_WE::getAccRawValuesFromFifo()	56	static
../Core/Src/ICM20948_WE.cpp:250:10:xyzFloat ICM20948_WE::getCorrectedAccRawValuesFromFifo()	56	static
../Core/Src/ICM20948_WE.cpp:257:10:xyzFloat ICM20948_WE::getGValuesFromFifo()	72	static
/opt/st/stm32cubeide_1.9.0_2/plugins/com.st.stm32cube.ide.mcu.externaltools.gnu-tools-for-stm32.10.3-2021.10.linux64_1.0.0.202111181127/tools/arm-none-eabi/include/c++/10.3.1/cmath:415:5:constexpr typename __gnu_cxx::__promote_2<_Tp, _Up>::__type std::pow(_Tp, _Up) [with _Tp = float; _Up = int]	24	static
../Core/Src/ICM20948_WE.cpp:267:7:float ICM20948_WE::getResultantG(xyzFloat)	40	static
../Core/Src/ICM20948_WE.cpp:274:7:float ICM20948_WE::getTemperature()	24	static
../Core/Src/ICM20948_WE.cpp:281:10:xyzFloat ICM20948_WE::getGyrRawValues()	56	static
../Core/Src/ICM20948_WE.cpp:291:10:xyzFloat ICM20948_WE::getCorrectedGyrRawValues()	56	static
../Core/Src/ICM20948_WE.cpp:297:10:xyzFloat ICM20948_WE::getGyrValues()	56	static
../Core/Src/ICM20948_WE.cpp:307:10:xyzFloat ICM20948_WE::getGyrValuesFromFifo()	72	static
../Core/Src/ICM20948_WE.cpp:319:10:xyzFloat ICM20948_WE::getMagValues()	64	static
../Core/Src/ICM20948_WE.cpp:336:6:void ICM20948_WE::enableCycle(ICM20948_cycle)	16	static
../Core/Src/ICM20948_WE.cpp:344:6:void ICM20948_WE::enableLowPower(bool)	16	static
../Core/Src/ICM20948_WE.cpp:354:6:void ICM20948_WE::setGyrAverageInCycleMode(ICM20948_gyroAvgLowPower)	16	static
../Core/Src/ICM20948_WE.cpp:358:6:void ICM20948_WE::setAccAverageInCycleMode(ICM20948_accAvgLowPower)	16	static
../Core/Src/ICM20948_WE.cpp:362:6:void ICM20948_WE::sleep(bool)	16	static
../Core/Src/ICM20948_WE.cpp:374:10:xyzFloat ICM20948_WE::getAngles()	72	static
../Core/Src/ICM20948_WE.cpp:401:22:ICM20948_orientation ICM20948_WE::getOrientation()	32	static
../Core/Src/ICM20948_WE.cpp:428:13:std::string ICM20948_WE::getOrientationAsString()	24	static
../Core/Src/ICM20948_WE.cpp:454:7:float ICM20948_WE::getPitch()	40	static
../Core/Src/ICM20948_WE.cpp:462:7:float ICM20948_WE::getRoll()	32	static
../Core/Src/ICM20948_WE.cpp:470:6:void ICM20948_WE::setIntPinPolarity(ICM20948_intPinPol)	16	static
../Core/Src/ICM20948_WE.cpp:480:6:void ICM20948_WE::enableIntLatch(bool)	16	static
../Core/Src/ICM20948_WE.cpp:490:6:void ICM20948_WE::enableClearIntByAnyRead(bool)	16	static
../Core/Src/ICM20948_WE.cpp:500:6:void ICM20948_WE::setFSyncIntPolarity(ICM20948_intPinPol)	16	static
../Core/Src/ICM20948_WE.cpp:510:6:void ICM20948_WE::enableInterrupt(ICM20948_intType)	16	static
../Core/Src/ICM20948_WE.cpp:550:6:void ICM20948_WE::disableInterrupt(ICM20948_intType)	16	static
../Core/Src/ICM20948_WE.cpp:590:9:uint8_t ICM20948_WE::readAndClearInterrupts()	24	static
../Core/Src/ICM20948_WE.cpp:618:6:bool ICM20948_WE::checkInterrupt(uint8_t, ICM20948_intType)	16	static
../Core/Src/ICM20948_WE.cpp:622:6:void ICM20948_WE::setWakeOnMotionThreshold(uint8_t, ICM20948_womCompEn)	16	static
../Core/Src/ICM20948_WE.cpp:636:6:void ICM20948_WE::enableFifo(bool)	16	static
../Core/Src/ICM20948_WE.cpp:646:6:void ICM20948_WE::setFifoMode(ICM20948_fifoMode)	16	static
../Core/Src/ICM20948_WE.cpp:655:6:void ICM20948_WE::startFifo(ICM20948_fifoType)	16	static
../Core/Src/ICM20948_WE.cpp:660:6:void ICM20948_WE::stopFifo()	16	static
../Core/Src/ICM20948_WE.cpp:664:6:void ICM20948_WE::resetFifo()	16	static
../Core/Src/ICM20948_WE.cpp:669:9:int16_t ICM20948_WE::getFifoCount()	24	static
../Core/Src/ICM20948_WE.cpp:674:9:int16_t ICM20948_WE::getNumberOfFifoDataSets()	24	static
../Core/Src/ICM20948_WE.cpp:686:6:void ICM20948_WE::findFifoBegin()	32	static
../Core/Src/ICM20948_WE.cpp:705:6:bool ICM20948_WE::initMagnetometer()	16	static
../Core/Src/ICM20948_WE.cpp:722:9:int16_t ICM20948_WE::whoAmIMag()	16	static
../Core/Src/ICM20948_WE.cpp:726:6:void ICM20948_WE::setMagOpMode(AK09916_opMode)	16	static
../Core/Src/ICM20948_WE.cpp:734:6:void ICM20948_WE::resetMag()	16	static
../Core/Src/ICM20948_WE.cpp:743:6:void ICM20948_WE::setClockToAutoSelect()	16	static
../Core/Src/ICM20948_WE.cpp:750:10:xyzFloat ICM20948_WE::correctAccRawValues(xyzFloat)	56	static
../Core/Src/ICM20948_WE.cpp:761:10:xyzFloat ICM20948_WE::correctGyrRawValues(xyzFloat)	56	static
../Core/Src/ICM20948_WE.cpp:769:6:void ICM20948_WE::switchBank(uint8_t)	32	static
../Core/Src/ICM20948_WE.cpp:778:9:uint8_t ICM20948_WE::writeRegister8(uint8_t, uint8_t, uint8_t)	32	static
../Core/Src/ICM20948_WE.cpp:784:9:uint8_t ICM20948_WE::writeRegister16(uint8_t, uint8_t, int16_t)	32	static
../Core/Src/ICM20948_WE.cpp:792:9:uint8_t ICM20948_WE::readRegister8(uint8_t, uint8_t)	32	static
../Core/Src/ICM20948_WE.cpp:800:9:int16_t ICM20948_WE::readRegister16(uint8_t, uint8_t)	32	static
../Core/Src/ICM20948_WE.cpp:812:6:void ICM20948_WE::readAllData(uint8_t*)	32	static
../Core/Src/ICM20948_WE.cpp:820:10:xyzFloat ICM20948_WE::readICM20948xyzValFromFifo()	64	static
../Core/Src/ICM20948_WE.cpp:835:6:void ICM20948_WE::writeAK09916Register8(uint8_t, uint8_t)	16	static
../Core/Src/ICM20948_WE.cpp:841:9:uint8_t ICM20948_WE::readAK09916Register8(uint8_t)	16	static
../Core/Src/ICM20948_WE.cpp:848:9:int16_t ICM20948_WE::readAK09916Register16(uint8_t)	24	static
../Core/Src/ICM20948_WE.cpp:856:9:uint8_t ICM20948_WE::reset_ICM20948()	24	static
../Core/Src/ICM20948_WE.cpp:862:6:void ICM20948_WE::enableI2CMaster()	16	static
../Core/Src/ICM20948_WE.cpp:868:6:void ICM20948_WE::enableMagDataRead(uint8_t, uint8_t)	16	static
