/opt/st/stm32cubeide_1.9.0_2/plugins/com.st.stm32cube.ide.mcu.externaltools.gnu-tools-for-stm32.10.3-2021.10.linux64_1.0.0.202111181127/tools/arm-none-eabi/include/c++/10.3.1/arm-none-eabi/thumb/v7e-m+fp/hard/bits/gthr-default.h:229:1:int __gthread_key_delete(__gthread_key_t)	16	static
/opt/st/stm32cubeide_1.9.0_2/plugins/com.st.stm32cube.ide.mcu.externaltools.gnu-tools-for-stm32.10.3-2021.10.linux64_1.0.0.202111181127/tools/arm-none-eabi/include/c++/10.3.1/bits/basic_string.h:6568:3:int std::__cxx11::stoi(const string&, std::size_t*, int)	32	static
../Core/Src/main.cpp:72:9:uint8_t set_dutycycle(int, char**)	72	static
../Core/Src/main.cpp:83:9:uint8_t tilt_request(int, char**)	16	static
../Core/Src/main.cpp:122:5:int main()	96	static
../Core/Src/main.cpp:210:6:void SystemClock_Config()	88	static
../Core/Src/main.cpp:257:13:void MX_FDCAN1_Init()	8	static
../Core/Src/main.cpp:300:13:void MX_I2C3_Init()	8	static
../Core/Src/main.cpp:348:13:void MX_TIM5_Init()	64	static
../Core/Src/main.cpp:407:13:void MX_USART2_UART_Init()	8	static
../Core/Src/main.cpp:455:13:void MX_GPIO_Init()	48	static
../Core/Src/main.cpp:516:6:void Error_Handler()	4	static,ignoring_inline_asm
/opt/st/stm32cubeide_1.9.0_2/plugins/com.st.stm32cube.ide.mcu.externaltools.gnu-tools-for-stm32.10.3-2021.10.linux64_1.0.0.202111181127/tools/arm-none-eabi/include/c++/10.3.1/ext/string_conversions.h:63:2:)::_Save_errno::_Save_errno() [with _TRet = long int; _Ret = int; _CharT = char; _Base = {int}]	16	static
/opt/st/stm32cubeide_1.9.0_2/plugins/com.st.stm32cube.ide.mcu.externaltools.gnu-tools-for-stm32.10.3-2021.10.linux64_1.0.0.202111181127/tools/arm-none-eabi/include/c++/10.3.1/ext/string_conversions.h:64:2:)::_Save_errno::~_Save_errno() [with _TRet = long int; _Ret = int; _CharT = char; _Base = {int}]	16	static
/opt/st/stm32cubeide_1.9.0_2/plugins/com.st.stm32cube.ide.mcu.externaltools.gnu-tools-for-stm32.10.3-2021.10.linux64_1.0.0.202111181127/tools/arm-none-eabi/include/c++/10.3.1/ext/string_conversions.h:73:4:)::_Range_chk::_S_chk(_TRet, std::true_type) [with _TRet = long int; _Ret = int; _CharT = char; _Base = {int}]	16	static
/opt/st/stm32cubeide_1.9.0_2/plugins/com.st.stm32cube.ide.mcu.externaltools.gnu-tools-for-stm32.10.3-2021.10.linux64_1.0.0.202111181127/tools/arm-none-eabi/include/c++/10.3.1/ext/string_conversions.h:54:5:) [with _TRet = long int; _Ret = int; _CharT = char; _Base = {int}]	56	static
