../Core/Src/sys_command_line.c:121:5:_write	32	static
../Core/Src/sys_command_line.c:165:27:_isatty	16	static
../Core/Src/sys_command_line.c:188:13:cli_history_add	24	static
../Core/Src/sys_command_line.c:229:16:cli_history_show	24	static
../Core/Src/sys_command_line.c:266:6:cli_init	24	static
../Core/Src/sys_command_line.c:301:6:HAL_UART_RxCpltCallback	16	static
../Core/Src/sys_command_line.c:309:6:HAL_UART_TxCpltCallback	16	static
../Core/Src/sys_command_line.c:318:13:cli_rx_handle	80	static
../Core/Src/sys_command_line.c:503:13:cli_tx_handle	8	static
../Core/Src/sys_command_line.c:508:6:cli_run	8	static
../Core/Src/sys_command_line.c:514:6:greet	8	static
../Core/Src/sys_command_line.c:556:9:cli_help	24	static
../Core/Src/sys_command_line.c:590:9:cli_clear	16	static
../Core/Src/sys_command_line.c:614:9:cli_reset	16	static
../Core/Src/sys_command_line.c:626:6:cli_add_command	40	static
../Core/Src/sys_command_line.c:644:9:cli_log	32	static
../Core/Src/sys_command_line.c:698:6:cli_disable_log_entry	24	static
../Core/Src/sys_command_line.c:707:6:cli_enable_log_entry	24	static
